Component: Arm Compiler for Embedded 6.23 Tool: armlink [5f102400]

==============================================================================

Section Cross References

    main.o(.text.main) refers to main.o(.text.All_Init) for All_Init
    main.o(.text.main) refers to auto_menu.o(.text.menu_init) for menu_init
    main.o(.text.main) refers to zf_device_imu660ra.o(.text.imu660ra_init) for imu660ra_init
    main.o(.text.main) refers to zf_driver_pit.o(.text.pit_init) for pit_init
    main.o(.text.main) refers to zf_device_ips200.o(.text.ips200_set_color) for ips200_set_color
    main.o(.text.main) refers to zf_device_ips200.o(.text.ips200_show_int) for ips200_show_int
    main.o(.text.main) refers to auto_menu.o(.text.show_process) for show_process
    main.o(.text.main) refers to zf_device_ips200.o(.text.ips200_show_float) for ips200_show_float
    main.o(.text.main) refers to main.o(.text.OUTLINED_FUNCTION_1) for OUTLINED_FUNCTION_1
    main.o(.text.main) refers to yudeal.o(.text.GetOTSU) for GetOTSU
    main.o(.text.main) refers to yudeal.o(.text.Set_image_T) for Set_image_T
    main.o(.text.main) refers to image.o(.text.Protect) for Protect
    main.o(.text.main) refers to image.o(.text.Stop) for Stop
    main.o(.text.main) refers to image.o(.text.find_JD) for find_JD
    main.o(.text.main) refers to image.o(.text.find_BX) for find_BX
    main.o(.text.main) refers to image.o(.text.Deal_DX) for Deal_DX
    main.o(.text.main) refers to image.o(.text.Deal_Cross) for Deal_Cross
    main.o(.text.main) refers to image.o(.text.Deal_Circle_R) for Deal_Circle_R
    main.o(.text.main) refers to image.o(.text.find_ZX) for find_ZX
    main.o(.text.main) refers to image.o(.text.QZ_Limit) for QZ_Limit
    main.o(.text.main) refers to image.o(.text.M_Weight) for M_Weight
    main.o(.text.main) refers to ffixi.o(.text) for __aeabi_f2iz
    main.o(.text.main) refers to main.o(.text.OUTLINED_FUNCTION_0) for OUTLINED_FUNCTION_0
    main.o(.text.main) refers to image.o(.text.Draw_Line) for Draw_Line
    main.o(.text.main) refers to buzzer.o(.text.Buzzer) for Buzzer
    main.o(.text.main) refers to zf_common_clock.o(.data.system_clock) for system_clock
    main.o(.text.main) refers to pid.o(.data.Outer) for Outer
    main.o(.text.main) refers to auto_menu.o(.bss..L_MergedGlobals.28) for ZXMax
    main.o(.text.main) refers to encoder.o(.bss.ZX) for ZX
    main.o(.text.main) refers to main.o(.bss..L_MergedGlobals) for [Anonymous Symbol]
    main.o(.text.main) refers to zf_device_imu660ra.o(.bss..L_MergedGlobals) for imu660ra_gyro_z
    main.o(.text.main) refers to zf_device_mt9v03x.o(.bss.image_copy) for image_copy
    main.o(.text.main) refers to zf_device_mt9v03x.o(.bss.mt9v03x_image) for mt9v03x_image
    main.o(.text.main) refers to zf_device_mt9v03x.o(.bss.image) for image
    main.o(.text.main) refers to image.o(.bss..L_MergedGlobals.1) for Circle_Flag
    main.o(.text.main) refers to image.o(.bss.M_W_Finally) for M_W_Finally
    main.o(.text.main) refers to zf_device_mt9v03x.o(.bss.mt9v03x_finish_flag) for mt9v03x_finish_flag
    main.o(.ARM.exidx.text.main) refers to main.o(.text.main) for [Anonymous Symbol]
    main.o(.text.All_Init) refers to zf_common_clock.o(.text.clock_init) for clock_init
    main.o(.text.All_Init) refers to zf_common_debug.o(.text.debug_init) for debug_init
    main.o(.text.All_Init) refers to zf_driver_delay.o(.text.system_delay_ms) for system_delay_ms
    main.o(.text.All_Init) refers to zf_device_ips200.o(.text.ips200_init) for ips200_init
    main.o(.text.All_Init) refers to motor.o(.text.Motor_Init) for Motor_Init
    main.o(.text.All_Init) refers to encoder.o(.text.Encoder_Init) for Encoder_Init
    main.o(.text.All_Init) refers to buzzer.o(.text.Buzzer_Init) for Buzzer_Init
    main.o(.text.All_Init) refers to zf_device_mt9v03x.o(.text.mt9v03x_init) for mt9v03x_init
    main.o(.text.All_Init) refers to zf_device_ips200.o(.text.ips200_show_string) for ips200_show_string
    main.o(.text.All_Init) refers to zf_device_ips200.o(.text.ips200_clear) for ips200_clear
    main.o(.ARM.exidx.text.All_Init) refers to main.o(.text.All_Init) for [Anonymous Symbol]
    main.o(.text.pit7_handler) refers to zf_device_imu660ra.o(.text.imu660ra_get_gyro) for imu660ra_get_gyro
    main.o(.text.pit7_handler) refers to dflti.o(.text) for __aeabi_i2d
    main.o(.text.pit7_handler) refers to dmul.o(.text) for __aeabi_dmul
    main.o(.text.pit7_handler) refers to dadd.o(.text) for __aeabi_dadd
    main.o(.text.pit7_handler) refers to dfixi.o(.text) for __aeabi_d2iz
    main.o(.text.pit7_handler) refers to fflti.o(.text) for __aeabi_i2f
    main.o(.text.pit7_handler) refers to fmul.o(.text) for __aeabi_fmul
    main.o(.text.pit7_handler) refers to ffixi.o(.text) for __aeabi_f2iz
    main.o(.text.pit7_handler) refers to fadd.o(.text) for __aeabi_fadd
    main.o(.text.pit7_handler) refers to motor.o(.text.MotorL_SetSpeed) for MotorL_SetSpeed
[...]
    DMA1_Channel3_IRQHandler                 0x08000e5d   Thumb Code    20  isr.o(.text.DMA1_Channel3_IRQHandler)
    DMA1_Channel4_IRQHandler                 0x08000e71   Thumb Code    28  isr.o(.text.DMA1_Channel4_IRQHandler)
    DMA1_Channel5_IRQHandler                 0x08000e91   Thumb Code    20  isr.o(.text.DMA1_Channel5_IRQHandler)
    DMA1_Channel6_IRQHandler                 0x08000ea5   Thumb Code    20  isr.o(.text.DMA1_Channel6_IRQHandler)
    DMA1_Channel7_IRQHandler                 0x08000eb9   Thumb Code    20  isr.o(.text.DMA1_Channel7_IRQHandler)
    DMA2_Channel1_IRQHandler                 0x08000ed1   Thumb Code    20  isr.o(.text.DMA2_Channel1_IRQHandler)
    DMA2_Channel2_IRQHandler                 0x08000ee5   Thumb Code    20  isr.o(.text.DMA2_Channel2_IRQHandler)
    DMA2_Channel3_IRQHandler                 0x08000ef9   Thumb Code    20  isr.o(.text.DMA2_Channel3_IRQHandler)
    DMA2_Channel4_IRQHandler                 0x08000f0d   Thumb Code    20  isr.o(.text.DMA2_Channel4_IRQHandler)
    DMA2_Channel5_IRQHandler                 0x08000f21   Thumb Code    20  isr.o(.text.DMA2_Channel5_IRQHandler)
    Deal_Circle_R                            0x08000f39   Thumb Code   304  image.o(.text.Deal_Circle_R)
    Deal_Cross                               0x08001069   Thumb Code   240  image.o(.text.Deal_Cross)
    Deal_DX                                  0x0800115d   Thumb Code   120  image.o(.text.Deal_DX)
    Deal_GD                                  0x080011d5   Thumb Code   244  image.o(.text.Deal_GD)
    Draw_Line                                0x080012d1   Thumb Code   112  image.o(.text.Draw_Line)
    EXTI0_IRQHandler                         0x08001351   Thumb Code    12  isr.o(.text.EXTI0_IRQHandler)
    EXTI15_10_IRQHandler                     0x0800135d   Thumb Code   100  isr.o(.text.EXTI15_10_IRQHandler)
    EXTI1_IRQHandler                         0x080013c1   Thumb Code    12  isr.o(.text.EXTI1_IRQHandler)
    EXTI2_IRQHandler                         0x080013cd   Thumb Code    12  isr.o(.text.EXTI2_IRQHandler)
    EXTI3_IRQHandler                         0x080013d9   Thumb Code    12  isr.o(.text.EXTI3_IRQHandler)
    EXTI4_IRQHandler                         0x080013e5   Thumb Code    20  isr.o(.text.EXTI4_IRQHandler)
    EXTI9_5_IRQHandler                       0x080013f9   Thumb Code    84  isr.o(.text.EXTI9_5_IRQHandler)
    Encoder_Init                             0x08001455   Thumb Code    34  encoder.o(.text.Encoder_Init)
    FUN_INIT                                 0x08001479   Thumb Code    48  auto_menu.o(.text.FUN_INIT)
    Find_A                                   0x08001509   Thumb Code    32  image.o(.text.Find_A)
    Find_B                                   0x0800152d   Thumb Code    40  image.o(.text.Find_B)
    Find_C                                   0x08001555   Thumb Code    76  image.o(.text.Find_C)
    Find_D                                   0x080015a5   Thumb Code    88  image.o(.text.Find_D)
    GetOTSU                                  0x08001601   Thumb Code   348  yudeal.o(.text.GetOTSU)
    M_Weight                                 0x08001761   Thumb Code    52  image.o(.text.M_Weight)
    MotorL_SetSpeed                          0x080017a1   Thumb Code    68  motor.o(.text.MotorL_SetSpeed)
    MotorR_SetSpeed                          0x080017e5   Thumb Code    68  motor.o(.text.MotorR_SetSpeed)
    Motor_Init                               0x0800182d   Thumb Code    44  motor.o(.text.Motor_Init)
    Motor_Stop                               0x08001859   Thumb Code    24  motor.o(.text.Motor_Stop)
    NULL_FUN                                 0x08001879   Thumb Code     2  auto_menu.o(.text.NULL_FUN)
    PID_Update                               0x08001d01   Thumb Code    86  pid.o(.text.PID_Update)
    PID_UpdateImage                          0x08001d57   Thumb Code   122  pid.o(.text.PID_UpdateImage)
    Protect                                  0x08001dd1   Thumb Code    68  image.o(.text.Protect)
    QZ_Limit                                 0x08001e15   Thumb Code    40  image.o(.text.QZ_Limit)
    Set_image_T                              0x08001e41   Thumb Code    52  yudeal.o(.text.Set_image_T)
    Speed_Strategy                           0x08001e79   Thumb Code    76  encoder.o(.text.Speed_Strategy)
    Stop                                     0x08001ed9   Thumb Code   148  image.o(.text.Stop)
    SystemInit                               0x08001f79   Thumb Code     8  system_mm32f3277g.o(.text.SystemInit)
    TIM1_UP_IRQHandler                       0x08001f85   Thumb Code     8  isr.o(.text.TIM1_UP_IRQHandler)
    TIM2_IRQHandler                          0x08001f91   Thumb Code    12  isr.o(.text.TIM2_IRQHandler)
    TIM3_IRQHandler                          0x08001fa1   Thumb Code     8  isr.o(.text.TIM3_IRQHandler)
    TIM4_IRQHandler                          0x08001fad   Thumb Code     8  isr.o(.text.TIM4_IRQHandler)
    TIM5_IRQHandler                          0x08001fb9   Thumb Code     8  isr.o(.text.TIM5_IRQHandler)
    TIM6_IRQHandler                          0x08001fc5   Thumb Code     8  isr.o(.text.TIM6_IRQHandler)
    TIM7_IRQHandler                          0x08001fd1   Thumb Code    12  isr.o(.text.TIM7_IRQHandler)
    TIM8_UP_IRQHandler                       0x08001fe1   Thumb Code    12  isr.o(.text.TIM8_UP_IRQHandler)
    Type_Deal                                0x08001ff1   Thumb Code    48  image.o(.text.Type_Deal)
    UART1_IRQHandler                         0x08002025   Thumb Code    32  isr.o(.text.UART1_IRQHandler)
    UART2_IRQHandler                         0x08002049   Thumb Code    32  isr.o(.text.UART2_IRQHandler)
    UART3_IRQHandler                         0x0800206d   Thumb Code    32  isr.o(.text.UART3_IRQHandler)
    UART4_IRQHandler                         0x08002091   Thumb Code    32  isr.o(.text.UART4_IRQHandler)
    UART5_IRQHandler                         0x080020b5   Thumb Code    32  isr.o(.text.UART5_IRQHandler)
    UART6_IRQHandler                         0x080020d9   Thumb Code    32  isr.o(.text.UART6_IRQHandler)
    UART7_IRQHandler                         0x08002101   Thumb Code    32  isr.o(.text.UART7_IRQHandler)
    UART8_IRQHandler                         0x08002125   Thumb Code    32  isr.o(.text.UART8_IRQHandler)
    UNIT_SET                                 0x0800214d   Thumb Code   244  auto_menu.o(.text.UNIT_SET)
    View                                     0x080022e5   Thumb Code    28  auto_menu.o(.text.View)
    adc_convert                              0x08002301   Thumb Code    60  zf_driver_adc.o(.text.adc_convert)
    afio_init                                0x08002345   Thumb Code    92  zf_driver_gpio.o(.text.afio_init)
    assist_menu                              0x080023a9   Thumb Code   200  auto_menu.o(.text.assist_menu)
    button_entry                             0x08002475   Thumb Code   228  key.o(.text.button_entry)
    camera_fifo_init                         0x08002571   Thumb Code    16  zf_device_camera.o(.text.camera_fifo_init)
    camera_init                              0x08002585   Thumb Code    84  zf_device_camera.o(.text.camera_init)
    center_menu                              0x080025dd   Thumb Code   300  auto_menu.o(.text.center_menu)
    change_value                             0x0800271d   Thumb Code   320  auto_menu.o(.text.change_value)
    clock_init                               0x08002875   Thumb Code   436  zf_common_clock.o(.text.clock_init)
    dad_name_init                            0x08002a61   Thumb Code   136  auto_menu.o(.text.dad_name_init)
    day_night                                0x08002af1   Thumb Code    68  auto_menu.o(.text.day_night)
    debug_assert_handler                     0x08002b49   Thumb Code   180  zf_common_debug.o(.text.debug_assert_handler)
    debug_init                               0x08002c1d   Thumb Code    60  zf_common_debug.o(.text.debug_init)
    debug_log_handler                        0x08002c5d   Thumb Code    32  zf_common_debug.o(.text.debug_log_handler)
    debug_output_init                        0x08002ed1   Thumb Code    36  zf_common_debug.o(.text.debug_output_init)
    debug_output_struct_init                 0x08002ef9   Thumb Code    22  zf_common_debug.o(.text.debug_output_struct_init)
    dl1a_get_distance                        0x08002f19   Thumb Code    84  zf_device_dl1a.o(.text.dl1a_get_distance)
    dl1a_int_handler                         0x08002f75   Thumb Code     4  zf_device_dl1a.o(.text.dl1a_int_handler)
    dm1xa_light_callback                     0x08002f79   Thumb Code    24  zf_device_dm1xa.o(.text.dm1xa_light_callback)
    dm1xa_sound_callback                     0x08002f91   Thumb Code   124  zf_device_dm1xa.o(.text.dm1xa_sound_callback)
    dma_camera_init                          0x08003021   Thumb Code    88  zf_driver_dma.o(.text.dma_camera_init)
    dma_disable                              0x0800309d   Thumb Code    20  zf_driver_dma.o(.text.dma_disable)
    dma_enable                               0x080030b1   Thumb Code    20  zf_driver_dma.o(.text.dma_enable)
    dma_set_count                            0x080030c5   Thumb Code    28  zf_driver_dma.o(.text.dma_set_count)
    encoder_clear_count                      0x080030e5   Thumb Code    60  zf_driver_encoder.o(.text.encoder_clear_count)
    encoder_dir_init                         0x08003125   Thumb Code   156  zf_driver_encoder.o(.text.encoder_dir_init)
    encoder_get_count                        0x080031c1   Thumb Code    88  zf_driver_encoder.o(.text.encoder_get_count)
    encoder_quad_init                        0x08003221   Thumb Code   156  zf_driver_encoder.o(.text.encoder_quad_init)
    exti_init                                0x080032c9   Thumb Code   276  zf_driver_exti.o(.text.exti_init)
    fifo_clear                               0x080033f9   Thumb Code    88  zf_common_fifo.o(.text.fifo_clear)
    fifo_init                                0x08003475   Thumb Code    52  zf_common_fifo.o(.text.fifo_init)
    fifo_read_buffer                         0x080034a9   Thumb Code   260  zf_common_fifo.o(.text.fifo_read_buffer)
    fifo_used                                0x080035ad   Thumb Code    28  zf_common_fifo.o(.text.fifo_used)
    fifo_write_buffer                        0x080035c9   Thumb Code   252  zf_common_fifo.o(.text.fifo_write_buffer)
    fifo_write_element                       0x080036c5   Thumb Code   108  zf_common_fifo.o(.text.fifo_write_element)
    find_BX                                  0x08003735   Thumb Code   424  image.o(.text.find_BX)
    find_JD                                  0x080038dd   Thumb Code   316  image.o(.text.find_JD)
    find_ZX                                  0x08003a1d   Thumb Code    44  image.o(.text.find_ZX)
    flash_buffer_clear                       0x08003a55   Thumb Code    16  zf_driver_flash.o(.text.flash_buffer_clear)
    flash_check                              0x08003a65   Thumb Code    84  zf_driver_flash.o(.text.flash_check)
    flash_erase_page                         0x08003ab9   Thumb Code   160  zf_driver_flash.o(.text.flash_erase_page)
    flash_read_page_to_buffer                0x08003b5d   Thumb Code    68  zf_driver_flash.o(.text.flash_read_page_to_buffer)
    flash_write_page_from_buffer             0x08003ba1   Thumb Code   164  zf_driver_flash.o(.text.flash_write_page_from_buffer)
    fun_init                                 0x08003c59   Thumb Code   216  auto_menu.o(.text.fun_init)
    fun_menu                                 0x08003d39   Thumb Code    28  auto_menu.o(.text.fun_menu)
    func_float_to_str                        0x08003d59   Thumb Code   280  zf_common_function.o(.text.func_float_to_str)
    func_get_greatest_common_divisor         0x08003e75   Thumb Code    18  zf_common_function.o(.text.func_get_greatest_common_divisor)
    func_int_to_str                          0x08003e89   Thumb Code    84  zf_common_function.o(.text.func_int_to_str)
    func_uint_to_str                         0x08003edd   Thumb Code    68  zf_common_function.o(.text.func_uint_to_str)
    gpio_get_level                           0x08003f25   Thumb Code    28  zf_driver_gpio.o(.text.gpio_get_level)
    gpio_init                                0x08003f41   Thumb Code   132  zf_driver_gpio.o(.text.gpio_init)
    gpio_set_level                           0x08003fc9   Thumb Code    40  zf_driver_gpio.o(.text.gpio_set_level)
    gps_uart_callback                        0x08003ff1   Thumb Code   156  zf_device_gps_tau1201.o(.text.gps_uart_callback)
    imu660ra_get_gyro                        0x080040a1   Thumb Code    28  zf_device_imu660ra.o(.text.imu660ra_get_gyro)
    imu660ra_init                            0x080040c1   Thumb Code   232  zf_device_imu660ra.o(.text.imu660ra_init)
    index_xy_init                            0x08004271   Thumb Code   108  auto_menu.o(.text.index_xy_init)
    interrupt_disable                        0x080042e9   Thumb Code    36  zf_common_interrupt.o(.text.interrupt_disable)
    interrupt_enable                         0x08004311   Thumb Code    28  zf_common_interrupt.o(.text.interrupt_enable)
    interrupt_global_disable                 0x08004331   Thumb Code    16  zf_common_interrupt.o(.text.interrupt_global_disable)
    interrupt_global_enable                  0x08004341   Thumb Code    20  zf_common_interrupt.o(.text.interrupt_global_enable)
    interrupt_init                           0x08004359   Thumb Code    20  zf_common_interrupt.o(.text.interrupt_init)
    interrupt_set_priority                   0x08004375   Thumb Code    24  zf_common_interrupt.o(.text.interrupt_set_priority)
    ips200_clear                             0x08004395   Thumb Code   112  zf_device_ips200.o(.text.ips200_clear)
    ips200_draw_point                        0x08004405   Thumb Code   124  zf_device_ips200.o(.text.ips200_draw_point)
    ips200_init                              0x08004489   Thumb Code   668  zf_device_ips200.o(.text.ips200_init)
    ips200_set_color                         0x08004741   Thumb Code     8  zf_device_ips200.o(.text.ips200_set_color)
    ips200_set_dir                           0x0800474d   Thumb Code    28  zf_device_ips200.o(.text.ips200_set_dir)
    ips200_show_char                         0x08004829   Thumb Code   332  zf_device_ips200.o(.text.ips200_show_char)
    ips200_show_float                        0x08004981   Thumb Code   268  zf_device_ips200.o(.text.ips200_show_float)
    ips200_show_gray_image                   0x08004a99   Thumb Code   252  zf_device_ips200.o(.text.ips200_show_gray_image)
    ips200_show_int                          0x08004ba1   Thumb Code   164  zf_device_ips200.o(.text.ips200_show_int)
    ips200_show_string                       0x08004c45   Thumb Code   124  zf_device_ips200.o(.text.ips200_show_string)
    ips200_show_uint                         0x08004cc9   Thumb Code   164  zf_device_ips200.o(.text.ips200_show_uint)
    is_first_in_page                         0x08004e51   Thumb Code    32  auto_menu.o(.text.is_first_in_page)
    is_menu_clear                            0x08004e71   Thumb Code    40  auto_menu.o(.text.is_menu_clear)
    key_into                                 0x08004e9d   Thumb Code    40  key.o(.text.key_into)
    main                                     0x08004ec9   Thumb Code   324  main.o(.text.main)
    menu_init                                0x08005041   Thumb Code    36  auto_menu.o(.text.menu_init)
    menu_load                                0x08005065   Thumb Code    72  auto_menu.o(.text.menu_load)
    menu_save                                0x080050ad   Thumb Code    92  auto_menu.o(.text.menu_save)
    mt9v03x_get_version                      0x08005135   Thumb Code    72  zf_device_mt9v03x.o(.text.mt9v03x_get_version)
    mt9v03x_init                             0x08005181   Thumb Code   508  zf_device_mt9v03x.o(.text.mt9v03x_init)
    mt9v03x_set_config_sccb                  0x08005415   Thumb Code  2478  zf_device_config.o(.text.mt9v03x_set_config_sccb)
    pid_Reset                                0x08005e51   Thumb Code    12  pid.o(.text.pid_Reset)
    pit2_handler                             0x08005e61   Thumb Code   176  encoder.o(.text.pit2_handler)
    pit7_handler                             0x08005f21   Thumb Code   236  main.o(.text.pit7_handler)
    pit_init                                 0x0800603d   Thumb Code   164  zf_driver_pit.o(.text.pit_init)
    pwm_init                                 0x080060f9   Thumb Code   284  zf_driver_pwm.o(.text.pwm_init)
    pwm_set_duty                             0x08006269   Thumb Code   156  zf_driver_pwm.o(.text.pwm_set_duty)
    rand_color                               0x08006311   Thumb Code    48  auto_menu.o(.text.rand_color)
    set_camera_type                          0x0800634d   Thumb Code    36  zf_device_type.o(.text.set_camera_type)
    show_menu                                0x0800637d   Thumb Code    20  auto_menu.o(.text.show_menu)
    show_process                             0x08006391   Thumb Code    84  auto_menu.o(.text.show_process)
    soft_iic_init                            0x080063e9   Thumb Code    88  zf_driver_soft_iic.o(.text.soft_iic_init)
    soft_iic_read_8bit_registers             0x08006441   Thumb Code   100  zf_driver_soft_iic.o(.text.soft_iic_read_8bit_registers)
    soft_iic_sccb_read_register              0x08006591   Thumb Code    68  zf_driver_soft_iic.o(.text.soft_iic_sccb_read_register)
    soft_iic_sccb_write_register             0x080065d5   Thumb Code    60  zf_driver_soft_iic.o(.text.soft_iic_sccb_write_register)
    soft_iic_write_8bit_register             0x080067c9   Thumb Code    60  zf_driver_soft_iic.o(.text.soft_iic_write_8bit_register)
    spi_init                                 0x0800680d   Thumb Code   324  zf_driver_spi.o(.text.spi_init)
    spi_read_8bit_registers                  0x0800695d   Thumb Code    68  zf_driver_spi.o(.text.spi_read_8bit_registers)
    spi_write_16bit                          0x080069a1   Thumb Code    40  zf_driver_spi.o(.text.spi_write_16bit)
    spi_write_8bit                           0x080069c9   Thumb Code    28  zf_driver_spi.o(.text.spi_write_8bit)
    spi_write_8bit_register                  0x080069e5   Thumb Code    40  zf_driver_spi.o(.text.spi_write_8bit_register)
    spi_write_8bit_registers                 0x08006a0d   Thumb Code    72  zf_driver_spi.o(.text.spi_write_8bit_registers)
    system_delay_ms                          0x08006a5d   Thumb Code    68  zf_driver_delay.o(.text.system_delay_ms)
    timer_clear                              0x08006ab1   Thumb Code    72  zf_driver_timer.o(.text.timer_clear)
    timer_clock_enable                       0x08006afd   Thumb Code    60  zf_driver_timer.o(.text.timer_clock_enable)
    timer_etr_init                           0x08006b3d   Thumb Code   184  zf_driver_timer.o(.text.timer_etr_init)
    timer_funciton_check                     0x08006bf9   Thumb Code    24  zf_driver_timer.o(.text.timer_funciton_check)
    timer_get                                0x08006c11   Thumb Code    84  zf_driver_timer.o(.text.timer_get)
    tsl1401_collect_pit_handler              0x08006c6d   Thumb Code   112  zf_device_tsl1401.o(.text.tsl1401_collect_pit_handler)
    uart_init                                0x08006ced   Thumb Code   260  zf_driver_uart.o(.text.uart_init)
    uart_query_byte                          0x08006dfd   Thumb Code    44  zf_driver_uart.o(.text.uart_query_byte)
    uart_rx_interrupt                        0x08006e29   Thumb Code    68  zf_driver_uart.o(.text.uart_rx_interrupt)
    uart_write_buffer                        0x08006e75   Thumb Code    52  zf_driver_uart.o(.text.uart_write_buffer)
    uart_write_byte                          0x08006ea9   Thumb Code    16  zf_driver_uart.o(.text.uart_write_byte)
    uart_write_string                        0x08006ebd   Thumb Code    40  zf_driver_uart.o(.text.uart_write_string)
    unit_param_set                           0x08006ee9   Thumb Code   500  auto_menu.o(.text.unit_param_set)
    __0sprintf$3                             0x080070ed   Thumb Code    34  printf3.o(i.__0sprintf$3)
    __1sprintf$3                             0x080070ed   Thumb Code     0  printf3.o(i.__0sprintf$3)
    __2sprintf                               0x080070ed   Thumb Code     0  printf3.o(i.__0sprintf$3)
    free                                     0x08007115   Thumb Code    76  malloc2.o(i.__free$2region)
    malloc                                   0x08007165   Thumb Code    92  malloc2.o(i.__malloc$2region)
    __scatterload_copy                       0x080071d1   Thumb Code    14  handlers.o(i.__scatterload_copy)
    __scatterload_null                       0x080071df   Thumb Code     2  handlers.o(i.__scatterload_null)
    __scatterload_zeroinit                   0x080071e1   Thumb Code    14  handlers.o(i.__scatterload_zeroinit)
    ascii_font_6x8                           0x08007460   Data         552  zf_common_font.o(.rodata.ascii_font_6x8)
    ascii_font_8x16                          0x08007688   Data        1520  zf_common_font.o(.rodata.ascii_font_8x16)
    imu660ra_config_file                     0x08007cb8   Data        8192  zf_device_config.o(.rodata.imu660ra_config_file)
    Region$$Table$$Base                      0x08009f4c   Number         0  anon$$obj.o(Region$$Table)
    Region$$Table$$Limit                     0x08009f6c   Number         0  anon$$obj.o(Region$$Table)
    __microlib_freelist                      0x20000004   Data           4  mvars.o(.data)
    __microlib_freelist_initialised          0x20000008   Data           4  mvars.o(.data)
    camera_uart_handler                      0x20000060   Data           4  zf_device_type.o(.data..L_MergedGlobals)
    camera_vsync_handler                     0x20000064   Data           4  zf_device_type.o(.data..L_MergedGlobals)
    camera_dma_handler                       0x20000068   Data           4  zf_device_type.o(.data..L_MergedGlobals)
    Kp_base                                  0x2000006c   Data           4  pid.o(.data..L_MergedGlobals)
    Inner_R                                  0x20000070   Data          52  pid.o(.data..L_MergedGlobals)
    Inner_L                                  0x200000a4   Data          52  pid.o(.data..L_MergedGlobals)
    GD_L_L                                   0x200000d8   Data           1  image.o(.data..L_MergedGlobals)
    GD_R_L                                   0x200000d9   Data           1  image.o(.data..L_MergedGlobals)
    DAD_NUM                                  0x200000dc   Data           1  auto_menu.o(.data..L_MergedGlobals)
    begin_menu_flag                          0x200000dd   Data           1  auto_menu.o(.data..L_MergedGlobals)
    SpeedMax                                 0x200000e0   Data           4  auto_menu.o(.data..L_MergedGlobals)
    SpeedMin                                 0x200000e4   Data           4  auto_menu.o(.data..L_MergedGlobals)
    GKD                                      0x200000e8   Data           4  encoder.o(.data.GKD)
    Outer                                    0x200000ec   Data          52  pid.o(.data.Outer)
    QZ                                       0x20000120   Data           4  image.o(.data.QZ)
    ZXM                                      0x20000124   Data           4  encoder.o(.data.ZXM)
    dl1a_distance_mm                         0x20000128   Data           2  zf_device_dl1a.o(.data.dl1a_distance_mm)
    gpio_group                               0x20000134   Data          32  zf_driver_gpio.o(.data.gpio_group)
    imu660ra_transition_factor               0x20000154   Data           8  zf_device_imu660ra.o(.data.imu660ra_transition_factor)
    system_clock                             0x2000015c   Data           4  zf_common_clock.o(.data.system_clock)
    wireless_module_uart_handler             0x20000160   Data           4  zf_device_type.o(.data.wireless_module_uart_handler)
    Counter_O                                0x20000168   Data           1  main.o(.bss..L_MergedGlobals)
    threshold                                0x20000169   Data           1  main.o(.bss..L_MergedGlobals)
    filtered_gyro_z                          0x2000016c   Data           4  main.o(.bss..L_MergedGlobals)
    TLY_Out                                  0x20000170   Data           4  main.o(.bss..L_MergedGlobals)
    camera_receiver_buffer                   0x200001a0   Data           8  zf_device_camera.o(.bss..L_MergedGlobals)
    camera_receiver_fifo                     0x200001a8   Data          24  zf_device_camera.o(.bss..L_MergedGlobals)
    dl1a_finsh_flag                          0x200001c0   Data           1  zf_device_dl1a.o(.bss..L_MergedGlobals)
    gps_tau1201_flag                         0x200001e0   Data           1  zf_device_gps_tau1201.o(.bss..L_MergedGlobals)
    gps_gga_state                            0x200001e1   Data           1  zf_device_gps_tau1201.o(.bss..L_MergedGlobals)
    gps_rmc_state                            0x200001e2   Data           1  zf_device_gps_tau1201.o(.bss..L_MergedGlobals)
    gps_tau1201                              0x20000200   Data          64  zf_device_gps_tau1201.o(.bss..L_MergedGlobals)
    imu660ra_gyro_x                          0x20000240   Data           2  zf_device_imu660ra.o(.bss..L_MergedGlobals)
    imu660ra_gyro_y                          0x20000242   Data           2  zf_device_imu660ra.o(.bss..L_MergedGlobals)
    imu660ra_gyro_z                          0x20000244   Data           2  zf_device_imu660ra.o(.bss..L_MergedGlobals)
    imu660ra_acc_x                           0x20000246   Data           2  zf_device_imu660ra.o(.bss..L_MergedGlobals)
    imu660ra_acc_y                           0x20000248   Data           2  zf_device_imu660ra.o(.bss..L_MergedGlobals)
    imu660ra_acc_z                           0x2000024a   Data           2  zf_device_imu660ra.o(.bss..L_MergedGlobals)
    tsl1401_finish_flag                      0x2000024d   Data           1  zf_device_tsl1401.o(.bss..L_MergedGlobals)
    key1_state                               0x2000024e   Data           1  key.o(.bss..L_MergedGlobals)
    key1_state_last                          0x2000024f   Data           1  key.o(.bss..L_MergedGlobals)
    key1_flag                                0x20000250   Data           1  key.o(.bss..L_MergedGlobals)
    key2_state                               0x20000251   Data           1  key.o(.bss..L_MergedGlobals)
    key2_state_last                          0x20000252   Data           1  key.o(.bss..L_MergedGlobals)
    key2_flag                                0x20000253   Data           1  key.o(.bss..L_MergedGlobals)
    key3_state                               0x20000254   Data           1  key.o(.bss..L_MergedGlobals)
    key3_state_last                          0x20000255   Data           1  key.o(.bss..L_MergedGlobals)
    key3_flag                                0x20000256   Data           1  key.o(.bss..L_MergedGlobals)
    key4_state                               0x20000257   Data           1  key.o(.bss..L_MergedGlobals)
    key4_state_last                          0x20000258   Data           1  key.o(.bss..L_MergedGlobals)
    key4_flag                                0x20000259   Data           1  key.o(.bss..L_MergedGlobals)
    E_NumR                                   0x2000025c   Data           4  encoder.o(.bss..L_MergedGlobals)
    E_NumL                                   0x20000260   Data           4  encoder.o(.bss..L_MergedGlobals)
    QZ_L                                     0x2000026c   Data           1  image.o(.bss..L_MergedGlobals.1)
    JD_L                                     0x2000026d   Data           1  image.o(.bss..L_MergedGlobals.1)
    JD_R                                     0x2000026e   Data           1  image.o(.bss..L_MergedGlobals.1)
    DX_L_Count                               0x2000026f   Data           1  image.o(.bss..L_MergedGlobals.1)
    DX_R_Count                               0x20000270   Data           1  image.o(.bss..L_MergedGlobals.1)
    DX_M_Count                               0x20000271   Data           1  image.o(.bss..L_MergedGlobals.1)
    DX_L_Start                               0x20000272   Data           1  image.o(.bss..L_MergedGlobals.1)
    DX_R_Start                               0x20000273   Data           1  image.o(.bss..L_MergedGlobals.1)
    DX_M_Start                               0x20000274   Data           1  image.o(.bss..L_MergedGlobals.1)
    DX_L_End                                 0x20000275   Data           1  image.o(.bss..L_MergedGlobals.1)
    DX_R_End                                 0x20000276   Data           1  image.o(.bss..L_MergedGlobals.1)
    DX_M_End                                 0x20000277   Data           1  image.o(.bss..L_MergedGlobals.1)
    GD_L_H                                   0x20000278   Data           1  image.o(.bss..L_MergedGlobals.1)
    GD_R_H                                   0x20000279   Data           1  image.o(.bss..L_MergedGlobals.1)
    B_PointR                                 0x2000027a   Data           1  image.o(.bss..L_MergedGlobals.1)
    B_PointL                                 0x2000027b   Data           1  image.o(.bss..L_MergedGlobals.1)
    A_PointR                                 0x2000027c   Data           1  image.o(.bss..L_MergedGlobals.1)
    A_PointL                                 0x2000027d   Data           1  image.o(.bss..L_MergedGlobals.1)
    C_PointR                                 0x2000027e   Data           1  image.o(.bss..L_MergedGlobals.1)
    C_PointL                                 0x2000027f   Data           1  image.o(.bss..L_MergedGlobals.1)
    D_PointR                                 0x20000280   Data           1  image.o(.bss..L_MergedGlobals.1)
    D_PointL                                 0x20000281   Data           1  image.o(.bss..L_MergedGlobals.1)
    stage_R                                  0x20000282   Data           1  image.o(.bss..L_MergedGlobals.1)
    stage_L                                  0x20000283   Data           1  image.o(.bss..L_MergedGlobals.1)
    Cross_Flag                               0x20000284   Data           4  image.o(.bss..L_MergedGlobals.1)
    Circle_Flag                              0x20000288   Data           4  image.o(.bss..L_MergedGlobals.1)
    Type_Flag                                0x2000028c   Data           4  image.o(.bss..L_MergedGlobals.1)
    S_stage                                  0x20000290   Data           4  image.o(.bss..L_MergedGlobals.1)
    S_Flag                                   0x20000294   Data           4  image.o(.bss..L_MergedGlobals.1)
    button1                                  0x20000298   Data           1  auto_menu.o(.bss..L_MergedGlobals.28)
    button2                                  0x20000299   Data           1  auto_menu.o(.bss..L_MergedGlobals.28)
    button3                                  0x2000029a   Data           1  auto_menu.o(.bss..L_MergedGlobals.28)
    button4                                  0x2000029b   Data           1  auto_menu.o(.bss..L_MergedGlobals.28)
    first_in_page_flag                       0x2000029c   Data           1  auto_menu.o(.bss..L_MergedGlobals.28)
    is_clear_flag                            0x2000029d   Data           1  auto_menu.o(.bss..L_MergedGlobals.28)
    Car_Flag                                 0x2000029f   Data           1  auto_menu.o(.bss..L_MergedGlobals.28)
    p_index_xy_dad                           0x200002b8   Data           4  auto_menu.o(.bss..L_MergedGlobals.28)
    p_index_xy_son                           0x200002bc   Data           4  auto_menu.o(.bss..L_MergedGlobals.28)
    current_operation_menu                   0x200002c0   Data           4  auto_menu.o(.bss..L_MergedGlobals.28)
    view_state                               0x200002c4   Data           4  auto_menu.o(.bss..L_MergedGlobals.28)
    ZXMax                                    0x200002c8   Data           4  auto_menu.o(.bss..L_MergedGlobals.28)
    BX_L_List                                0x200002d0   Data         120  image.o(.bss.BX_L_List)
    BX_R_List                                0x20000348   Data         120  image.o(.bss.BX_R_List)
    Final_Speed                              0x200003c0   Data           4  pid.o(.bss.Final_Speed)
    M_M_List                                 0x200003c4   Data         120  image.o(.bss.M_M_List)
    M_W_Finally                              0x2000043c   Data           1  image.o(.bss.M_W_Finally)
    OTSU                                     0x20000440   Data           4  yudeal.o(.bss.OTSU)
    ZX                                       0x20000444   Data           4  encoder.o(.bss.ZX)
    camera_type                              0x2000044a   Data           1  zf_device_type.o(.bss.camera_type)
    count_buzzer                             0x2000044c   Data           2  buzzer.o(.bss.count_buzzer)
    flash_union_buffer                       0x20000450   Data        1024  zf_driver_flash.o(.bss.flash_union_buffer)
    image                                    0x20000950   Data       22560  zf_device_mt9v03x.o(.bss.image)
    image_copy                               0x20006170   Data       22560  zf_device_mt9v03x.o(.bss.image_copy)
    mt9v03x_finish_flag                      0x2000b994   Data           1  zf_device_mt9v03x.o(.bss.mt9v03x_finish_flag)
    mt9v03x_image                            0x2000b9ac   Data       22560  zf_device_mt9v03x.o(.bss.mt9v03x_image)
    my_index                                 0x200111e4   Data         200  auto_menu.o(.bss.my_index)
    my_menu_unit                             0x200112ac   Data        4000  auto_menu.o(.bss.my_menu_unit)
    my_param_set                             0x2001224c   Data        1200  auto_menu.o(.bss.my_param_set)
    tsl1401_data                             0x200126fc   Data         512  zf_device_tsl1401.o(.bss.tsl1401_data)
    Image$$ARM_LIB_HEAP$$ZI$$Base            0x20012904   Number         0  anon$$obj.o ABSOLUTE
    Image$$ARM_LIB_HEAP$$ZI$$Limit           0x20012d04   Number         0  anon$$obj.o ABSOLUTE
    Image$$ARM_LIB_STACK$$ZI$$Limit          0x20020000   Number         0  anon$$obj.o ABSOLUTE



==============================================================================

Memory Map of the image

  Image Entry point : 0x08000401

  Load Region LR_m_text (Base: 0x08000000, Size: 0x0000a0d8, Max: 0x00080000, ABSOLUTE, COMPRESSED[0x0000a010])

    Execution Region VECTOR_ROM (Exec base: 0x08000000, Load base: 0x08000000, Size: 0x00000190, Max: 0x00000400, ABSOLUTE)

    Exec Addr    Load Addr    Size         Type   Attr      Idx    E Section Name        Object

    0x08000000   0x08000000   0x00000190   Data   RO         1744    RESET               startup_mm32f3277g.o


    Execution Region ER_m_text (Exec base: 0x08000400, Load base: 0x08000400, Size: 0x00009b6c, Max: 0x0007fc00, ABSOLUTE, FIXED)

    Exec Addr    Load Addr    Size         Type   Attr      Idx    E Section Name        Object

    0x08000400   0x08000400   0x00000000   Code   RO         3082  * .ARM.Collect$$$$00000000  mc_w.l(entry.o)
    0x08000400   0x08000400   0x00000004   Code   RO         3480    .ARM.Collect$$$$00000003  mc_w.l(entry4.o)
    0x08000404   0x08000404   0x00000004   Code   RO         3483    .ARM.Collect$$$$00000004  mc_w.l(entry5.o)
    0x08000408   0x08000408   0x00000000   Code   RO         3485    .ARM.Collect$$$$00000008  mc_w.l(entry7b.o)
    0x08000408   0x08000408   0x00000000   Code   RO         3487    .ARM.Collect$$$$0000000A  mc_w.l(entry8b.o)
    0x08000408   0x08000408   0x00000008   Code   RO         3488    .ARM.Collect$$$$0000000B  mc_w.l(entry9a.o)
    0x08000410   0x08000410   0x00000000   Code   RO         3490    .ARM.Collect$$$$0000000D  mc_w.l(entry10a.o)
    0x08000410   0x08000410   0x00000000   Code   RO         3492    .ARM.Collect$$$$0000000F  mc_w.l(entry11a.o)
    0x08000410   0x08000410   0x00000004   Code   RO         3481    .ARM.Collect$$$$00002714  mc_w.l(entry4.o)
    0x08000414   0x08000414   0x00000024   Code   RO         1745    .text               startup_mm32f3277g.o
    0x08000438   0x08000438   0x00000024   Code   RO         3085    .text               mc_w.l(rand.o)
    0x0800045c   0x0800045c   0x00000024   Code   RO         3088    .text               mc_w.l(memcpya.o)
    0x08000480   0x08000480   0x00000024   Code   RO         3090    .text               mc_w.l(memseta.o)
    0x080004a4   0x080004a4   0x0000000e   Code   RO         3098    .text               mc_w.l(strlen.o)
    0x080004b2   0x080004b2   0x0000001a   Code   RO         3102    .text               mc_w.l(memcmp.o)
    0x080004cc   0x080004cc   0x00000012   Code   RO         3104    .text               mc_w.l(strcpy.o)
    0x080004de   0x080004de   0x000000b0   Code   RO         3399    .text               mf_w.l(fadd.o)
    0x0800058e   0x0800058e   0x00000064   Code   RO         3401    .text               mf_w.l(fmul.o)
    0x080005f2   0x080005f2   0x0000007c   Code   RO         3403    .text               mf_w.l(fdiv.o)
    0x0800066e   0x0800066e   0x0000014e   Code   RO         3405    .text               mf_w.l(dadd.o)
    0x080007bc   0x080007bc   0x000000e4   Code   RO         3407    .text               mf_w.l(dmul.o)
    0x080008a0   0x080008a0   0x0000001c   Code   RO         3411    .text               mf_w.l(fcmple.o)
    0x080008bc   0x080008bc   0x0000001c   Code   RO         3415    .text               mf_w.l(fcmpge.o)
    0x080008d8   0x080008d8   0x0000001c   Code   RO         3417    .text               mf_w.l(fcmpgt.o)
    0x080008f4   0x080008f4   0x0000001c   Code   RO         3419    .text               mf_w.l(fcmpeq.o)
    0x08000910   0x08000910   0x00000012   Code   RO         3427    .text               mf_w.l(fflti.o)
    0x08000922   0x08000922   0x0000000a   Code   RO         3429    .text               mf_w.l(ffltui.o)
    0x0800092c   0x0800092c   0x00000022   Code   RO         3431    .text               mf_w.l(dflti.o)
    0x0800094e   0x0800094e   0x00000032   Code   RO         3435    .text               mf_w.l(ffixi.o)
    0x08000980   0x08000980   0x0000003e   Code   RO         3437    .text               mf_w.l(dfixi.o)
    0x080009be   0x080009be   0x00000026   Code   RO         3441    .text               mf_w.l(f2d.o)
    0x080009e4   0x080009e4   0x00000038   Code   RO         3443    .text               mf_w.l(d2f.o)
    0x08000a1c   0x08000a1c   0x0000002c   Code   RO         3504    .text               mc_w.l(uidiv.o)
    0x08000a48   0x08000a48   0x0000001e   Code   RO         3508    .text               mc_w.l(llshl.o)
    0x08000a66   0x08000a66   0x00000020   Code   RO         3510    .text               mc_w.l(llushr.o)
    0x08000a86   0x08000a86   0x00000024   Code   RO         3512    .text               mc_w.l(llsshr.o)
    0x08000aaa   0x08000aaa   0x00000000   Code   RO         3523    .text               mc_w.l(iusefp.o)
    0x08000aaa   0x08000aaa   0x0000006e   Code   RO         3524    .text               mf_w.l(fepilogue.o)
    0x08000b18   0x08000b18   0x000000ba   Code   RO         3526    .text               mf_w.l(depilogue.o)
    0x08000bd2   0x08000bd2   0x00000002   PAD
    0x08000bd4   0x08000bd4   0x00000030   Code   RO         3538    .text               mc_w.l(init.o)
    0x08000c04   0x08000c04   0x00000056   Code   RO         3548    .text               mc_w.l(__dczerorl2.o)
    0x08000c5a   0x08000c5a   0x00000002   PAD
    0x08000c5c   0x08000c5c   0x00000070   Code   RO            6    .text.All_Init      main.o
    0x08000ccc   0x08000ccc   0x00000048   Code   RO         2848    .text.BX_L          image.o
    0x08000d14   0x08000d14   0x0000003c   Code   RO         2856    .text.BX_R          image.o
    0x08000d50   0x08000d50   0x0000004c   Code   RO         2850    .text.BX_RL         image.o
    0x08000d9c   0x08000d9c   0x00000024   Code   RO         2950    .text.Buzzer        buzzer.o
    0x08000dc0   0x08000dc0   0x0000000c   Code   RO         2946    .text.Buzzer_Init   buzzer.o
    0x08000dcc   0x08000dcc   0x0000000c   Code   RO         2948    .text.Buzzer_On     buzzer.o
    0x08000dd8   0x08000dd8   0x0000005c   Code   RO         3006    .text.Car_Go        auto_menu.o
    0x08000e34   0x08000e34   0x00000014   Code   RO           70    .text.DMA1_Channel1_IRQHandler  isr.o
    0x08000e48   0x08000e48   0x00000014   Code   RO           72    .text.DMA1_Channel2_IRQHandler  isr.o
    0x08000e5c   0x08000e5c   0x00000014   Code   RO           74    .text.DMA1_Channel3_IRQHandler  isr.o
    0x08000e70   0x08000e70   0x00000020   Code   RO           76    .text.DMA1_Channel4_IRQHandler  isr.o
    0x08000e90   0x08000e90   0x00000014   Code   RO           78    .text.DMA1_Channel5_IRQHandler  isr.o
    0x08000ea4   0x08000ea4   0x00000014   Code   RO           80    .text.DMA1_Channel6_IRQHandler  isr.o
    0x08000eb8   0x08000eb8   0x00000018   Code   RO           82    .text.DMA1_Channel7_IRQHandler  isr.o
    0x08000ed0   0x08000ed0   0x00000014   Code   RO           84    .text.DMA2_Channel1_IRQHandler  isr.o
    0x08000ee4   0x08000ee4   0x00000014   Code   RO           86    .text.DMA2_Channel2_IRQHandler  isr.o
    0x08000ef8   0x08000ef8   0x00000014   Code   RO           88    .text.DMA2_Channel3_IRQHandler  isr.o
    0x08000f0c   0x08000f0c   0x00000014   Code   RO           90    .text.DMA2_Channel4_IRQHandler  isr.o
    0x08000f20   0x08000f20   0x00000018   Code   RO           92    .text.DMA2_Channel5_IRQHandler  isr.o
    0x08000f38   0x08000f38   0x00000130   Code   RO         2878    .text.Deal_Circle_R  image.o
    0x08001068   0x08001068   0x000000f4   Code   RO         2858    .text.Deal_Cross    image.o
    0x0800115c   0x0800115c   0x00000078   Code   RO         2844    .text.Deal_DX       image.o
    0x080011d4   0x080011d4   0x000000fc   Code   RO         2846    .text.Deal_GD       image.o
    0x080012d0   0x080012d0   0x00000080   Code   RO         2886    .text.Draw_Line     image.o
    0x08001350   0x08001350   0x0000000c   Code   RO           56    .text.EXTI0_IRQHandler  isr.o
    0x0800135c   0x0800135c   0x00000064   Code   RO           68    .text.EXTI15_10_IRQHandler  isr.o
    0x080013c0   0x080013c0   0x0000000c   Code   RO           58    .text.EXTI1_IRQHandler  isr.o
    0x080013cc   0x080013cc   0x0000000c   Code   RO           60    .text.EXTI2_IRQHandler  isr.o
    0x080013d8   0x080013d8   0x0000000c   Code   RO           62    .text.EXTI3_IRQHandler  isr.o
    0x080013e4   0x080013e4   0x00000014   Code   RO           64    .text.EXTI4_IRQHandler  isr.o
    0x080013f8   0x080013f8   0x0000005c   Code   RO           66    .text.EXTI9_5_IRQHandler  isr.o
    0x08001454   0x08001454   0x00000022   Code   RO         2760    .text.Encoder_Init  encoder.o
    0x08001476   0x08001476   0x00000002   PAD
    0x08001478   0x08001478   0x00000090   Code   RO         3012    .text.FUN_INIT      auto_menu.o
    0x08001508   0x08001508   0x00000024   Code   RO         2864    .text.Find_A        image.o
    0x0800152c   0x0800152c   0x00000028   Code   RO         2860    .text.Find_B        image.o
    0x08001554   0x08001554   0x00000050   Code   RO         2868    .text.Find_C        image.o
    0x080015a4   0x080015a4   0x0000005c   Code   RO         2872    .text.Find_D        image.o
    0x08001600   0x08001600   0x00000160   Code   RO         2825    .text.GetOTSU       yudeal.o
    0x08001760   0x08001760   0x00000040   Code   RO         2892    .text.M_Weight      image.o
    0x080017a0   0x080017a0   0x00000044   Code   RO         2742    .text.MotorL_SetSpeed  motor.o
    0x080017e4   0x080017e4   0x00000048   Code   RO         2740    .text.MotorR_SetSpeed  motor.o
    0x0800182c   0x0800182c   0x0000002c   Code   RO         2738    .text.Motor_Init    motor.o
    0x08001858   0x08001858   0x00000020   Code   RO         2746    .text.Motor_Stop    motor.o
    0x08001878   0x08001878   0x00000002   Code   RO         3008    .text.NULL_FUN      auto_menu.o
    0x0800187a   0x0800187a   0x00000012   Code   RO           10    .text.OUTLINED_FUNCTION_0  main.o
    0x0800188c   0x0800188c   0x0000000c   Code   RO           94    .text.OUTLINED_FUNCTION_0  isr.o
    0x08001898   0x08001898   0x00000016   Code   RO          141    .text.OUTLINED_FUNCTION_0  zf_common_debug.o
    0x080018ae   0x080018ae   0x0000000e   Code   RO          184    .text.OUTLINED_FUNCTION_0  zf_common_fifo.o
    0x080018bc   0x080018bc   0x00000014   Code   RO          245    .text.OUTLINED_FUNCTION_0  zf_common_function.o
    0x080018d0   0x080018d0   0x00000016   Code   RO          323    .text.OUTLINED_FUNCTION_0  zf_driver_dma.o
    0x080018e6   0x080018e6   0x0000000c   Code   RO          342    .text.OUTLINED_FUNCTION_0  zf_driver_encoder.o
    0x080018f2   0x080018f2   0x0000000c   Code   RO          386    .text.OUTLINED_FUNCTION_0  zf_driver_flash.o
    0x080018fe   0x080018fe   0x00000012   Code   RO          772    .text.OUTLINED_FUNCTION_0  zf_driver_spi.o
    0x08001910   0x08001910   0x0000000c   Code   RO         1071    .text.OUTLINED_FUNCTION_0  zf_device_imu660ra.o
    0x0800191c   0x0800191c   0x0000000c   Code   RO         1228    .text.OUTLINED_FUNCTION_0  zf_device_ips200.o
    0x08001928   0x08001928   0x00000006   Code   RO         1320    .text.OUTLINED_FUNCTION_0  zf_device_mt9v03x.o
    0x0800192e   0x0800192e   0x00000012   Code   RO         1596    .text.OUTLINED_FUNCTION_0  zf_device_tsl1401.o
    0x08001940   0x08001940   0x0000000c   Code   RO         2721    .text.OUTLINED_FUNCTION_0  key.o
    0x0800194c   0x0800194c   0x0000000a   Code   RO         2748    .text.OUTLINED_FUNCTION_0  motor.o
    0x08001956   0x08001956   0x0000000c   Code   RO         2793    .text.OUTLINED_FUNCTION_0  pid.o
    0x08001962   0x08001962   0x00000008   Code   RO         2894    .text.OUTLINED_FUNCTION_0  image.o
    0x0800196a   0x0800196a   0x0000000a   Code   RO         3014    .text.OUTLINED_FUNCTION_0  auto_menu.o
    0x08001974   0x08001974   0x0000000a   Code   RO           12    .text.OUTLINED_FUNCTION_1  main.o
    0x0800197e   0x0800197e   0x0000000c   Code   RO           96    .text.OUTLINED_FUNCTION_1  isr.o
    0x0800198a   0x0800198a   0x0000000e   Code   RO          143    .text.OUTLINED_FUNCTION_1  zf_common_debug.o
    0x08001998   0x08001998   0x00000008   Code   RO          186    .text.OUTLINED_FUNCTION_1  zf_common_fifo.o
    0x080019a0   0x080019a0   0x0000000e   Code   RO          344    .text.OUTLINED_FUNCTION_1  zf_driver_encoder.o
    0x080019ae   0x080019ae   0x0000000c   Code   RO          388    .text.OUTLINED_FUNCTION_1  zf_driver_flash.o
    0x080019ba   0x080019ba   0x0000000e   Code   RO         1073    .text.OUTLINED_FUNCTION_1  zf_device_imu660ra.o
    0x080019c8   0x080019c8   0x0000000c   Code   RO         1230    .text.OUTLINED_FUNCTION_1  zf_device_ips200.o
    0x080019d4   0x080019d4   0x0000000a   Code   RO         1322    .text.OUTLINED_FUNCTION_1  zf_device_mt9v03x.o
    0x080019de   0x080019de   0x00000008   Code   RO         2723    .text.OUTLINED_FUNCTION_1  key.o
    0x080019e6   0x080019e6   0x0000000a   Code   RO         2795    .text.OUTLINED_FUNCTION_1  pid.o
    0x080019f0   0x080019f0   0x0000000a   Code   RO         2896    .text.OUTLINED_FUNCTION_1  image.o
    0x080019fa   0x080019fa   0x0000000e   Code   RO         3016    .text.OUTLINED_FUNCTION_1  auto_menu.o
    0x08001a08   0x08001a08   0x00000008   Code   RO          792    .text.OUTLINED_FUNCTION_10  zf_driver_spi.o
    0x08001a10   0x08001a10   0x0000000a   Code   RO         1248    .text.OUTLINED_FUNCTION_10  zf_device_ips200.o
    0x08001a1a   0x08001a1a   0x0000000a   Code   RO         2914    .text.OUTLINED_FUNCTION_10  image.o
    0x08001a24   0x08001a24   0x00000012   Code   RO          628    .text.OUTLINED_FUNCTION_11  zf_driver_soft_iic.o
    0x08001a36   0x08001a36   0x0000000c   Code   RO          794    .text.OUTLINED_FUNCTION_11  zf_driver_spi.o
    0x08001a42   0x08001a42   0x0000000a   Code   RO         2916    .text.OUTLINED_FUNCTION_11  image.o
    0x08001a4c   0x08001a4c   0x0000000c   Code   RO          630    .text.OUTLINED_FUNCTION_12  zf_driver_soft_iic.o
    0x08001a58   0x08001a58   0x00000008   Code   RO         1252    .text.OUTLINED_FUNCTION_12  zf_device_ips200.o
    0x08001a60   0x08001a60   0x0000000a   Code   RO         2918    .text.OUTLINED_FUNCTION_12  image.o
    0x08001a6a   0x08001a6a   0x0000000e   Code   RO          798    .text.OUTLINED_FUNCTION_13  zf_driver_spi.o
    0x08001a78   0x08001a78   0x0000000a   Code   RO         2920    .text.OUTLINED_FUNCTION_13  image.o
    0x08001a82   0x08001a82   0x00000008   Code   RO          634    .text.OUTLINED_FUNCTION_14  zf_driver_soft_iic.o
    0x08001a8a   0x08001a8a   0x0000000a   Code   RO         2922    .text.OUTLINED_FUNCTION_14  image.o
    0x08001a94   0x08001a94   0x00000008   Code   RO          636    .text.OUTLINED_FUNCTION_15  zf_driver_soft_iic.o
    0x08001a9c   0x08001a9c   0x0000000e   Code   RO         2924    .text.OUTLINED_FUNCTION_15  image.o
    0x08001aaa   0x08001aaa   0x0000000c   Code   RO          638    .text.OUTLINED_FUNCTION_16  zf_driver_soft_iic.o
    0x08001ab6   0x08001ab6   0x0000000a   Code   RO         2926    .text.OUTLINED_FUNCTION_16  image.o
    0x08001ac0   0x08001ac0   0x00000006   Code   RO          642    .text.OUTLINED_FUNCTION_18  zf_driver_soft_iic.o
    0x08001ac6   0x08001ac6   0x0000000a   Code   RO           98    .text.OUTLINED_FUNCTION_2  isr.o
    0x08001ad0   0x08001ad0   0x00000010   Code   RO          145    .text.OUTLINED_FUNCTION_2  zf_common_debug.o
    0x08001ae0   0x08001ae0   0x0000000c   Code   RO          188    .text.OUTLINED_FUNCTION_2  zf_common_fifo.o
    0x08001aec   0x08001aec   0x0000000c   Code   RO          346    .text.OUTLINED_FUNCTION_2  zf_driver_encoder.o
    0x08001af8   0x08001af8   0x0000000e   Code   RO          776    .text.OUTLINED_FUNCTION_2  zf_driver_spi.o
    0x08001b06   0x08001b06   0x00000008   Code   RO         1232    .text.OUTLINED_FUNCTION_2  zf_device_ips200.o
    0x08001b0e   0x08001b0e   0x00000006   Code   RO         1324    .text.OUTLINED_FUNCTION_2  zf_device_mt9v03x.o
    0x08001b14   0x08001b14   0x00000008   Code   RO         2797    .text.OUTLINED_FUNCTION_2  pid.o
    0x08001b1c   0x08001b1c   0x0000000a   Code   RO         2898    .text.OUTLINED_FUNCTION_2  image.o
    0x08001b26   0x08001b26   0x0000000e   Code   RO         3018    .text.OUTLINED_FUNCTION_2  auto_menu.o
    0x08001b34   0x08001b34   0x00000006   Code   RO          646    .text.OUTLINED_FUNCTION_20  zf_driver_soft_iic.o
    0x08001b3a   0x08001b3a   0x00000006   Code   RO          648    .text.OUTLINED_FUNCTION_21  zf_driver_soft_iic.o
    0x08001b40   0x08001b40   0x0000000e   Code   RO          650    .text.OUTLINED_FUNCTION_22  zf_driver_soft_iic.o
    0x08001b4e   0x08001b4e   0x0000000a   Code   RO          100    .text.OUTLINED_FUNCTION_3  isr.o
    0x08001b58   0x08001b58   0x0000000e   Code   RO          147    .text.OUTLINED_FUNCTION_3  zf_common_debug.o
    0x08001b66   0x08001b66   0x00000006   Code   RO          190    .text.OUTLINED_FUNCTION_3  zf_common_fifo.o
    0x08001b6c   0x08001b6c   0x00000010   Code   RO          251    .text.OUTLINED_FUNCTION_3  zf_common_function.o
    0x08001b7c   0x08001b7c   0x0000000c   Code   RO          612    .text.OUTLINED_FUNCTION_3  zf_driver_soft_iic.o
    0x08001b88   0x08001b88   0x0000000a   Code   RO          778    .text.OUTLINED_FUNCTION_3  zf_driver_spi.o
    0x08001b92   0x08001b92   0x00000006   Code   RO         2799    .text.OUTLINED_FUNCTION_3  pid.o
    0x08001b98   0x08001b98   0x00000010   Code   RO         2900    .text.OUTLINED_FUNCTION_3  image.o
    0x08001ba8   0x08001ba8   0x00000008   Code   RO         3020    .text.OUTLINED_FUNCTION_3  auto_menu.o
    0x08001bb0   0x08001bb0   0x0000000e   Code   RO          149    .text.OUTLINED_FUNCTION_4  zf_common_debug.o
    0x08001bbe   0x08001bbe   0x0000000a   Code   RO          192    .text.OUTLINED_FUNCTION_4  zf_common_fifo.o
    0x08001bc8   0x08001bc8   0x0000001c   Code   RO          614    .text.OUTLINED_FUNCTION_4  zf_driver_soft_iic.o
    0x08001be4   0x08001be4   0x00000014   Code   RO         1236    .text.OUTLINED_FUNCTION_4  zf_device_ips200.o
    0x08001bf8   0x08001bf8   0x0000000a   Code   RO         2801    .text.OUTLINED_FUNCTION_4  pid.o
    0x08001c02   0x08001c02   0x00000010   Code   RO         2902    .text.OUTLINED_FUNCTION_4  image.o
    0x08001c12   0x08001c12   0x00000010   Code   RO         3022    .text.OUTLINED_FUNCTION_4  auto_menu.o
    0x08001c22   0x08001c22   0x00000008   Code   RO          616    .text.OUTLINED_FUNCTION_5  zf_driver_soft_iic.o
    0x08001c2a   0x08001c2a   0x00000016   Code   RO          782    .text.OUTLINED_FUNCTION_5  zf_driver_spi.o
    0x08001c40   0x08001c40   0x0000000e   Code   RO         1238    .text.OUTLINED_FUNCTION_5  zf_device_ips200.o
    0x08001c4e   0x08001c4e   0x00000006   Code   RO         2803    .text.OUTLINED_FUNCTION_5  pid.o
    0x08001c54   0x08001c54   0x0000000a   Code   RO         2904    .text.OUTLINED_FUNCTION_5  image.o
    0x08001c5e   0x08001c5e   0x0000000a   Code   RO          618    .text.OUTLINED_FUNCTION_6  zf_driver_soft_iic.o
    0x08001c68   0x08001c68   0x0000000a   Code   RO          956    .text.OUTLINED_FUNCTION_6  zf_device_dl1a.o
    0x08001c72   0x08001c72   0x0000000a   Code   RO         1240    .text.OUTLINED_FUNCTION_6  zf_device_ips200.o
    0x08001c7c   0x08001c7c   0x00000006   Code   RO          620    .text.OUTLINED_FUNCTION_7  zf_driver_soft_iic.o
    0x08001c82   0x08001c82   0x0000000a   Code   RO          786    .text.OUTLINED_FUNCTION_7  zf_driver_spi.o
    0x08001c8c   0x08001c8c   0x0000000a   Code   RO          958    .text.OUTLINED_FUNCTION_7  zf_device_dl1a.o
    0x08001c96   0x08001c96   0x00000008   Code   RO         1242    .text.OUTLINED_FUNCTION_7  zf_device_ips200.o
    0x08001c9e   0x08001c9e   0x0000000a   Code   RO         2908    .text.OUTLINED_FUNCTION_7  image.o
    0x08001ca8   0x08001ca8   0x00000008   Code   RO          622    .text.OUTLINED_FUNCTION_8  zf_driver_soft_iic.o
    0x08001cb0   0x08001cb0   0x00000014   Code   RO         1244    .text.OUTLINED_FUNCTION_8  zf_device_ips200.o
    0x08001cc4   0x08001cc4   0x0000000a   Code   RO         2910    .text.OUTLINED_FUNCTION_8  image.o
    0x08001cce   0x08001cce   0x00000014   Code   RO          624    .text.OUTLINED_FUNCTION_9  zf_driver_soft_iic.o
    0x08001ce2   0x08001ce2   0x0000000a   Code   RO          790    .text.OUTLINED_FUNCTION_9  zf_driver_spi.o
    0x08001cec   0x08001cec   0x0000000a   Code   RO         1246    .text.OUTLINED_FUNCTION_9  zf_device_ips200.o
    0x08001cf6   0x08001cf6   0x0000000a   Code   RO         2912    .text.OUTLINED_FUNCTION_9  image.o
    0x08001d00   0x08001d00   0x00000056   Code   RO         2781    .text.PID_Update    pid.o
    0x08001d56   0x08001d56   0x0000007a   Code   RO         2783    .text.PID_UpdateImage  pid.o
    0x08001dd0   0x08001dd0   0x00000044   Code   RO         2888    .text.Protect       image.o
    0x08001e14   0x08001e14   0x0000002c   Code   RO         2884    .text.QZ_Limit      image.o
    0x08001e40   0x08001e40   0x00000038   Code   RO         2827    .text.Set_image_T   yudeal.o
    0x08001e78   0x08001e78   0x00000060   Code   RO         2762    .text.Speed_Strategy  encoder.o
    0x08001ed8   0x08001ed8   0x000000a0   Code   RO         2890    .text.Stop          image.o
    0x08001f78   0x08001f78   0x0000000c   Code   RO         1737    .text.SystemInit    system_mm32f3277g.o
    0x08001f84   0x08001f84   0x0000000c   Code   RO           24    .text.TIM1_UP_IRQHandler  isr.o
    0x08001f90   0x08001f90   0x00000010   Code   RO           26    .text.TIM2_IRQHandler  isr.o
    0x08001fa0   0x08001fa0   0x0000000c   Code   RO           28    .text.TIM3_IRQHandler  isr.o
    0x08001fac   0x08001fac   0x0000000c   Code   RO           30    .text.TIM4_IRQHandler  isr.o
    0x08001fb8   0x08001fb8   0x0000000c   Code   RO           32    .text.TIM5_IRQHandler  isr.o
    0x08001fc4   0x08001fc4   0x0000000c   Code   RO           34    .text.TIM6_IRQHandler  isr.o
    0x08001fd0   0x08001fd0   0x00000010   Code   RO           36    .text.TIM7_IRQHandler  isr.o
    0x08001fe0   0x08001fe0   0x00000010   Code   RO           38    .text.TIM8_UP_IRQHandler  isr.o
    0x08001ff0   0x08001ff0   0x00000034   Code   RO         2876    .text.Type_Deal     image.o
    0x08002024   0x08002024   0x00000024   Code   RO           40    .text.UART1_IRQHandler  isr.o
    0x08002048   0x08002048   0x00000024   Code   RO           42    .text.UART2_IRQHandler  isr.o
    0x0800206c   0x0800206c   0x00000024   Code   RO           44    .text.UART3_IRQHandler  isr.o
    0x08002090   0x08002090   0x00000024   Code   RO           46    .text.UART4_IRQHandler  isr.o
    0x080020b4   0x080020b4   0x00000024   Code   RO           48    .text.UART5_IRQHandler  isr.o
    0x080020d8   0x080020d8   0x00000028   Code   RO           50    .text.UART6_IRQHandler  isr.o
    0x08002100   0x08002100   0x00000024   Code   RO           52    .text.UART7_IRQHandler  isr.o
    0x08002124   0x08002124   0x00000028   Code   RO           54    .text.UART8_IRQHandler  isr.o
    0x0800214c   0x0800214c   0x00000198   Code   RO         3010    .text.UNIT_SET      auto_menu.o
    0x080022e4   0x080022e4   0x0000001c   Code   RO         3004    .text.View          auto_menu.o
    0x08002300   0x08002300   0x00000044   Code   RO          285    .text.adc_convert   zf_driver_adc.o
    0x08002344   0x08002344   0x00000064   Code   RO          410    .text.afio_init     zf_driver_gpio.o
    0x080023a8   0x080023a8   0x000000cc   Code   RO         2986    .text.assist_menu   auto_menu.o
    0x08002474   0x08002474   0x000000fc   Code   RO         2717    .text.button_entry  key.o
    0x08002570   0x08002570   0x00000014   Code   RO          913    .text.camera_fifo_init  zf_device_camera.o
    0x08002584   0x08002584   0x00000058   Code   RO          915    .text.camera_init   zf_device_camera.o
    0x080025dc   0x080025dc   0x00000140   Code   RO         2984    .text.center_menu   auto_menu.o
    0x0800271c   0x0800271c   0x00000158   Code   RO         2988    .text.change_value  auto_menu.o
    0x08002874   0x08002874   0x000001ec   Code   RO          109    .text.clock_init    zf_common_clock.o
    0x08002a60   0x08002a60   0x00000090   Code   RO         2964    .text.dad_name_init  auto_menu.o
    0x08002af0   0x08002af0   0x00000058   Code   RO         3000    .text.day_night     auto_menu.o
    0x08002b48   0x08002b48   0x000000d4   Code   RO          127    .text.debug_assert_handler  zf_common_debug.o
    0x08002c1c   0x08002c1c   0x00000040   Code   RO          137    .text.debug_init    zf_common_debug.o
    0x08002c5c   0x08002c5c   0x00000030   Code   RO          131    .text.debug_log_handler  zf_common_debug.o
    0x08002c8c   0x08002c8c   0x00000244   Code   RO          129    .text.debug_output  zf_common_debug.o
    0x08002ed0   0x08002ed0   0x00000028   Code   RO          135    .text.debug_output_init  zf_common_debug.o
    0x08002ef8   0x08002ef8   0x00000016   Code   RO          133    .text.debug_output_struct_init  zf_common_debug.o
    0x08002f0e   0x08002f0e   0x00000008   Code   RO          139    .text.debug_uart_str_output  zf_common_debug.o
    0x08002f16   0x08002f16   0x00000002   PAD
    0x08002f18   0x08002f18   0x0000005c   Code   RO          928    .text.dl1a_get_distance  zf_device_dl1a.o
    0x08002f74   0x08002f74   0x00000004   Code   RO          930    .text.dl1a_int_handler  zf_device_dl1a.o
    0x08002f78   0x08002f78   0x00000018   Code   RO          975    .text.dm1xa_light_callback  zf_device_dm1xa.o
    0x08002f90   0x08002f90   0x00000090   Code   RO          973    .text.dm1xa_sound_callback  zf_device_dm1xa.o
    0x08003020   0x08003020   0x0000007c   Code   RO          321    .text.dma_camera_init  zf_driver_dma.o
    0x0800309c   0x0800309c   0x00000014   Code   RO          319    .text.dma_disable   zf_driver_dma.o
    0x080030b0   0x080030b0   0x00000014   Code   RO          317    .text.dma_enable    zf_driver_dma.o
    0x080030c4   0x080030c4   0x00000020   Code   RO          315    .text.dma_set_count  zf_driver_dma.o
    0x080030e4   0x080030e4   0x00000040   Code   RO          336    .text.encoder_clear_count  zf_driver_encoder.o
    0x08003124   0x08003124   0x0000009c   Code   RO          340    .text.encoder_dir_init  zf_driver_encoder.o
    0x080031c0   0x080031c0   0x00000060   Code   RO          334    .text.encoder_get_count  zf_driver_encoder.o
    0x08003220   0x08003220   0x000000a8   Code   RO          338    .text.encoder_quad_init  zf_driver_encoder.o
    0x080032c8   0x080032c8   0x00000130   Code   RO          362    .text.exti_init     zf_driver_exti.o
    0x080033f8   0x080033f8   0x00000058   Code   RO          164    .text.fifo_clear    zf_common_fifo.o
    0x08003450   0x08003450   0x00000012   Code   RO          176    .text.fifo_end_offset  zf_common_fifo.o
    0x08003462   0x08003462   0x00000012   Code   RO          170    .text.fifo_head_offset  zf_common_fifo.o
    0x08003474   0x08003474   0x00000034   Code   RO          182    .text.fifo_init     zf_common_fifo.o
    0x080034a8   0x080034a8   0x00000104   Code   RO          178    .text.fifo_read_buffer  zf_common_fifo.o
    0x080035ac   0x080035ac   0x0000001c   Code   RO          166    .text.fifo_used     zf_common_fifo.o
    0x080035c8   0x080035c8   0x000000fc   Code   RO          172    .text.fifo_write_buffer  zf_common_fifo.o
    0x080036c4   0x080036c4   0x00000070   Code   RO          168    .text.fifo_write_element  zf_common_fifo.o
    0x08003734   0x08003734   0x000001a8   Code   RO         2842    .text.find_BX       image.o
    0x080038dc   0x080038dc   0x00000140   Code   RO         2838    .text.find_JD       image.o
    0x08003a1c   0x08003a1c   0x00000038   Code   RO         2882    .text.find_ZX       image.o
    0x08003a54   0x08003a54   0x00000010   Code   RO          384    .text.flash_buffer_clear  zf_driver_flash.o
    0x08003a64   0x08003a64   0x00000054   Code   RO          372    .text.flash_check   zf_driver_flash.o
    0x08003ab8   0x08003ab8   0x000000a4   Code   RO          374    .text.flash_erase_page  zf_driver_flash.o
    0x08003b5c   0x08003b5c   0x00000044   Code   RO          380    .text.flash_read_page_to_buffer  zf_driver_flash.o
    0x08003ba0   0x08003ba0   0x000000b8   Code   RO          382    .text.flash_write_page_from_buffer  zf_driver_flash.o
    0x08003c58   0x08003c58   0x000000e0   Code   RO         2976    .text.fun_init      auto_menu.o
    0x08003d38   0x08003d38   0x00000020   Code   RO         2994    .text.fun_menu      auto_menu.o
    0x08003d58   0x08003d58   0x0000011c   Code   RO          229    .text.func_float_to_str  zf_common_function.o
    0x08003e74   0x08003e74   0x00000012   Code   RO          215    .text.func_get_greatest_common_divisor  zf_common_function.o
    0x08003e86   0x08003e86   0x00000002   PAD
    0x08003e88   0x08003e88   0x00000054   Code   RO          221    .text.func_int_to_str  zf_common_function.o
    0x08003edc   0x08003edc   0x00000048   Code   RO          225    .text.func_uint_to_str  zf_common_function.o
    0x08003f24   0x08003f24   0x0000001c   Code   RO          402    .text.gpio_get_level  zf_driver_gpio.o
    0x08003f40   0x08003f40   0x00000088   Code   RO          408    .text.gpio_init     zf_driver_gpio.o
    0x08003fc8   0x08003fc8   0x00000028   Code   RO          400    .text.gpio_set_level  zf_driver_gpio.o
    0x08003ff0   0x08003ff0   0x000000b0   Code   RO          999    .text.gps_uart_callback  zf_device_gps_tau1201.o
    0x080040a0   0x080040a0   0x00000020   Code   RO         1063    .text.imu660ra_get_gyro  zf_device_imu660ra.o
    0x080040c0   0x080040c0   0x00000138   Code   RO         1065    .text.imu660ra_init  zf_device_imu660ra.o
    0x080041f8   0x080041f8   0x00000020   Code   RO         1067    .text.imu660ra_read_register  zf_device_imu660ra.o
    0x08004218   0x08004218   0x00000034   Code   RO         1061    .text.imu660ra_read_registers  zf_device_imu660ra.o
    0x0800424c   0x0800424c   0x00000024   Code   RO         1069    .text.imu660ra_write_register  zf_device_imu660ra.o
    0x08004270   0x08004270   0x00000078   Code   RO         2978    .text.index_xy_init  auto_menu.o
    0x080042e8   0x080042e8   0x00000028   Code   RO          270    .text.interrupt_disable  zf_common_interrupt.o
    0x08004310   0x08004310   0x00000020   Code   RO          268    .text.interrupt_enable  zf_common_interrupt.o
    0x08004330   0x08004330   0x00000010   Code   RO          266    .text.interrupt_global_disable  zf_common_interrupt.o
    0x08004340   0x08004340   0x00000018   Code   RO          264    .text.interrupt_global_enable  zf_common_interrupt.o
    0x08004358   0x08004358   0x0000001c   Code   RO          274    .text.interrupt_init  zf_common_interrupt.o
    0x08004374   0x08004374   0x00000020   Code   RO          272    .text.interrupt_set_priority  zf_common_interrupt.o
    0x08004394   0x08004394   0x00000070   Code   RO         1184    .text.ips200_clear  zf_device_ips200.o
    0x08004404   0x08004404   0x00000084   Code   RO         1198    .text.ips200_draw_point  zf_device_ips200.o
    0x08004488   0x08004488   0x000002b8   Code   RO         1222    .text.ips200_init   zf_device_ips200.o
    0x08004740   0x08004740   0x0000000c   Code   RO         1196    .text.ips200_set_color  zf_device_ips200.o
    0x0800474c   0x0800474c   0x00000020   Code   RO         1192    .text.ips200_set_dir  zf_device_ips200.o
    0x0800476c   0x0800476c   0x000000bc   Code   RO         1186    .text.ips200_set_region  zf_device_ips200.o
    0x08004828   0x08004828   0x00000158   Code   RO         1202    .text.ips200_show_char  zf_device_ips200.o
    0x08004980   0x08004980   0x00000118   Code   RO         1210    .text.ips200_show_float  zf_device_ips200.o
    0x08004a98   0x08004a98   0x00000108   Code   RO         1214    .text.ips200_show_gray_image  zf_device_ips200.o
    0x08004ba0   0x08004ba0   0x000000a4   Code   RO         1206    .text.ips200_show_int  zf_device_ips200.o
    0x08004c44   0x08004c44   0x00000084   Code   RO         1204    .text.ips200_show_string  zf_device_ips200.o
    0x08004cc8   0x08004cc8   0x000000ac   Code   RO         1208    .text.ips200_show_uint  zf_device_ips200.o
    0x08004d74   0x08004d74   0x00000040   Code   RO         1188    .text.ips200_write_16bit_data  zf_device_ips200.o
    0x08004db4   0x08004db4   0x00000034   Code   RO         1226    .text.ips200_write_8bit_data  zf_device_ips200.o
    0x08004de8   0x08004de8   0x00000068   Code   RO         1224    .text.ips200_write_command  zf_device_ips200.o
    0x08004e50   0x08004e50   0x00000020   Code   RO         2990    .text.is_first_in_page  auto_menu.o
    0x08004e70   0x08004e70   0x0000002c   Code   RO         2982    .text.is_menu_clear  auto_menu.o
    0x08004e9c   0x08004e9c   0x0000002c   Code   RO         2719    .text.key_into      key.o
    0x08004ec8   0x08004ec8   0x00000178   Code   RO            4    .text.main          main.o
    0x08005040   0x08005040   0x00000024   Code   RO         2998    .text.menu_init     auto_menu.o
    0x08005064   0x08005064   0x00000048   Code   RO         2962    .text.menu_load     auto_menu.o
    0x080050ac   0x080050ac   0x00000074   Code   RO         2960    .text.menu_save     auto_menu.o
    0x08005120   0x08005120   0x00000014   Code   RO         1312    .text.mt9v03x_dma_handler  zf_device_mt9v03x.o
    0x08005134   0x08005134   0x0000004c   Code   RO         1306    .text.mt9v03x_get_version  zf_device_mt9v03x.o
    0x08005180   0x08005180   0x00000258   Code   RO         1318    .text.mt9v03x_init  zf_device_mt9v03x.o
    0x080053d8   0x080053d8   0x0000003c   Code   RO         3042    .text.mt9v03x_read_word_sccb  zf_device_config.lib(zf_device_config.o)
    0x08005414   0x08005414   0x000009ae   Code   RO         3038    .text.mt9v03x_set_config_sccb  zf_device_config.lib(zf_device_config.o)
    0x08005dc2   0x08005dc2   0x00000002   PAD
    0x08005dc4   0x08005dc4   0x00000030   Code   RO         1314    .text.mt9v03x_uart_handler  zf_device_mt9v03x.o
    0x08005df4   0x08005df4   0x00000026   Code   RO         1310    .text.mt9v03x_vsync_handler  zf_device_mt9v03x.o
    0x08005e1a   0x08005e1a   0x00000002   PAD
    0x08005e1c   0x08005e1c   0x00000032   Code   RO         3040    .text.mt9v03x_write_word_sccb  zf_device_config.lib(zf_device_config.o)
    0x08005e4e   0x08005e4e   0x00000002   PAD
    0x08005e50   0x08005e50   0x00000010   Code   RO         2779    .text.pid_Reset     pid.o
    0x08005e60   0x08005e60   0x000000c0   Code   RO         2764    .text.pit2_handler  encoder.o
    0x08005f20   0x08005f20   0x0000011c   Code   RO            8    .text.pit7_handler  main.o
    0x0800603c   0x0800603c   0x000000bc   Code   RO          504    .text.pit_init      zf_driver_pit.o
    0x080060f8   0x080060f8   0x00000170   Code   RO          517    .text.pwm_init      zf_driver_pwm.o
    0x08006268   0x08006268   0x000000a8   Code   RO          515    .text.pwm_set_duty  zf_driver_pwm.o
    0x08006310   0x08006310   0x0000003c   Code   RO         3002    .text.rand_color    auto_menu.o
    0x0800634c   0x0800634c   0x00000030   Code   RO         1612    .text.set_camera_type  zf_device_type.o
    0x0800637c   0x0800637c   0x00000014   Code   RO         2992    .text.show_menu     auto_menu.o
    0x08006390   0x08006390   0x00000058   Code   RO         2996    .text.show_process  auto_menu.o
    0x080063e8   0x080063e8   0x00000058   Code   RO          604    .text.soft_iic_init  zf_driver_soft_iic.o
    0x08006440   0x08006440   0x00000064   Code   RO          590    .text.soft_iic_read_8bit_registers  zf_driver_soft_iic.o
    0x080064a4   0x080064a4   0x000000ec   Code   RO          580    .text.soft_iic_read_data  zf_driver_soft_iic.o
    0x08006590   0x08006590   0x00000044   Code   RO          602    .text.soft_iic_sccb_read_register  zf_driver_soft_iic.o
    0x080065d4   0x080065d4   0x0000003c   Code   RO          600    .text.soft_iic_sccb_write_register  zf_driver_soft_iic.o
    0x08006610   0x08006610   0x000000fc   Code   RO          560    .text.soft_iic_send_data  zf_driver_soft_iic.o
    0x0800670c   0x0800670c   0x0000005c   Code   RO          558    .text.soft_iic_start  zf_driver_soft_iic.o
    0x08006768   0x08006768   0x00000060   Code   RO          562    .text.soft_iic_stop  zf_driver_soft_iic.o
    0x080067c8   0x080067c8   0x00000044   Code   RO          570    .text.soft_iic_write_8bit_register  zf_driver_soft_iic.o
    0x0800680c   0x0800680c   0x00000150   Code   RO          770    .text.spi_init      zf_driver_spi.o
    0x0800695c   0x0800695c   0x00000044   Code   RO          760    .text.spi_read_8bit_registers  zf_driver_spi.o
    0x080069a0   0x080069a0   0x00000028   Code   RO          738    .text.spi_write_16bit  zf_driver_spi.o
    0x080069c8   0x080069c8   0x0000001c   Code   RO          734    .text.spi_write_8bit  zf_driver_spi.o
    0x080069e4   0x080069e4   0x00000028   Code   RO          742    .text.spi_write_8bit_register  zf_driver_spi.o
    0x08006a0c   0x08006a0c   0x00000050   Code   RO          744    .text.spi_write_8bit_registers  zf_driver_spi.o
    0x08006a5c   0x08006a5c   0x00000054   Code   RO          302    .text.system_delay_ms  zf_driver_delay.o
    0x08006ab0   0x08006ab0   0x0000004c   Code   RO          820    .text.timer_clear   zf_driver_timer.o
    0x08006afc   0x08006afc   0x00000040   Code   RO          812    .text.timer_clock_enable  zf_driver_timer.o
    0x08006b3c   0x08006b3c   0x000000bc   Code   RO          824    .text.timer_etr_init  zf_driver_timer.o
    0x08006bf8   0x08006bf8   0x00000018   Code   RO          810    .text.timer_funciton_check  zf_driver_timer.o
    0x08006c10   0x08006c10   0x0000005c   Code   RO          818    .text.timer_get     zf_driver_timer.o
    0x08006c6c   0x08006c6c   0x0000007c   Code   RO         1590    .text.tsl1401_collect_pit_handler  zf_device_tsl1401.o
    0x08006ce8   0x08006ce8   0x00000002   Code   RO         1610    .text.type_default_callback  zf_device_type.o
    0x08006cea   0x08006cea   0x00000002   PAD
    0x08006cec   0x08006cec   0x00000110   Code   RO          850    .text.uart_init     zf_driver_uart.o
    0x08006dfc   0x08006dfc   0x0000002c   Code   RO          844    .text.uart_query_byte  zf_driver_uart.o
    0x08006e28   0x08006e28   0x0000004c   Code   RO          848    .text.uart_rx_interrupt  zf_driver_uart.o
    0x08006e74   0x08006e74   0x00000034   Code   RO          838    .text.uart_write_buffer  zf_driver_uart.o
    0x08006ea8   0x08006ea8   0x00000014   Code   RO          836    .text.uart_write_byte  zf_driver_uart.o
    0x08006ebc   0x08006ebc   0x0000002c   Code   RO          840    .text.uart_write_string  zf_driver_uart.o
    0x08006ee8   0x08006ee8   0x00000204   Code   RO         2974    .text.unit_param_set  auto_menu.o
    0x080070ec   0x080070ec   0x00000028   Code   RO         3201    i.__0sprintf$3      mc_w.l(printf3.o)
    0x08007114   0x08007114   0x00000050   Code   RO         3371    i.__free$2region    mc_w.l(malloc2.o)
    0x08007164   0x08007164   0x0000006c   Code   RO         3372    i.__malloc$2region  mc_w.l(malloc2.o)
    0x080071d0   0x080071d0   0x0000000e   Code   RO         3542    i.__scatterload_copy  mc_w.l(handlers.o)
    0x080071de   0x080071de   0x00000002   Code   RO         3543    i.__scatterload_null  mc_w.l(handlers.o)
    0x080071e0   0x080071e0   0x0000000e   Code   RO         3544    i.__scatterload_zeroinit  mc_w.l(handlers.o)
    0x080071ee   0x080071ee   0x00000002   PAD
    0x080071f0   0x080071f0   0x000001b8   Code   RO         3206    i._printf_core      mc_w.l(printf3.o)
    0x080073a8   0x080073a8   0x0000000a   Code   RO         3208    i._sputc            mc_w.l(printf3.o)
    0x080073b2   0x080073b2   0x00000002   PAD
    0x080073b4   0x080073b4   0x000000ac   Data   RO          153    .rodata..L__const.debug_protective_handler.pin_list  zf_common_debug.o
    0x08007460   0x08007460   0x00000228   Data   RO          204    .rodata.ascii_font_6x8  zf_common_font.o
    0x08007688   0x08007688   0x000005f0   Data   RO          203    .rodata.ascii_font_8x16  zf_common_font.o
    0x08007c78   0x08007c78   0x00000020   Data   RO          852    .rodata.cst32       zf_driver_uart.o
    0x08007c98   0x08007c98   0x00000008   Data   RO          291    .rodata.cst8        zf_driver_adc.o
    0x08007ca0   0x08007ca0   0x00000008   Data   RO          325    .rodata.cst8        zf_driver_dma.o
    0x08007ca8   0x08007ca8   0x00000008   Data   RO          800    .rodata.cst8        zf_driver_spi.o
    0x08007cb0   0x08007cb0   0x00000008   Data   RO          855    .rodata.cst8        zf_driver_uart.o
    0x08007cb8   0x08007cb8   0x00002000   Data   RO         3054    .rodata.imu660ra_config_file  zf_device_config.lib(zf_device_config.o)
    0x08009cb8   0x08009cb8   0x00000009   Data   RO          154    .rodata.str1.1      zf_common_debug.o
    0x08009cc1   0x08009cc1   0x0000002b   Data   RO          194    .rodata.str1.1      zf_common_fifo.o
    0x08009cec   0x08009cec   0x0000002f   Data   RO          255    .rodata.str1.1      zf_common_function.o
    0x08009d1b   0x08009d1b   0x0000002c   Data   RO          306    .rodata.str1.1      zf_driver_delay.o
    0x08009d47   0x08009d47   0x0000002e   Data   RO          349    .rodata.str1.1      zf_driver_encoder.o
    0x08009d75   0x08009d75   0x0000002c   Data   RO          390    .rodata.str1.1      zf_driver_flash.o
    0x08009da1   0x08009da1   0x0000002a   Data   RO          506    .rodata.str1.1      zf_driver_pit.o
    0x08009dcb   0x08009dcb   0x0000002a   Data   RO          519    .rodata.str1.1      zf_driver_pwm.o
    0x08009df5   0x08009df5   0x0000002f   Data   RO          652    .rodata.str1.1      zf_driver_soft_iic.o
    0x08009e24   0x08009e24   0x0000002a   Data   RO          801    .rodata.str1.1      zf_driver_spi.o
    0x08009e4e   0x08009e4e   0x0000002c   Data   RO          826    .rodata.str1.1      zf_driver_timer.o
    0x08009e7a   0x08009e7a   0x0000002b   Data   RO          853    .rodata.str1.1      zf_driver_uart.o
    0x08009ea5   0x08009ea5   0x0000002f   Data   RO         1076    .rodata.str1.1      zf_device_imu660ra.o
    0x08009ed4   0x08009ed4   0x0000002d   Data   RO         1254    .rodata.str1.1      zf_device_ips200.o
    0x08009f01   0x08009f01   0x0000002e   Data   RO         1327    .rodata.str1.1      zf_device_mt9v03x.o
    0x08009f2f   0x08009f2f   0x00000005   Data   RO         2934    .rodata.str1.1      image.o
    0x08009f34   0x08009f34   0x00000015   Data   RO         3024    .rodata.str1.1      auto_menu.o
    0x08009f49   0x08009f49   0x00000003   PAD
    0x08009f4c   0x08009f4c   0x00000020   Data   RO         3541    Region$$Table       anon$$obj.o


    Execution Region RW_m_data (Exec base: 0x20000000, Load base: 0x08009f70, Size: 0x00012904, Max: 0x0001dc00, ABSOLUTE, COMPRESSED[0x000000a0])

    Exec Addr    Load Addr    Size         Type   Attr      Idx    E Section Name        Object

    0x20000000   COMPRESSED   0x00000004   Data   RW         3086    .data               mc_w.l(rand.o)
    0x20000004   COMPRESSED   0x00000004   Data   RW         3514    .data               mc_w.l(mvars.o)
    0x20000008   COMPRESSED   0x00000004   Data   RW         3515    .data               mc_w.l(mvars.o)
    0x2000000c   COMPRESSED   0x00000006   Data   RW         1255    .data..L_MergedGlobals  zf_device_ips200.o
    0x20000012   COMPRESSED   0x0000004c   Data   RW         1331    .data..L_MergedGlobals  zf_device_mt9v03x.o
    0x2000005e   COMPRESSED   0x00000002   PAD
    0x20000060   COMPRESSED   0x0000000c   Data   RW         1619    .data..L_MergedGlobals  zf_device_type.o
    0x2000006c   COMPRESSED   0x0000006c   Data   RW         2811    .data..L_MergedGlobals  pid.o
    0x200000d8   COMPRESSED   0x00000002   Data   RW         2936    .data..L_MergedGlobals  image.o
    0x200000da   COMPRESSED   0x00000002   PAD
    0x200000dc   COMPRESSED   0x0000000c   Data   RW         3028    .data..L_MergedGlobals  auto_menu.o
    0x200000e8   COMPRESSED   0x00000004   Data   RW         2766    .data.GKD           encoder.o
    0x200000ec   COMPRESSED   0x00000034   Data   RW         2809    .data.Outer         pid.o
    0x20000120   COMPRESSED   0x00000004   Data   RW         2930    .data.QZ            image.o
    0x20000124   COMPRESSED   0x00000004   Data   RW         2767    .data.ZXM           encoder.o
    0x20000128   COMPRESSED   0x00000002   Data   RW          962    .data.dl1a_distance_mm  zf_device_dl1a.o
    0x2000012a   COMPRESSED   0x00000002   Data   RW          983    .data.dm1xa_distance_mm  zf_device_dm1xa.o
    0x2000012c   COMPRESSED   0x00000008   Data   RW          348    .data.encoder_dir_pin  zf_driver_encoder.o
    0x20000134   COMPRESSED   0x00000020   Data   RW          412    .data.gpio_group    zf_driver_gpio.o
    0x20000154   COMPRESSED   0x00000008   Data   RW         1075    .data.imu660ra_transition_factor  zf_device_imu660ra.o
    0x2000015c   COMPRESSED   0x00000004   Data   RW          111    .data.system_clock  zf_common_clock.o
    0x20000160   COMPRESSED   0x00000004   Data   RW         1618    .data.wireless_module_uart_handler  zf_device_type.o
    0x20000164   COMPRESSED   0x00000001   Data   RW          151    .data.zf_debug_assert_enable  zf_common_debug.o
    0x20000165   COMPRESSED   0x00000003   PAD
    0x20000168        -       0x0000000c   Zero   RW           16    .bss..L_MergedGlobals  main.o
    0x20000174        -       0x0000001c   Zero   RW          155    .bss..L_MergedGlobals  zf_common_debug.o
    0x20000190        -       0x00000010   Zero   RW          827    .bss..L_MergedGlobals  zf_driver_timer.o
    0x200001a0        -       0x00000020   Zero   RW          919    .bss..L_MergedGlobals  zf_device_camera.o
    0x200001c0        -       0x00000014   Zero   RW          964    .bss..L_MergedGlobals  zf_device_dl1a.o
    0x200001d4        -       0x00000008   Zero   RW          984    .bss..L_MergedGlobals  zf_device_dm1xa.o
    0x200001dc   COMPRESSED   0x00000004   PAD
    0x200001e0        -       0x00000060   Zero   RW         1025    .bss..L_MergedGlobals  zf_device_gps_tau1201.o
    0x20000240        -       0x0000000c   Zero   RW         1077    .bss..L_MergedGlobals  zf_device_imu660ra.o
    0x2000024c        -       0x00000002   Zero   RW         1601    .bss..L_MergedGlobals  zf_device_tsl1401.o
    0x2000024e        -       0x0000000e   Zero   RW         2729    .bss..L_MergedGlobals  key.o
    0x2000025c        -       0x00000008   Zero   RW         2771    .bss..L_MergedGlobals  encoder.o
    0x20000264        -       0x00000007   Zero   RW         1256    .bss..L_MergedGlobals.1  zf_device_ips200.o
    0x2000026b   COMPRESSED   0x00000001   PAD
    0x2000026c        -       0x0000002c   Zero   RW         2937    .bss..L_MergedGlobals.1  image.o
    0x20000298        -       0x00000034   Zero   RW         3029    .bss..L_MergedGlobals.28  auto_menu.o
    0x200002cc        -       0x00000004   Zero   RW         1332    .bss..L_MergedGlobals.3  zf_device_mt9v03x.o
    0x200002d0        -       0x00000078   Zero   RW         2928    .bss.BX_L_List      image.o
    0x20000348        -       0x00000078   Zero   RW         2929    .bss.BX_R_List      image.o
    0x200003c0        -       0x00000004   Zero   RW         2810    .bss.Final_Speed    pid.o
    0x200003c4        -       0x00000078   Zero   RW         2931    .bss.M_M_List       image.o
    0x2000043c        -       0x00000001   Zero   RW         2935    .bss.M_W_Finally    image.o
    0x2000043d   COMPRESSED   0x00000003   PAD
    0x20000440        -       0x00000004   Zero   RW         2829    .bss.OTSU           yudeal.o
    0x20000444        -       0x00000004   Zero   RW         2768    .bss.ZX             encoder.o
    0x20000448        -       0x00000002   Zero   RW          292    .bss.adc_resolution  zf_driver_adc.o
    0x2000044a        -       0x00000001   Zero   RW         1616    .bss.camera_type    zf_device_type.o
    0x2000044b   COMPRESSED   0x00000001   PAD
    0x2000044c        -       0x00000002   Zero   RW         2952    .bss.count_buzzer   buzzer.o
    0x2000044e        -       0x00000001   Zero   RW          152    .bss.debug_assert_handler.assert_nest_index  zf_common_debug.o
    0x2000044f   COMPRESSED   0x00000001   PAD
    0x20000450        -       0x00000400   Zero   RW          391    .bss.flash_union_buffer  zf_driver_flash.o
    0x20000850        -       0x00000080   Zero   RW         1023    .bss.gps_gga_buffer  zf_device_gps_tau1201.o
    0x200008d0        -       0x00000080   Zero   RW         1022    .bss.gps_rmc_buffer  zf_device_gps_tau1201.o
    0x20000950        -       0x00005820   Zero   RW         1330    .bss.image          zf_device_mt9v03x.o
    0x20006170        -       0x00005820   Zero   RW         1329    .bss.image_copy     zf_device_mt9v03x.o
    0x2000b990        -       0x00000004   Zero   RW          276    .bss.interrupt_nest_count  zf_common_interrupt.o
    0x2000b994        -       0x00000001   Zero   RW         1326    .bss.mt9v03x_finish_flag  zf_device_mt9v03x.o
    0x2000b995   COMPRESSED   0x00000003   PAD
    0x2000b998        -       0x00000004   Zero   RW         3052    .bss.mt9v03x_h_blank  zf_device_config.lib(zf_device_config.o)
    0x2000b99c        -       0x00000010   Zero   RW         3050    .bss.mt9v03x_iic_inf_struct  zf_device_config.lib(zf_device_config.o)
    0x2000b9ac        -       0x00005820   Zero   RW         1328    .bss.mt9v03x_image  zf_device_mt9v03x.o
    0x200111cc        -       0x00000014   Zero   RW         3051    .bss.mt9v03x_init_config  zf_device_config.lib(zf_device_config.o)
    0x200111e0        -       0x00000004   Zero   RW         3053    .bss.mt9v03x_v_blank  zf_device_config.lib(zf_device_config.o)
    0x200111e4        -       0x000000c8   Zero   RW         3027    .bss.my_index       auto_menu.o
    0x200112ac        -       0x00000fa0   Zero   RW         3025    .bss.my_menu_unit   auto_menu.o
    0x2001224c        -       0x000004b0   Zero   RW         3026    .bss.my_param_set   auto_menu.o
    0x200126fc        -       0x00000200   Zero   RW         1600    .bss.tsl1401_data   zf_device_tsl1401.o
    0x200128fc        -       0x00000008   Zero   RW          854    .bss.uart_interrupt_state  zf_driver_uart.o


    Execution Region ARM_LIB_HEAP (Exec base: 0x20012904, Load base: 0x0800a010, Size: 0x00000400, Max: 0x00000400, ABSOLUTE)

    Exec Addr    Load Addr    Size         Type   Attr      Idx    E Section Name        Object

    0x20012904        -       0x00000400   Zero   RW            1    ARM_LIB_HEAP.bss    anon$$obj.o


    Execution Region ARM_LIB_STACK (Exec base: 0x2001e000, Load base: 0x0800a010, Size: 0x00002000, Max: 0x00002000, ABSOLUTE)

    Exec Addr    Load Addr    Size         Type   Attr      Idx    E Section Name        Object

    0x2001e000        -       0x00002000   Zero   RW            2    ARM_LIB_STACK.bss   anon$$obj.o


==============================================================================

Image component sizes


      Code (inc. data)   RO Data    RW Data    ZI Data      Debug   Object Name

      3196        450         21         12       5452      13829   auto_menu.o
        60          4          0          0          2       2110   buzzer.o
       322         36          0          8         12       2339   encoder.o
      2866         88          5          6        405      15423   image.o
       968         92          0          0          0       6372   isr.o
       316         28          0          0         14       3462   key.o
       800        120          0          0         12       2601   main.o
       226         12          0          0          0       3722   motor.o
       276          4          0        160          4       3296   pid.o
        36          8        400          0          0        836   startup_mm32f3277g.o
        12          4          0          0          0        588   system_mm32f3277g.o
       408          8          0          0          4       4088   yudeal.o
       492         56          0          4          0       2830   zf_common_clock.o
      1054        144        181          1         29       9682   zf_common_debug.o
       878          4         43          0          0       6334   zf_common_fifo.o
         0          0       2072          0          0        723   zf_common_font.o
       494          8         47          0          0      11075   zf_common_function.o
       172         28          0          0          4       4697   zf_common_interrupt.o
       108          8          0          0         32       5970   zf_device_camera.o
       116          8          0          2         20       9502   zf_device_dl1a.o
       168         20          0          2          8       3579   zf_device_dm1xa.o
       176         20          0          0        352      10115   zf_device_gps_tau1201.o
       490         88         47          8         12       5098   zf_device_imu660ra.o
      2880        120         45          6          7      17396   zf_device_ips200.o
       804        104         46         76      67685       8577   zf_device_mt9v03x.o
       142         12          0          0        514       3887   zf_device_tsl1401.o
        50         12          0         16          1       1713   zf_device_type.o
        68          8          8          0          2       4899   zf_driver_adc.o
        84         16         44          0          0       1262   zf_driver_delay.o
       218         40          8          0          0       4271   zf_driver_dma.o
       522         56         46          8          0       6568   zf_driver_encoder.o
       304         40          0          0          0       5473   zf_driver_exti.o
       540         24         44          0       1024       4775   zf_driver_flash.o
       304         12          0         32          0       5393   zf_driver_gpio.o
       188         32         42          0          0       5377   zf_driver_pit.o
       536        112         42          0          0       5646   zf_driver_pwm.o
      1242         12         47          0          0      14187   zf_driver_soft_iic.o
       710         20         50          0          0      11952   zf_driver_spi.o
       444         52         44          0         16       8574   zf_driver_timer.o
       508         36         83          0          8       8156   zf_driver_uart.o

    ----------------------------------------------------------------------
     23188       1946       3400        348      84848     246377   Object Totals
         0          0         32          0       9216          0   (incl. Generated)
        10          0          3          7         13          0   (incl. Padding)

    ----------------------------------------------------------------------

      Code (inc. data)   RO Data    RW Data    ZI Data      Debug   Library Member Name

        86          0          0          0          0          0   __dczerorl2.o
         0          0          0          0          0          0   entry.o
         0          0          0          0          0          0   entry10a.o
         0          0          0          0          0          0   entry11a.o
         8          4          0          0          0          0   entry4.o
         4          0          0          0          0          0   entry5.o
         0          0          0          0          0          0   entry7b.o
         0          0          0          0          0          0   entry8b.o
         8          4          0          0          0          0   entry9a.o
        30          0          0          0          0          0   handlers.o
        48         10          0          0          0         68   init.o
         0          0          0          0          0          0   iusefp.o
        30          0          0          0          0         68   llshl.o
        36          0          0          0          0         68   llsshr.o
        32          0          0          0          0         68   llushr.o
       188         20          0          0          0        160   malloc2.o
        26          0          0          0          0         80   memcmp.o
        36          0          0          0          0         68   memcpya.o
        36          0          0          0          0        108   memseta.o
         0          0          0          8          0          0   mvars.o
       490         10          0          0          0        252   printf3.o
        36         10          0          4          0        136   rand.o
        18          0          0          0          0         68   strcpy.o
        14          0          0          0          0         68   strlen.o
        44          0          0          0          0         80   uidiv.o
        56          0          0          0          0         88   d2f.o
       334          0          0          0          0        148   dadd.o
       186          0          0          0          0        176   depilogue.o
        62          0          0          0          0         80   dfixi.o
        34          0          0          0          0         76   dflti.o
       228          0          0          0          0         96   dmul.o
        38          0          0          0          0         68   f2d.o
       176          0          0          0          0        140   fadd.o
        28          0          0          0          0         68   fcmpeq.o
        28          0          0          0          0         68   fcmpge.o
        28          0          0          0          0         68   fcmpgt.o
        28          0          0          0          0         68   fcmple.o
       124          0          0          0          0         88   fdiv.o
       110          0          0          0          0        168   fepilogue.o
        50          0          0          0          0         68   ffixi.o
        18          0          0          0          0         68   fflti.o
        10          0          0          0          0         68   ffltui.o
       100          0          0          0          0         76   fmul.o
      2588          0       8192          0         44       3849   zf_device_config.o

    ----------------------------------------------------------------------
      5408         58       8192         12         44       6821   Library Totals
        12          0          0          0          0          0   (incl. Padding)

    ----------------------------------------------------------------------

      Code (inc. data)   RO Data    RW Data    ZI Data      Debug   Library Name

      1170         58          0         12          0       1292   mc_w.l
      1638          0          0          0          0       1680   mf_w.l
      2588          0       8192          0         44       3849   zf_device_config.lib

    ----------------------------------------------------------------------
      5408         58       8192         12         44       6821   Library Totals

    ----------------------------------------------------------------------

==============================================================================


      Code (inc. data)   RO Data    RW Data    ZI Data      Debug   

     28596       2004      11592        360      84892     251006   Grand Totals
     28596       2004      11592        160      84892     251006   ELF Image Totals (compressed)
     28596       2004      11592        160          0          0   ROM Totals

==============================================================================

    Total RO  Size (Code + RO Data)                40188 (  39.25kB)
    Total RW  Size (RW Data + ZI Data)             85252 (  83.25kB)
    Total ROM Size (Code + RO Data + RW Data)      40348 (  39.40kB)

==============================================================================

