Component: Arm Compiler for Embedded 6.23 Tool: armlink [5f102400]

==============================================================================

Section Cross References

    main.o(.text.main) refers to main.o(.text.All_Init) for All_Init
    main.o(.text.main) refers to auto_menu.o(.text.menu_init) for menu_init
    main.o(.text.main) refers to zf_device_imu660ra.o(.text.imu660ra_init) for imu660ra_init
    main.o(.text.main) refers to zf_common_clock.o(.data.system_clock) for system_clock
    main.o(.text.main) refers to zf_driver_pit.o(.text.pit_init) for pit_init
    main.o(.text.main) refers to pid.o(.data.Outer) for Outer
    main.o(.text.main) refers to zf_device_ips200.o(.text.ips200_set_color) for ips200_set_color
    main.o(.text.main) refers to auto_menu.o(.text.show_process) for show_process
    main.o(.text.main) refers to image.o(.bss.stage_R) for stage_R
    main.o(.text.main) refers to zf_device_ips200.o(.text.ips200_show_int) for ips200_show_int
    main.o(.text.main) refers to image.o(.bss.stage_L) for stage_L
    main.o(.text.main) refers to zf_device_mt9v03x.o(.bss.image_copy) for image_copy
    main.o(.text.main) refers to zf_device_mt9v03x.o(.bss.mt9v03x_image) for mt9v03x_image
    main.o(.text.main) refers to memcpya.o(.text) for __aeabi_memcpy
    main.o(.text.main) refers to zf_device_mt9v03x.o(.bss.image) for image
    main.o(.text.main) refers to yudeal.o(.text.GetOTSU) for GetOTSU
    main.o(.text.main) refers to yudeal.o(.text.Set_image_T) for Set_image_T
    main.o(.text.main) refers to image.o(.text.Protect) for Protect
    main.o(.text.main) refers to image.o(.text.Stop) for Stop
    main.o(.text.main) refers to image.o(.text.find_JD) for find_JD
    main.o(.text.main) refers to image.o(.text.find_BX) for find_BX
    main.o(.text.main) refers to image.o(.text.Deal_DX) for Deal_DX
    main.o(.text.main) refers to image.o(.text.Deal_Cross) for Deal_Cross
    main.o(.text.main) refers to image.o(.text.Deal_Circle_R) for Deal_Circle_R
    main.o(.text.main) refers to image.o(.bss.Cross_Flag) for Cross_Flag
    main.o(.text.main) refers to image.o(.bss.Circle_Flag) for Circle_Flag
    main.o(.text.main) refers to image.o(.text.find_ZX) for find_ZX
    main.o(.text.main) refers to image.o(.text.QZ_Limit) for QZ_Limit
    main.o(.text.main) refers to image.o(.text.M_Weight) for M_Weight
    main.o(.text.main) refers to ffixi.o(.text) for __aeabi_f2iz
    main.o(.text.main) refers to image.o(.bss.M_W_Finally) for M_W_Finally
    main.o(.text.main) refers to zf_device_ips200.o(.text.ips200_show_float) for ips200_show_float
    main.o(.text.main) refers to image.o(.bss.S_stage) for S_stage
    main.o(.text.main) refers to zf_device_mt9v03x.o(.bss.mt9v03x_finish_flag) for mt9v03x_finish_flag
    main.o(.text.main) refers to auto_menu.o(.bss.Car_Flag) for Car_Flag
    main.o(.text.main) refers to auto_menu.o(.bss.view_state) for view_state
    main.o(.text.main) refers to zf_device_ips200.o(.text.ips200_show_gray_image) for ips200_show_gray_image
    main.o(.text.main) refers to image.o(.text.Draw_Line) for Draw_Line
    main.o(.text.main) refers to buzzer.o(.text.Buzzer) for Buzzer
    main.o(.ARM.exidx.text.main) refers to main.o(.text.main) for [Anonymous Symbol]
    main.o(.text.All_Init) refers to zf_common_clock.o(.text.clock_init) for clock_init
    main.o(.text.All_Init) refers to zf_common_debug.o(.text.debug_init) for debug_init
    main.o(.text.All_Init) refers to zf_driver_delay.o(.text.system_delay_ms) for system_delay_ms
    main.o(.text.All_Init) refers to zf_device_ips200.o(.text.ips200_init) for ips200_init
    main.o(.text.All_Init) refers to motor.o(.text.Motor_Init) for Motor_Init
    main.o(.text.All_Init) refers to encoder.o(.text.Encoder_Init) for Encoder_Init
    main.o(.text.All_Init) refers to buzzer.o(.text.Buzzer_Init) for Buzzer_Init
    main.o(.text.All_Init) refers to zf_device_mt9v03x.o(.text.mt9v03x_init) for mt9v03x_init
    main.o(.text.All_Init) refers to main.o(.rodata.str1.1) for .L.str
    main.o(.text.All_Init) refers to zf_device_ips200.o(.text.ips200_show_string) for ips200_show_string
    main.o(.text.All_Init) refers to zf_device_ips200.o(.text.ips200_clear) for ips200_clear
    main.o(.ARM.exidx.text.All_Init) refers to main.o(.text.All_Init) for [Anonymous Symbol]
    main.o(.ARM.exidx.text.pit7_handler) refers to main.o(.text.pit7_handler) for [Anonymous Symbol]
    isr.o(.ARM.exidx.text.TIM1_UP_IRQHandler) refers to isr.o(.text.TIM1_UP_IRQHandler) for [Anonymous Symbol]
    isr.o(.text.TIM2_IRQHandler) refers to encoder.o(.text.pit2_handler) for pit2_handler
    isr.o(.ARM.exidx.text.TIM2_IRQHandler) refers to isr.o(.text.TIM2_IRQHandler) for [Anonymous Symbol]
    isr.o(.ARM.exidx.text.TIM3_IRQHandler) refers to isr.o(.text.TIM3_IRQHandler) for [Anonymous Symbol]
    isr.o(.ARM.exidx.text.TIM4_IRQHandler) refers to isr.o(.text.TIM4_IRQHandler) for [Anonymous Symbol]
[...]
    SystemInit                               0x08002dd5   Thumb Code    16  system_mm32f3277g.o(.text.SystemInit)
    TIM1_UP_IRQHandler                       0x08002de5   Thumb Code    18  isr.o(.text.TIM1_UP_IRQHandler)
    TIM2_IRQHandler                          0x08002df9   Thumb Code    22  isr.o(.text.TIM2_IRQHandler)
    TIM3_IRQHandler                          0x08002e11   Thumb Code    18  isr.o(.text.TIM3_IRQHandler)
    TIM4_IRQHandler                          0x08002e25   Thumb Code    18  isr.o(.text.TIM4_IRQHandler)
    TIM5_IRQHandler                          0x08002e39   Thumb Code    18  isr.o(.text.TIM5_IRQHandler)
    TIM6_IRQHandler                          0x08002e4d   Thumb Code    18  isr.o(.text.TIM6_IRQHandler)
    TIM7_IRQHandler                          0x08002e61   Thumb Code    24  isr.o(.text.TIM7_IRQHandler)
    TIM8_UP_IRQHandler                       0x08002e79   Thumb Code    24  isr.o(.text.TIM8_UP_IRQHandler)
    UART1_IRQHandler                         0x08002e91   Thumb Code    72  isr.o(.text.UART1_IRQHandler)
    UART2_IRQHandler                         0x08002ed9   Thumb Code    78  isr.o(.text.UART2_IRQHandler)
    UART3_IRQHandler                         0x08002f29   Thumb Code    72  isr.o(.text.UART3_IRQHandler)
    UART4_IRQHandler                         0x08002f71   Thumb Code    72  isr.o(.text.UART4_IRQHandler)
    UART5_IRQHandler                         0x08002fb9   Thumb Code    72  isr.o(.text.UART5_IRQHandler)
    UART6_IRQHandler                         0x08003001   Thumb Code    86  isr.o(.text.UART6_IRQHandler)
    UART7_IRQHandler                         0x08003059   Thumb Code    72  isr.o(.text.UART7_IRQHandler)
    UART8_IRQHandler                         0x080030a1   Thumb Code    86  isr.o(.text.UART8_IRQHandler)
    UNIT_SET                                 0x080030f9   Thumb Code   522  auto_menu.o(.text.UNIT_SET)
    View                                     0x08003305   Thumb Code    70  auto_menu.o(.text.View)
    adc_convert                              0x08003435   Thumb Code   150  zf_driver_adc.o(.text.adc_convert)
    afio_init                                0x080034cd   Thumb Code   384  zf_driver_gpio.o(.text.afio_init)
    assist_menu                              0x0800364d   Thumb Code   536  auto_menu.o(.text.assist_menu)
    button_entry                             0x08003865   Thumb Code   806  key.o(.text.button_entry)
    camera_fifo_init                         0x08003b8d   Thumb Code    28  zf_device_camera.o(.text.camera_fifo_init)
    camera_init                              0x08003ba9   Thumb Code   202  zf_device_camera.o(.text.camera_init)
    center_menu                              0x08003c75   Thumb Code   632  auto_menu.o(.text.center_menu)
    change_value                             0x08003eed   Thumb Code   884  auto_menu.o(.text.change_value)
    clock_init                               0x08004261   Thumb Code    36  zf_common_clock.o(.text.clock_init)
    dad_link                                 0x0800457d   Thumb Code    46  auto_menu.o(.text.dad_link)
    dad_name_init                            0x080045ad   Thumb Code   242  auto_menu.o(.text.dad_name_init)
    day_night                                0x080046a1   Thumb Code   156  auto_menu.o(.text.day_night)
    debug_assert_handler                     0x0800473d   Thumb Code   108  zf_common_debug.o(.text.debug_assert_handler)
    debug_init                               0x080047e9   Thumb Code    50  zf_common_debug.o(.text.debug_init)
    debug_log_handler                        0x0800481d   Thumb Code    66  zf_common_debug.o(.text.debug_log_handler)
    debug_output_init                        0x08004c11   Thumb Code    76  zf_common_debug.o(.text.debug_output_init)
    debug_output_struct_init                 0x08004c5d   Thumb Code    48  zf_common_debug.o(.text.debug_output_struct_init)
    dl1a_get_distance                        0x08004d95   Thumb Code   158  zf_device_dl1a.o(.text.dl1a_get_distance)
    dl1a_int_handler                         0x08004e35   Thumb Code     8  zf_device_dl1a.o(.text.dl1a_int_handler)
    dm1xa_light_callback                     0x08004e3d   Thumb Code    58  zf_device_dm1xa.o(.text.dm1xa_light_callback)
    dm1xa_sound_callback                     0x08004e79   Thumb Code   256  zf_device_dm1xa.o(.text.dm1xa_sound_callback)
    dma_camera_init                          0x08004f79   Thumb Code   338  zf_driver_dma.o(.text.dma_camera_init)
    dma_disable                              0x080050cd   Thumb Code    50  zf_driver_dma.o(.text.dma_disable)
    dma_enable                               0x08005101   Thumb Code    50  zf_driver_dma.o(.text.dma_enable)
    dma_set_count                            0x08005135   Thumb Code    52  zf_driver_dma.o(.text.dma_set_count)
    encoder_clear_count                      0x08005169   Thumb Code   144  zf_driver_encoder.o(.text.encoder_clear_count)
    encoder_dir_init                         0x080051f9   Thumb Code   360  zf_driver_encoder.o(.text.encoder_dir_init)
    encoder_get_count                        0x08005361   Thumb Code   222  zf_driver_encoder.o(.text.encoder_get_count)
    encoder_quad_init                        0x08005441   Thumb Code   346  zf_driver_encoder.o(.text.encoder_quad_init)
    exti_init                                0x0800559d   Thumb Code   672  zf_driver_exti.o(.text.exti_init)
    fifo_clear                               0x0800583d   Thumb Code   168  zf_common_fifo.o(.text.fifo_clear)
    fifo_init                                0x08005945   Thumb Code   110  zf_common_fifo.o(.text.fifo_init)
    fifo_read_buffer                         0x080059b5   Thumb Code   496  zf_common_fifo.o(.text.fifo_read_buffer)
    fifo_used                                0x08005ba5   Thumb Code    40  zf_common_fifo.o(.text.fifo_used)
    fifo_write_buffer                        0x08005bcd   Thumb Code   506  zf_common_fifo.o(.text.fifo_write_buffer)
    fifo_write_element                       0x08005dc9   Thumb Code   190  zf_common_fifo.o(.text.fifo_write_element)
    find_BX                                  0x08005e89   Thumb Code  1194  image.o(.text.find_BX)
    find_JD                                  0x08006335   Thumb Code   942  image.o(.text.find_JD)
    find_ZX                                  0x080066e5   Thumb Code    90  image.o(.text.find_ZX)
    flash_buffer_clear                       0x08006741   Thumb Code    22  zf_driver_flash.o(.text.flash_buffer_clear)
    flash_check                              0x08006759   Thumb Code   142  zf_driver_flash.o(.text.flash_check)
    flash_erase_page                         0x080067e9   Thumb Code   288  zf_driver_flash.o(.text.flash_erase_page)
    flash_read_page_to_buffer                0x08006909   Thumb Code   136  zf_driver_flash.o(.text.flash_read_page_to_buffer)
    flash_write_page_from_buffer             0x08006991   Thumb Code   330  zf_driver_flash.o(.text.flash_write_page_from_buffer)
    fun_init                                 0x08006add   Thumb Code   342  auto_menu.o(.text.fun_init)
    fun_menu                                 0x08006c35   Thumb Code    90  auto_menu.o(.text.fun_menu)
    func_float_to_str                        0x08006c91   Thumb Code   588  zf_common_function.o(.text.func_float_to_str)
    func_get_greatest_common_divisor         0x08006edd   Thumb Code    66  zf_common_function.o(.text.func_get_greatest_common_divisor)
    func_int_to_str                          0x08006f21   Thumb Code   242  zf_common_function.o(.text.func_int_to_str)
    func_uint_to_str                         0x08007015   Thumb Code   168  zf_common_function.o(.text.func_uint_to_str)
    gpio_get_level                           0x080070bd   Thumb Code    46  zf_driver_gpio.o(.text.gpio_get_level)
    gpio_init                                0x080070ed   Thumb Code   488  zf_driver_gpio.o(.text.gpio_init)
    gpio_set_level                           0x080072d5   Thumb Code    98  zf_driver_gpio.o(.text.gpio_set_level)
    gps_uart_callback                        0x08007339   Thumb Code   314  zf_device_gps_tau1201.o(.text.gps_uart_callback)
    imu660ra_get_gyro                        0x08007475   Thumb Code    86  zf_device_imu660ra.o(.text.imu660ra_get_gyro)
    imu660ra_init                            0x080074cd   Thumb Code   330  zf_device_imu660ra.o(.text.imu660ra_init)
    index_xy_init                            0x080077a1   Thumb Code   290  auto_menu.o(.text.index_xy_init)
    interrupt_disable                        0x080078c5   Thumb Code    20  zf_common_interrupt.o(.text.interrupt_disable)
    interrupt_enable                         0x080078d9   Thumb Code    20  zf_common_interrupt.o(.text.interrupt_enable)
    interrupt_global_disable                 0x080078ed   Thumb Code    36  zf_common_interrupt.o(.text.interrupt_global_disable)
    interrupt_global_enable                  0x08007911   Thumb Code    48  zf_common_interrupt.o(.text.interrupt_global_enable)
    interrupt_init                           0x08007941   Thumb Code    10  zf_common_interrupt.o(.text.interrupt_init)
    interrupt_set_priority                   0x0800794d   Thumb Code    28  zf_common_interrupt.o(.text.interrupt_set_priority)
    ips200_clear                             0x08007969   Thumb Code   270  zf_device_ips200.o(.text.ips200_clear)
    ips200_draw_point                        0x08007b05   Thumb Code   234  zf_device_ips200.o(.text.ips200_draw_point)
    ips200_init                              0x08007bf1   Thumb Code  1138  zf_device_ips200.o(.text.ips200_init)
    ips200_set_color                         0x08008065   Thumb Code    42  zf_device_ips200.o(.text.ips200_set_color)
    ips200_set_dir                           0x08008091   Thumb Code   102  zf_device_ips200.o(.text.ips200_set_dir)
    ips200_show_char                         0x080081bd   Thumb Code   734  zf_device_ips200.o(.text.ips200_show_char)
    ips200_show_float                        0x0800849d   Thumb Code   350  zf_device_ips200.o(.text.ips200_show_float)
    ips200_show_gray_image                   0x080085fd   Thumb Code   532  zf_device_ips200.o(.text.ips200_show_gray_image)
    ips200_show_int                          0x08008811   Thumb Code   256  zf_device_ips200.o(.text.ips200_show_int)
    ips200_show_string                       0x08008911   Thumb Code   220  zf_device_ips200.o(.text.ips200_show_string)
    ips200_show_uint                         0x080089ed   Thumb Code   254  zf_device_ips200.o(.text.ips200_show_uint)
    is_first_in_page                         0x08008d61   Thumb Code    96  auto_menu.o(.text.is_first_in_page)
    is_menu_clear                            0x08008dc1   Thumb Code    96  auto_menu.o(.text.is_menu_clear)
    key_into                                 0x08008e21   Thumb Code    60  key.o(.text.key_into)
    main                                     0x08008e5d   Thumb Code   504  main.o(.text.main)
    menu_init                                0x08009055   Thumb Code    34  auto_menu.o(.text.menu_init)
    menu_load                                0x08009079   Thumb Code   136  auto_menu.o(.text.menu_load)
    menu_save                                0x08009101   Thumb Code   138  auto_menu.o(.text.menu_save)
    mt9v03x_get_version                      0x080092c9   Thumb Code   160  zf_device_mt9v03x.o(.text.mt9v03x_get_version)
    mt9v03x_init                             0x08009369   Thumb Code   420  zf_device_mt9v03x.o(.text.mt9v03x_init)
    mt9v03x_set_config_sccb                  0x08009641   Thumb Code  2478  zf_device_config.o(.text.mt9v03x_set_config_sccb)
    pit2_handler                             0x0800a09d   Thumb Code   446  encoder.o(.text.pit2_handler)
    pit7_handler                             0x0800a25d   Thumb Code     2  main.o(.text.pit7_handler)
    pit_init                                 0x0800a261   Thumb Code   306  zf_driver_pit.o(.text.pit_init)
    pwm_init                                 0x0800a395   Thumb Code   598  zf_driver_pwm.o(.text.pwm_init)
    pwm_set_duty                             0x0800a5ed   Thumb Code   302  zf_driver_pwm.o(.text.pwm_set_duty)
    rand_color                               0x0800a71d   Thumb Code    78  auto_menu.o(.text.rand_color)
    set_camera_type                          0x0800a76d   Thumb Code   138  zf_device_type.o(.text.set_camera_type)
    show_menu                                0x0800a7f9   Thumb Code    36  auto_menu.o(.text.show_menu)
    show_process                             0x0800a81d   Thumb Code   210  auto_menu.o(.text.show_process)
    soft_iic_init                            0x0800a8f1   Thumb Code   142  zf_driver_soft_iic.o(.text.soft_iic_init)
    soft_iic_read_8bit_registers             0x0800a981   Thumb Code   152  zf_driver_soft_iic.o(.text.soft_iic_read_8bit_registers)
    soft_iic_sccb_read_register              0x0800ab7d   Thumb Code   120  zf_driver_soft_iic.o(.text.soft_iic_sccb_read_register)
    soft_iic_sccb_write_register             0x0800abf5   Thumb Code    86  zf_driver_soft_iic.o(.text.soft_iic_sccb_write_register)
    soft_iic_write_8bit_register             0x0800b141   Thumb Code    86  zf_driver_soft_iic.o(.text.soft_iic_write_8bit_register)
    son_link                                 0x0800b199   Thumb Code    44  auto_menu.o(.text.son_link)
    spi_init                                 0x0800b1c5   Thumb Code   870  zf_driver_spi.o(.text.spi_init)
    spi_read_8bit_registers                  0x0800b52d   Thumb Code   264  zf_driver_spi.o(.text.spi_read_8bit_registers)
    spi_write_16bit                          0x0800b635   Thumb Code   184  zf_driver_spi.o(.text.spi_write_16bit)
    spi_write_8bit                           0x0800b6ed   Thumb Code   134  zf_driver_spi.o(.text.spi_write_8bit)
    spi_write_8bit_register                  0x0800b775   Thumb Code   188  zf_driver_spi.o(.text.spi_write_8bit_register)
    spi_write_8bit_registers                 0x0800b831   Thumb Code   232  zf_driver_spi.o(.text.spi_write_8bit_registers)
    system_delay_ms                          0x0800b919   Thumb Code   154  zf_driver_delay.o(.text.system_delay_ms)
    timer_clear                              0x0800b9b5   Thumb Code   178  zf_driver_timer.o(.text.timer_clear)
    timer_clock_enable                       0x0800ba69   Thumb Code   182  zf_driver_timer.o(.text.timer_clock_enable)
    timer_etr_init                           0x0800bb21   Thumb Code   298  zf_driver_timer.o(.text.timer_etr_init)
    timer_funciton_check                     0x0800bc4d   Thumb Code   104  zf_driver_timer.o(.text.timer_funciton_check)
    timer_get                                0x0800bcb5   Thumb Code   182  zf_driver_timer.o(.text.timer_get)
    tsl1401_collect_pit_handler              0x0800bd6d   Thumb Code   224  zf_device_tsl1401.o(.text.tsl1401_collect_pit_handler)
    uart_init                                0x0800be51   Thumb Code   652  zf_driver_uart.o(.text.uart_init)
    uart_query_byte                          0x0800c0dd   Thumb Code   102  zf_driver_uart.o(.text.uart_query_byte)
    uart_rx_interrupt                        0x0800c145   Thumb Code   160  zf_driver_uart.o(.text.uart_rx_interrupt)
    uart_write_buffer                        0x0800c1e5   Thumb Code   108  zf_driver_uart.o(.text.uart_write_buffer)
    uart_write_byte                          0x0800c251   Thumb Code    64  zf_driver_uart.o(.text.uart_write_byte)
    uart_write_string                        0x0800c291   Thumb Code    64  zf_driver_uart.o(.text.uart_write_string)
    unit_default                             0x0800c2d1   Thumb Code    50  auto_menu.o(.text.unit_default)
    unit_index_init                          0x0800c305   Thumb Code    36  auto_menu.o(.text.unit_index_init)
    unit_param_set                           0x0800c329   Thumb Code   848  auto_menu.o(.text.unit_param_set)
    __0sprintf                               0x0800c679   Thumb Code    34  printfa.o(i.__0sprintf)
    __1sprintf                               0x0800c679   Thumb Code     0  printfa.o(i.__0sprintf)
    __2sprintf                               0x0800c679   Thumb Code     0  printfa.o(i.__0sprintf)
    __c89sprintf                             0x0800c679   Thumb Code     0  printfa.o(i.__0sprintf)
    sprintf                                  0x0800c679   Thumb Code     0  printfa.o(i.__0sprintf)
    free                                     0x0800c6a1   Thumb Code    76  malloc2.o(i.__free$2region)
    malloc                                   0x0800c6f1   Thumb Code    92  malloc2.o(i.__malloc$2region)
    __scatterload_copy                       0x0800c75d   Thumb Code    14  handlers.o(i.__scatterload_copy)
    __scatterload_null                       0x0800c76b   Thumb Code     2  handlers.o(i.__scatterload_null)
    __scatterload_zeroinit                   0x0800c76d   Thumb Code    14  handlers.o(i.__scatterload_zeroinit)
    ascii_font_6x8                           0x0800d0e4   Data         552  zf_common_font.o(.rodata.ascii_font_6x8)
    ascii_font_8x16                          0x0800d30c   Data        1520  zf_common_font.o(.rodata.ascii_font_8x16)
    imu660ra_config_file                     0x0800d8fc   Data        8192  zf_device_config.o(.rodata.imu660ra_config_file)
    Region$$Table$$Base                      0x0800fd14   Number         0  anon$$obj.o(Region$$Table)
    Region$$Table$$Limit                     0x0800fd34   Number         0  anon$$obj.o(Region$$Table)
    __microlib_freelist                      0x20000004   Data           4  mvars.o(.data)
    __microlib_freelist_initialised          0x20000008   Data           4  mvars.o(.data)
    DAD_NUM                                  0x2000000c   Data           1  auto_menu.o(.data.DAD_NUM)
    GD_L_L                                   0x2000000d   Data           1  image.o(.data.GD_L_L)
    GD_R_L                                   0x2000000e   Data           1  image.o(.data.GD_R_L)
    Inner_L                                  0x20000014   Data          52  pid.o(.data.Inner_L)
    Inner_R                                  0x20000048   Data          52  pid.o(.data.Inner_R)
    Outer                                    0x2000007c   Data          52  pid.o(.data.Outer)
    QZ                                       0x200000b0   Data           4  image.o(.data.QZ)
    Speed                                    0x200000b4   Data           4  auto_menu.o(.data.Speed)
    W_Kd                                     0x200000b8   Data           4  pid.o(.data.W_Kd)
    W_Kp                                     0x200000bc   Data           4  pid.o(.data.W_Kp)
    Z_Kd                                     0x200000c0   Data           4  pid.o(.data.Z_Kd)
    Z_Kp                                     0x200000c4   Data           4  pid.o(.data.Z_Kp)
    begin_menu_flag                          0x200000d0   Data           1  auto_menu.o(.data.begin_menu_flag)
    camera_dma_handler                       0x200000d4   Data           4  zf_device_type.o(.data.camera_dma_handler)
    camera_uart_handler                      0x200000d8   Data           4  zf_device_type.o(.data.camera_uart_handler)
    camera_vsync_handler                     0x200000dc   Data           4  zf_device_type.o(.data.camera_vsync_handler)
    dl1a_distance_mm                         0x200000e0   Data           2  zf_device_dl1a.o(.data.dl1a_distance_mm)
    gpio_group                               0x200000f4   Data          32  zf_driver_gpio.o(.data.gpio_group)
    imu660ra_transition_factor               0x20000114   Data           8  zf_device_imu660ra.o(.data.imu660ra_transition_factor)
    system_clock                             0x20000180   Data           4  zf_common_clock.o(.data.system_clock)
    wireless_module_uart_handler             0x200001ac   Data           4  zf_device_type.o(.data.wireless_module_uart_handler)
    A_PointR                                 0x200001b4   Data           1  image.o(.bss.A_PointR)
    BX_L_List                                0x200001b5   Data         120  image.o(.bss.BX_L_List)
    BX_R_List                                0x2000022d   Data         120  image.o(.bss.BX_R_List)
    B_PointR                                 0x200002a5   Data           1  image.o(.bss.B_PointR)
    C_PointR                                 0x200002a6   Data           1  image.o(.bss.C_PointR)
    Car_Flag                                 0x200002a7   Data           1  auto_menu.o(.bss.Car_Flag)
    Circle_Flag                              0x200002a8   Data           4  image.o(.bss.Circle_Flag)
    Counter                                  0x200002ac   Data           4  encoder.o(.bss.Counter)
    Cross_Flag                               0x200002b0   Data           4  image.o(.bss.Cross_Flag)
    DX_L_Count                               0x200002b4   Data           1  image.o(.bss.DX_L_Count)
    DX_L_End                                 0x200002b5   Data           1  image.o(.bss.DX_L_End)
    DX_L_Start                               0x200002b6   Data           1  image.o(.bss.DX_L_Start)
    DX_M_Count                               0x200002b7   Data           1  image.o(.bss.DX_M_Count)
    DX_M_End                                 0x200002b8   Data           1  image.o(.bss.DX_M_End)
    DX_M_Start                               0x200002b9   Data           1  image.o(.bss.DX_M_Start)
    DX_R_Count                               0x200002ba   Data           1  image.o(.bss.DX_R_Count)
    DX_R_End                                 0x200002bb   Data           1  image.o(.bss.DX_R_End)
    DX_R_Start                               0x200002bc   Data           1  image.o(.bss.DX_R_Start)
    D_PointR                                 0x200002bd   Data           1  image.o(.bss.D_PointR)
    E_NumL                                   0x200002c0   Data           4  encoder.o(.bss.E_NumL)
    E_NumR                                   0x200002c4   Data           4  encoder.o(.bss.E_NumR)
    Final_Speed                              0x200002c8   Data           4  pid.o(.bss.Final_Speed)
    GD_L_H                                   0x200002cc   Data           1  image.o(.bss.GD_L_H)
    GD_R_H                                   0x200002cd   Data           1  image.o(.bss.GD_R_H)
    JD_L                                     0x200002ce   Data           1  image.o(.bss.JD_L)
    JD_R                                     0x200002cf   Data           1  image.o(.bss.JD_R)
    M_M_List                                 0x200002d0   Data         120  image.o(.bss.M_M_List)
    M_W_Finally                              0x20000348   Data           1  image.o(.bss.M_W_Finally)
    OTSU                                     0x2000034c   Data           4  yudeal.o(.bss.OTSU)
    QZ_L                                     0x20000354   Data           1  image.o(.bss.QZ_L)
    S_Flag                                   0x20000358   Data           4  image.o(.bss.S_Flag)
    S_stage                                  0x2000035c   Data           4  image.o(.bss.S_stage)
    button1                                  0x20000362   Data           1  auto_menu.o(.bss.button1)
    button2                                  0x20000363   Data           1  auto_menu.o(.bss.button2)
    button3                                  0x20000364   Data           1  auto_menu.o(.bss.button3)
    button4                                  0x20000365   Data           1  auto_menu.o(.bss.button4)
    camera_receiver_buffer                   0x20000368   Data           8  zf_device_camera.o(.bss.camera_receiver_buffer)
    camera_receiver_fifo                     0x20000370   Data          24  zf_device_camera.o(.bss.camera_receiver_fifo)
    camera_type                              0x20000388   Data           1  zf_device_type.o(.bss.camera_type)
    count_buzzer                             0x2000038a   Data           2  buzzer.o(.bss.count_buzzer)
    current_operation_menu                   0x2000038c   Data           4  auto_menu.o(.bss.current_operation_menu)
    dl1a_finsh_flag                          0x200003a8   Data           1  zf_device_dl1a.o(.bss.dl1a_finsh_flag)
    first_in_page_flag                       0x200003c2   Data           1  auto_menu.o(.bss.first_in_page_flag)
    flash_union_buffer                       0x200003c4   Data        1024  zf_driver_flash.o(.bss.flash_union_buffer)
    gps_gga_state                            0x20000844   Data           1  zf_device_gps_tau1201.o(.bss.gps_gga_state)
    gps_rmc_state                            0x200008c5   Data           1  zf_device_gps_tau1201.o(.bss.gps_rmc_state)
    gps_tau1201_flag                         0x200008c6   Data           1  zf_device_gps_tau1201.o(.bss.gps_tau1201_flag)
    image                                    0x200008e1   Data       22560  zf_device_mt9v03x.o(.bss.image)
    image_copy                               0x20006101   Data       22560  zf_device_mt9v03x.o(.bss.image_copy)
    imu660ra_gyro_x                          0x2000b922   Data           2  zf_device_imu660ra.o(.bss.imu660ra_gyro_x)
    imu660ra_gyro_y                          0x2000b924   Data           2  zf_device_imu660ra.o(.bss.imu660ra_gyro_y)
    imu660ra_gyro_z                          0x2000b926   Data           2  zf_device_imu660ra.o(.bss.imu660ra_gyro_z)
    is_clear_flag                            0x2000b92e   Data           1  auto_menu.o(.bss.is_clear_flag)
    key1_state                               0x2000b92f   Data           1  key.o(.bss.key1_state)
    key1_state_last                          0x2000b930   Data           1  key.o(.bss.key1_state_last)
    key2_state                               0x2000b931   Data           1  key.o(.bss.key2_state)
    key2_state_last                          0x2000b932   Data           1  key.o(.bss.key2_state_last)
    key3_state                               0x2000b933   Data           1  key.o(.bss.key3_state)
    key3_state_last                          0x2000b934   Data           1  key.o(.bss.key3_state_last)
    key4_state                               0x2000b935   Data           1  key.o(.bss.key4_state)
    key4_state_last                          0x2000b936   Data           1  key.o(.bss.key4_state_last)
    mt9v03x_finish_flag                      0x2000b937   Data           1  zf_device_mt9v03x.o(.bss.mt9v03x_finish_flag)
    mt9v03x_image                            0x2000b94c   Data       22560  zf_device_mt9v03x.o(.bss.mt9v03x_image)
    my_index                                 0x20011186   Data         200  auto_menu.o(.bss.my_index)
    my_menu_unit                             0x20011250   Data        4000  auto_menu.o(.bss.my_menu_unit)
    my_param_set                             0x200121f0   Data        1200  auto_menu.o(.bss.my_param_set)
    p_index_xy_dad                           0x200126a0   Data           4  auto_menu.o(.bss.p_index_xy_dad)
    p_index_xy_son                           0x200126a4   Data           4  auto_menu.o(.bss.p_index_xy_son)
    stage_L                                  0x200126b0   Data           1  image.o(.bss.stage_L)
    stage_R                                  0x200126b1   Data           1  image.o(.bss.stage_R)
    tsl1401_data                             0x200126c8   Data         512  zf_device_tsl1401.o(.bss.tsl1401_data)
    tsl1401_finish_flag                      0x200128c8   Data           1  zf_device_tsl1401.o(.bss.tsl1401_finish_flag)
    view_state                               0x200128dc   Data           4  auto_menu.o(.bss.view_state)
    Image$$ARM_LIB_HEAP$$ZI$$Base            0x200128e4   Number         0  anon$$obj.o ABSOLUTE
    Image$$ARM_LIB_HEAP$$ZI$$Limit           0x20012ce4   Number         0  anon$$obj.o ABSOLUTE
    Image$$ARM_LIB_STACK$$ZI$$Limit          0x20020000   Number         0  anon$$obj.o ABSOLUTE



==============================================================================

Memory Map of the image

  Image Entry point : 0x08000401

  Load Region LR_m_text (Base: 0x08000000, Size: 0x0000fee8, Max: 0x00080000, ABSOLUTE, COMPRESSED[0x0000fe08])

    Execution Region VECTOR_ROM (Exec base: 0x08000000, Load base: 0x08000000, Size: 0x00000190, Max: 0x00000400, ABSOLUTE)

    Exec Addr    Load Addr    Size         Type   Attr      Idx    E Section Name        Object

    0x08000000   0x08000000   0x00000190   Data   RO         1519    RESET               startup_mm32f3277g.o


    Execution Region ER_m_text (Exec base: 0x08000400, Load base: 0x08000400, Size: 0x0000f934, Max: 0x0007fc00, ABSOLUTE, FIXED)

    Exec Addr    Load Addr    Size         Type   Attr      Idx    E Section Name        Object

    0x08000400   0x08000400   0x00000000   Code   RO         2824  * .ARM.Collect$$$$00000000  mc_w.l(entry.o)
    0x08000400   0x08000400   0x00000004   Code   RO         2987    .ARM.Collect$$$$00000003  mc_w.l(entry4.o)
    0x08000404   0x08000404   0x00000004   Code   RO         2990    .ARM.Collect$$$$00000004  mc_w.l(entry5.o)
    0x08000408   0x08000408   0x00000000   Code   RO         2992    .ARM.Collect$$$$00000008  mc_w.l(entry7b.o)
    0x08000408   0x08000408   0x00000000   Code   RO         2994    .ARM.Collect$$$$0000000A  mc_w.l(entry8b.o)
    0x08000408   0x08000408   0x00000008   Code   RO         2995    .ARM.Collect$$$$0000000B  mc_w.l(entry9a.o)
    0x08000410   0x08000410   0x00000000   Code   RO         2997    .ARM.Collect$$$$0000000D  mc_w.l(entry10a.o)
    0x08000410   0x08000410   0x00000000   Code   RO         2999    .ARM.Collect$$$$0000000F  mc_w.l(entry11a.o)
    0x08000410   0x08000410   0x00000004   Code   RO         2988    .ARM.Collect$$$$00002714  mc_w.l(entry4.o)
    0x08000414   0x08000414   0x00000024   Code   RO         1520    .text               startup_mm32f3277g.o
    0x08000438   0x08000438   0x00000024   Code   RO         2827    .text               mc_w.l(rand.o)
    0x0800045c   0x0800045c   0x00000024   Code   RO         2830    .text               mc_w.l(memcpya.o)
    0x08000480   0x08000480   0x00000024   Code   RO         2832    .text               mc_w.l(memseta.o)
    0x080004a4   0x080004a4   0x0000000e   Code   RO         2840    .text               mc_w.l(strlen.o)
    0x080004b2   0x080004b2   0x00000012   Code   RO         2844    .text               mc_w.l(strcpy.o)
    0x080004c4   0x080004c4   0x0000001e   Code   RO         2846    .text               mc_w.l(strncmp.o)
    0x080004e2   0x080004e2   0x000000b0   Code   RO         2908    .text               mf_w.l(fadd.o)
    0x08000592   0x08000592   0x00000064   Code   RO         2910    .text               mf_w.l(fmul.o)
    0x080005f6   0x080005f6   0x0000007c   Code   RO         2912    .text               mf_w.l(fdiv.o)
    0x08000672   0x08000672   0x0000014e   Code   RO         2914    .text               mf_w.l(dadd.o)
    0x080007c0   0x080007c0   0x000000e4   Code   RO         2916    .text               mf_w.l(dmul.o)
    0x080008a4   0x080008a4   0x000000de   Code   RO         2918    .text               mf_w.l(ddiv.o)
    0x08000982   0x08000982   0x0000001c   Code   RO         2920    .text               mf_w.l(fcmple.o)
    0x0800099e   0x0800099e   0x0000001c   Code   RO         2922    .text               mf_w.l(fcmpge.o)
    0x080009ba   0x080009ba   0x00000038   Code   RO         2932    .text               mf_w.l(dcmpeq.o)
    0x080009f2   0x080009f2   0x00000012   Code   RO         2934    .text               mf_w.l(fflti.o)
    0x08000a04   0x08000a04   0x0000000a   Code   RO         2936    .text               mf_w.l(ffltui.o)
    0x08000a0e   0x08000a0e   0x00000032   Code   RO         2942    .text               mf_w.l(ffixi.o)
    0x08000a40   0x08000a40   0x0000003e   Code   RO         2944    .text               mf_w.l(dfixi.o)
    0x08000a7e   0x08000a7e   0x00000026   Code   RO         2948    .text               mf_w.l(f2d.o)
    0x08000aa4   0x08000aa4   0x00000038   Code   RO         2950    .text               mf_w.l(d2f.o)
    0x08000adc   0x08000adc   0x0000002c   Code   RO         3011    .text               mc_w.l(uidiv.o)
    0x08000b08   0x08000b08   0x00000062   Code   RO         3013    .text               mc_w.l(uldiv.o)
    0x08000b6a   0x08000b6a   0x0000001e   Code   RO         3015    .text               mc_w.l(llshl.o)
    0x08000b88   0x08000b88   0x00000020   Code   RO         3017    .text               mc_w.l(llushr.o)
    0x08000ba8   0x08000ba8   0x00000024   Code   RO         3019    .text               mc_w.l(llsshr.o)
    0x08000bcc   0x08000bcc   0x00000000   Code   RO         3030    .text               mc_w.l(iusefp.o)
    0x08000bcc   0x08000bcc   0x0000006e   Code   RO         3031    .text               mf_w.l(fepilogue.o)
    0x08000c3a   0x08000c3a   0x000000ba   Code   RO         3033    .text               mf_w.l(depilogue.o)
    0x08000cf4   0x08000cf4   0x00000030   Code   RO         3039    .text               mf_w.l(dfixul.o)
    0x08000d24   0x08000d24   0x00000030   Code   RO         3043    .text               mf_w.l(cdrcmple.o)
    0x08000d54   0x08000d54   0x00000030   Code   RO         3045    .text               mc_w.l(init.o)
    0x08000d84   0x08000d84   0x00000056   Code   RO         3055    .text               mc_w.l(__dczerorl2.o)
    0x08000dda   0x08000dda   0x00000002   PAD
    0x08000ddc   0x08000ddc   0x0000006a   Code   RO            6    .text.All_Init      main.o
    0x08000e46   0x08000e46   0x00000002   PAD
    0x08000e48   0x08000e48   0x000000c6   Code   RO         2585    .text.BX_L          image.o
    0x08000f0e   0x08000f0e   0x00000002   PAD
    0x08000f10   0x08000f10   0x000000a0   Code   RO         2593    .text.BX_R          image.o
    0x08000fb0   0x08000fb0   0x000000c6   Code   RO         2587    .text.BX_RL         image.o
    0x08001076   0x08001076   0x00000002   PAD
    0x08001078   0x08001078   0x0000003e   Code   RO         2678    .text.Buzzer        buzzer.o
    0x080010b6   0x080010b6   0x00000002   PAD
    0x080010b8   0x080010b8   0x00000010   Code   RO         2674    .text.Buzzer_Init   buzzer.o
    0x080010c8   0x080010c8   0x0000000e   Code   RO         2676    .text.Buzzer_On     buzzer.o
    0x080010d6   0x080010d6   0x00000002   PAD
    0x080010d8   0x080010d8   0x00000082   Code   RO         2734    .text.Car_Go        auto_menu.o
    0x0800115a   0x0800115a   0x00000002   PAD
    0x0800115c   0x0800115c   0x00000020   Code   RO           66    .text.DMA1_Channel1_IRQHandler  isr.o
    0x0800117c   0x0800117c   0x00000022   Code   RO           68    .text.DMA1_Channel2_IRQHandler  isr.o
    0x0800119e   0x0800119e   0x00000002   PAD
    0x080011a0   0x080011a0   0x00000022   Code   RO           70    .text.DMA1_Channel3_IRQHandler  isr.o
    0x080011c2   0x080011c2   0x00000002   PAD
    0x080011c4   0x080011c4   0x00000030   Code   RO           72    .text.DMA1_Channel4_IRQHandler  isr.o
    0x080011f4   0x080011f4   0x00000022   Code   RO           74    .text.DMA1_Channel5_IRQHandler  isr.o
    0x08001216   0x08001216   0x00000002   PAD
    0x08001218   0x08001218   0x00000022   Code   RO           76    .text.DMA1_Channel6_IRQHandler  isr.o
    0x0800123a   0x0800123a   0x00000002   PAD
    0x0800123c   0x0800123c   0x00000022   Code   RO           78    .text.DMA1_Channel7_IRQHandler  isr.o
    0x0800125e   0x0800125e   0x00000002   PAD
    0x08001260   0x08001260   0x00000024   Code   RO           80    .text.DMA2_Channel1_IRQHandler  isr.o
    0x08001284   0x08001284   0x00000026   Code   RO           82    .text.DMA2_Channel2_IRQHandler  isr.o
    0x080012aa   0x080012aa   0x00000002   PAD
    0x080012ac   0x080012ac   0x00000026   Code   RO           84    .text.DMA2_Channel3_IRQHandler  isr.o
    0x080012d2   0x080012d2   0x00000002   PAD
    0x080012d4   0x080012d4   0x00000026   Code   RO           86    .text.DMA2_Channel4_IRQHandler  isr.o
    0x080012fa   0x080012fa   0x00000002   PAD
    0x080012fc   0x080012fc   0x00000026   Code   RO           88    .text.DMA2_Channel5_IRQHandler  isr.o
    0x08001322   0x08001322   0x00000002   PAD
    0x08001324   0x08001324   0x0000031e   Code   RO         2613    .text.Deal_Circle_R  image.o
    0x08001642   0x08001642   0x00000002   PAD
    0x08001644   0x08001644   0x00000300   Code   RO         2595    .text.Deal_Cross    image.o
    0x08001944   0x08001944   0x00000168   Code   RO         2581    .text.Deal_DX       image.o
    0x08001aac   0x08001aac   0x000002dc   Code   RO         2583    .text.Deal_GD       image.o
    0x08001d88   0x08001d88   0x000000b6   Code   RO         2621    .text.Draw_Line     image.o
    0x08001e3e   0x08001e3e   0x00000002   PAD
    0x08001e40   0x08001e40   0x00000012   Code   RO           52    .text.EXTI0_IRQHandler  isr.o
    0x08001e52   0x08001e52   0x00000002   PAD
    0x08001e54   0x08001e54   0x000000e4   Code   RO           64    .text.EXTI15_10_IRQHandler  isr.o
    0x08001f38   0x08001f38   0x00000012   Code   RO           54    .text.EXTI1_IRQHandler  isr.o
    0x08001f4a   0x08001f4a   0x00000002   PAD
    0x08001f4c   0x08001f4c   0x00000012   Code   RO           56    .text.EXTI2_IRQHandler  isr.o
    0x08001f5e   0x08001f5e   0x00000002   PAD
    0x08001f60   0x08001f60   0x00000012   Code   RO           58    .text.EXTI3_IRQHandler  isr.o
    0x08001f72   0x08001f72   0x00000002   PAD
    0x08001f74   0x08001f74   0x00000018   Code   RO           60    .text.EXTI4_IRQHandler  isr.o
    0x08001f8c   0x08001f8c   0x000000c4   Code   RO           62    .text.EXTI9_5_IRQHandler  isr.o
    0x08002050   0x08002050   0x00000020   Code   RO         2506    .text.Encoder_Init  encoder.o
    0x08002070   0x08002070   0x0000007c   Code   RO         2740    .text.FUN_INIT      auto_menu.o
    0x080020ec   0x080020ec   0x00000068   Code   RO         2601    .text.Find_A        image.o
    0x08002154   0x08002154   0x00000092   Code   RO         2597    .text.Find_B        image.o
    0x080021e6   0x080021e6   0x00000002   PAD
    0x080021e8   0x080021e8   0x000000fa   Code   RO         2605    .text.Find_C        image.o
    0x080022e2   0x080022e2   0x00000002   PAD
    0x080022e4   0x080022e4   0x0000014a   Code   RO         2609    .text.Find_D        image.o
    0x0800242e   0x0800242e   0x00000002   PAD
    0x08002430   0x08002430   0x000002f0   Code   RO         2563    .text.GetOTSU       yudeal.o
    0x08002720   0x08002720   0x0000007a   Code   RO         2577    .text.Limit         image.o
    0x0800279a   0x0800279a   0x00000002   PAD
    0x0800279c   0x0800279c   0x000000b8   Code   RO         2627    .text.M_Weight      image.o
    0x08002854   0x08002854   0x0000004e   Code   RO         2491    .text.MotorL_SetSpeed  motor.o
    0x080028a2   0x080028a2   0x00000002   PAD
    0x080028a4   0x080028a4   0x0000004e   Code   RO         2489    .text.MotorR_SetSpeed  motor.o
    0x080028f2   0x080028f2   0x00000002   PAD
    0x080028f4   0x080028f4   0x0000004a   Code   RO         2487    .text.Motor_Init    motor.o
    0x0800293e   0x0800293e   0x00000002   PAD
    0x08002940   0x08002940   0x00000026   Code   RO         2495    .text.Motor_Stop    motor.o
    0x08002966   0x08002966   0x00000002   PAD
    0x08002968   0x08002968   0x00000002   Code   RO         2736    .text.NULL_FUN      auto_menu.o
    0x0800296a   0x0800296a   0x00000002   PAD
    0x0800296c   0x0800296c   0x000000a6   Code   RO         2521    .text.PID_Update    pid.o
    0x08002a12   0x08002a12   0x00000002   PAD
    0x08002a14   0x08002a14   0x000000aa   Code   RO         2523    .text.PID_UpdateImage  pid.o
    0x08002abe   0x08002abe   0x00000002   PAD
    0x08002ac0   0x08002ac0   0x00000090   Code   RO         2623    .text.Protect       image.o
    0x08002b50   0x08002b50   0x00000062   Code   RO         2619    .text.QZ_Limit      image.o
    0x08002bb2   0x08002bb2   0x00000002   PAD
    0x08002bb4   0x08002bb4   0x000000c0   Code   RO         2565    .text.Set_image_T   yudeal.o
    0x08002c74   0x08002c74   0x0000015e   Code   RO         2625    .text.Stop          image.o
    0x08002dd2   0x08002dd2   0x00000002   PAD
    0x08002dd4   0x08002dd4   0x00000010   Code   RO         1512    .text.SystemInit    system_mm32f3277g.o
    0x08002de4   0x08002de4   0x00000012   Code   RO           20    .text.TIM1_UP_IRQHandler  isr.o
    0x08002df6   0x08002df6   0x00000002   PAD
    0x08002df8   0x08002df8   0x00000016   Code   RO           22    .text.TIM2_IRQHandler  isr.o
    0x08002e0e   0x08002e0e   0x00000002   PAD
    0x08002e10   0x08002e10   0x00000012   Code   RO           24    .text.TIM3_IRQHandler  isr.o
    0x08002e22   0x08002e22   0x00000002   PAD
    0x08002e24   0x08002e24   0x00000012   Code   RO           26    .text.TIM4_IRQHandler  isr.o
    0x08002e36   0x08002e36   0x00000002   PAD
    0x08002e38   0x08002e38   0x00000012   Code   RO           28    .text.TIM5_IRQHandler  isr.o
    0x08002e4a   0x08002e4a   0x00000002   PAD
    0x08002e4c   0x08002e4c   0x00000012   Code   RO           30    .text.TIM6_IRQHandler  isr.o
    0x08002e5e   0x08002e5e   0x00000002   PAD
    0x08002e60   0x08002e60   0x00000018   Code   RO           32    .text.TIM7_IRQHandler  isr.o
    0x08002e78   0x08002e78   0x00000018   Code   RO           34    .text.TIM8_UP_IRQHandler  isr.o
    0x08002e90   0x08002e90   0x00000048   Code   RO           36    .text.UART1_IRQHandler  isr.o
    0x08002ed8   0x08002ed8   0x0000004e   Code   RO           38    .text.UART2_IRQHandler  isr.o
    0x08002f26   0x08002f26   0x00000002   PAD
    0x08002f28   0x08002f28   0x00000048   Code   RO           40    .text.UART3_IRQHandler  isr.o
    0x08002f70   0x08002f70   0x00000048   Code   RO           42    .text.UART4_IRQHandler  isr.o
    0x08002fb8   0x08002fb8   0x00000048   Code   RO           44    .text.UART5_IRQHandler  isr.o
    0x08003000   0x08003000   0x00000056   Code   RO           46    .text.UART6_IRQHandler  isr.o
    0x08003056   0x08003056   0x00000002   PAD
    0x08003058   0x08003058   0x00000048   Code   RO           48    .text.UART7_IRQHandler  isr.o
    0x080030a0   0x080030a0   0x00000056   Code   RO           50    .text.UART8_IRQHandler  isr.o
    0x080030f6   0x080030f6   0x00000002   PAD
    0x080030f8   0x080030f8   0x0000020a   Code   RO         2738    .text.UNIT_SET      auto_menu.o
    0x08003302   0x08003302   0x00000002   PAD
    0x08003304   0x08003304   0x00000046   Code   RO         2732    .text.View          auto_menu.o
    0x0800334a   0x0800334a   0x00000002   PAD
    0x0800334c   0x0800334c   0x00000038   Code   RO          239    .text.__NVIC_DisableIRQ  zf_common_interrupt.o
    0x08003384   0x08003384   0x00000030   Code   RO          235    .text.__NVIC_EnableIRQ  zf_common_interrupt.o
    0x080033b4   0x080033b4   0x00000042   Code   RO          243    .text.__NVIC_SetPriority  zf_common_interrupt.o
    0x080033f6   0x080033f6   0x00000002   PAD
    0x080033f8   0x080033f8   0x0000003c   Code   RO          247    .text.__NVIC_SetPriorityGrouping  zf_common_interrupt.o
    0x08003434   0x08003434   0x00000096   Code   RO          257    .text.adc_convert   zf_driver_adc.o
    0x080034ca   0x080034ca   0x00000002   PAD
    0x080034cc   0x080034cc   0x00000180   Code   RO          364    .text.afio_init     zf_driver_gpio.o
    0x0800364c   0x0800364c   0x00000218   Code   RO         2714    .text.assist_menu   auto_menu.o
    0x08003864   0x08003864   0x00000326   Code   RO         2458    .text.button_entry  key.o
    0x08003b8a   0x08003b8a   0x00000002   PAD
    0x08003b8c   0x08003b8c   0x0000001c   Code   RO          746    .text.camera_fifo_init  zf_device_camera.o
    0x08003ba8   0x08003ba8   0x000000ca   Code   RO          748    .text.camera_init   zf_device_camera.o
    0x08003c72   0x08003c72   0x00000002   PAD
    0x08003c74   0x08003c74   0x00000278   Code   RO         2712    .text.center_menu   auto_menu.o
    0x08003eec   0x08003eec   0x00000374   Code   RO         2716    .text.change_value  auto_menu.o
    0x08004260   0x08004260   0x00000024   Code   RO           97    .text.clock_init    zf_common_clock.o
    0x08004284   0x08004284   0x00000098   Code   RO           99    .text.clock_reset   zf_common_clock.o
    0x0800431c   0x0800431c   0x00000260   Code   RO          101    .text.clock_set_freq  zf_common_clock.o
    0x0800457c   0x0800457c   0x0000002e   Code   RO         2696    .text.dad_link      auto_menu.o
    0x080045aa   0x080045aa   0x00000002   PAD
    0x080045ac   0x080045ac   0x000000f2   Code   RO         2692    .text.dad_name_init  auto_menu.o
    0x0800469e   0x0800469e   0x00000002   PAD
    0x080046a0   0x080046a0   0x0000009c   Code   RO         2728    .text.day_night     auto_menu.o
    0x0800473c   0x0800473c   0x0000006c   Code   RO          119    .text.debug_assert_handler  zf_common_debug.o
    0x080047a8   0x080047a8   0x00000040   Code   RO          125    .text.debug_delay   zf_common_debug.o
    0x080047e8   0x080047e8   0x00000032   Code   RO          133    .text.debug_init    zf_common_debug.o
    0x0800481a   0x0800481a   0x00000002   PAD
    0x0800481c   0x0800481c   0x00000042   Code   RO          127    .text.debug_log_handler  zf_common_debug.o
    0x0800485e   0x0800485e   0x00000002   PAD
    0x08004860   0x08004860   0x000003ae   Code   RO          123    .text.debug_output  zf_common_debug.o
    0x08004c0e   0x08004c0e   0x00000002   PAD
    0x08004c10   0x08004c10   0x0000004c   Code   RO          131    .text.debug_output_init  zf_common_debug.o
    0x08004c5c   0x08004c5c   0x00000030   Code   RO          129    .text.debug_output_struct_init  zf_common_debug.o
    0x08004c8c   0x08004c8c   0x000000f2   Code   RO          121    .text.debug_protective_handler  zf_common_debug.o
    0x08004d7e   0x08004d7e   0x00000002   PAD
    0x08004d80   0x08004d80   0x00000012   Code   RO          135    .text.debug_uart_str_output  zf_common_debug.o
    0x08004d92   0x08004d92   0x00000002   PAD
    0x08004d94   0x08004d94   0x0000009e   Code   RO          761    .text.dl1a_get_distance  zf_device_dl1a.o
    0x08004e32   0x08004e32   0x00000002   PAD
    0x08004e34   0x08004e34   0x00000008   Code   RO          763    .text.dl1a_int_handler  zf_device_dl1a.o
    0x08004e3c   0x08004e3c   0x0000003a   Code   RO          804    .text.dm1xa_light_callback  zf_device_dm1xa.o
    0x08004e76   0x08004e76   0x00000002   PAD
    0x08004e78   0x08004e78   0x00000100   Code   RO          802    .text.dm1xa_sound_callback  zf_device_dm1xa.o
    0x08004f78   0x08004f78   0x00000152   Code   RO          291    .text.dma_camera_init  zf_driver_dma.o
    0x080050ca   0x080050ca   0x00000002   PAD
    0x080050cc   0x080050cc   0x00000032   Code   RO          289    .text.dma_disable   zf_driver_dma.o
    0x080050fe   0x080050fe   0x00000002   PAD
    0x08005100   0x08005100   0x00000032   Code   RO          287    .text.dma_enable    zf_driver_dma.o
    0x08005132   0x08005132   0x00000002   PAD
    0x08005134   0x08005134   0x00000034   Code   RO          285    .text.dma_set_count  zf_driver_dma.o
    0x08005168   0x08005168   0x00000090   Code   RO          303    .text.encoder_clear_count  zf_driver_encoder.o
    0x080051f8   0x080051f8   0x00000168   Code   RO          307    .text.encoder_dir_init  zf_driver_encoder.o
    0x08005360   0x08005360   0x000000de   Code   RO          301    .text.encoder_get_count  zf_driver_encoder.o
    0x0800543e   0x0800543e   0x00000002   PAD
    0x08005440   0x08005440   0x0000015a   Code   RO          305    .text.encoder_quad_init  zf_driver_encoder.o
    0x0800559a   0x0800559a   0x00000002   PAD
    0x0800559c   0x0800559c   0x000002a0   Code   RO          322    .text.exti_init     zf_driver_exti.o
    0x0800583c   0x0800583c   0x000000a8   Code   RO          150    .text.fifo_clear    zf_common_fifo.o
    0x080058e4   0x080058e4   0x0000002e   Code   RO          162    .text.fifo_end_offset  zf_common_fifo.o
    0x08005912   0x08005912   0x00000002   PAD
    0x08005914   0x08005914   0x0000002e   Code   RO          156    .text.fifo_head_offset  zf_common_fifo.o
    0x08005942   0x08005942   0x00000002   PAD
    0x08005944   0x08005944   0x0000006e   Code   RO          168    .text.fifo_init     zf_common_fifo.o
    0x080059b2   0x080059b2   0x00000002   PAD
    0x080059b4   0x080059b4   0x000001f0   Code   RO          164    .text.fifo_read_buffer  zf_common_fifo.o
    0x08005ba4   0x08005ba4   0x00000028   Code   RO          152    .text.fifo_used     zf_common_fifo.o
    0x08005bcc   0x08005bcc   0x000001fa   Code   RO          158    .text.fifo_write_buffer  zf_common_fifo.o
    0x08005dc6   0x08005dc6   0x00000002   PAD
    0x08005dc8   0x08005dc8   0x000000be   Code   RO          154    .text.fifo_write_element  zf_common_fifo.o
    0x08005e86   0x08005e86   0x00000002   PAD
    0x08005e88   0x08005e88   0x000004aa   Code   RO         2579    .text.find_BX       image.o
    0x08006332   0x08006332   0x00000002   PAD
    0x08006334   0x08006334   0x000003ae   Code   RO         2575    .text.find_JD       image.o
    0x080066e2   0x080066e2   0x00000002   PAD
    0x080066e4   0x080066e4   0x0000005a   Code   RO         2617    .text.find_ZX       image.o
    0x0800673e   0x0800673e   0x00000002   PAD
    0x08006740   0x08006740   0x00000016   Code   RO          343    .text.flash_buffer_clear  zf_driver_flash.o
    0x08006756   0x08006756   0x00000002   PAD
    0x08006758   0x08006758   0x0000008e   Code   RO          331    .text.flash_check   zf_driver_flash.o
    0x080067e6   0x080067e6   0x00000002   PAD
    0x080067e8   0x080067e8   0x00000120   Code   RO          333    .text.flash_erase_page  zf_driver_flash.o
    0x08006908   0x08006908   0x00000088   Code   RO          339    .text.flash_read_page_to_buffer  zf_driver_flash.o
    0x08006990   0x08006990   0x0000014a   Code   RO          341    .text.flash_write_page_from_buffer  zf_driver_flash.o
    0x08006ada   0x08006ada   0x00000002   PAD
    0x08006adc   0x08006adc   0x00000156   Code   RO         2704    .text.fun_init      auto_menu.o
    0x08006c32   0x08006c32   0x00000002   PAD
    0x08006c34   0x08006c34   0x0000005a   Code   RO         2722    .text.fun_menu      auto_menu.o
    0x08006c8e   0x08006c8e   0x00000002   PAD
    0x08006c90   0x08006c90   0x0000024c   Code   RO          204    .text.func_float_to_str  zf_common_function.o
    0x08006edc   0x08006edc   0x00000042   Code   RO          190    .text.func_get_greatest_common_divisor  zf_common_function.o
    0x08006f1e   0x08006f1e   0x00000002   PAD
    0x08006f20   0x08006f20   0x000000f2   Code   RO          196    .text.func_int_to_str  zf_common_function.o
    0x08007012   0x08007012   0x00000002   PAD
    0x08007014   0x08007014   0x000000a8   Code   RO          200    .text.func_uint_to_str  zf_common_function.o
    0x080070bc   0x080070bc   0x0000002e   Code   RO          356    .text.gpio_get_level  zf_driver_gpio.o
    0x080070ea   0x080070ea   0x00000002   PAD
    0x080070ec   0x080070ec   0x000001e8   Code   RO          362    .text.gpio_init     zf_driver_gpio.o
    0x080072d4   0x080072d4   0x00000062   Code   RO          354    .text.gpio_set_level  zf_driver_gpio.o
    0x08007336   0x08007336   0x00000002   PAD
    0x08007338   0x08007338   0x0000013a   Code   RO          833    .text.gps_uart_callback  zf_device_gps_tau1201.o
    0x08007472   0x08007472   0x00000002   PAD
    0x08007474   0x08007474   0x00000056   Code   RO          910    .text.imu660ra_get_gyro  zf_device_imu660ra.o
    0x080074ca   0x080074ca   0x00000002   PAD
    0x080074cc   0x080074cc   0x0000014a   Code   RO          912    .text.imu660ra_init  zf_device_imu660ra.o
    0x08007616   0x08007616   0x00000002   PAD
    0x08007618   0x08007618   0x00000044   Code   RO          914    .text.imu660ra_read_register  zf_device_imu660ra.o
    0x0800765c   0x0800765c   0x0000006e   Code   RO          908    .text.imu660ra_read_registers  zf_device_imu660ra.o
    0x080076ca   0x080076ca   0x00000002   PAD
    0x080076cc   0x080076cc   0x00000052   Code   RO          916    .text.imu660ra_self_check  zf_device_imu660ra.o
    0x0800771e   0x0800771e   0x00000002   PAD
    0x08007720   0x08007720   0x0000003e   Code   RO          918    .text.imu660ra_write_register  zf_device_imu660ra.o
    0x0800775e   0x0800775e   0x00000002   PAD
    0x08007760   0x08007760   0x0000003e   Code   RO          920    .text.imu660ra_write_registers  zf_device_imu660ra.o
    0x0800779e   0x0800779e   0x00000002   PAD
    0x080077a0   0x080077a0   0x00000122   Code   RO         2706    .text.index_xy_init  auto_menu.o
    0x080078c2   0x080078c2   0x00000002   PAD
    0x080078c4   0x080078c4   0x00000014   Code   RO          237    .text.interrupt_disable  zf_common_interrupt.o
    0x080078d8   0x080078d8   0x00000014   Code   RO          233    .text.interrupt_enable  zf_common_interrupt.o
    0x080078ec   0x080078ec   0x00000024   Code   RO          231    .text.interrupt_global_disable  zf_common_interrupt.o
    0x08007910   0x08007910   0x00000030   Code   RO          229    .text.interrupt_global_enable  zf_common_interrupt.o
    0x08007940   0x08007940   0x0000000a   Code   RO          245    .text.interrupt_init  zf_common_interrupt.o
    0x0800794a   0x0800794a   0x00000002   PAD
    0x0800794c   0x0800794c   0x0000001c   Code   RO          241    .text.interrupt_set_priority  zf_common_interrupt.o
    0x08007968   0x08007968   0x0000010e   Code   RO         1035    .text.ips200_clear  zf_device_ips200.o
    0x08007a76   0x08007a76   0x00000002   PAD
    0x08007a78   0x08007a78   0x0000008a   Code   RO         1079    .text.ips200_debug_init  zf_device_ips200.o
    0x08007b02   0x08007b02   0x00000002   PAD
    0x08007b04   0x08007b04   0x000000ea   Code   RO         1049    .text.ips200_draw_point  zf_device_ips200.o
    0x08007bee   0x08007bee   0x00000002   PAD
    0x08007bf0   0x08007bf0   0x00000472   Code   RO         1073    .text.ips200_init   zf_device_ips200.o
    0x08008062   0x08008062   0x00000002   PAD
    0x08008064   0x08008064   0x0000002a   Code   RO         1047    .text.ips200_set_color  zf_device_ips200.o
    0x0800808e   0x0800808e   0x00000002   PAD
    0x08008090   0x08008090   0x00000066   Code   RO         1043    .text.ips200_set_dir  zf_device_ips200.o
    0x080080f6   0x080080f6   0x00000002   PAD
    0x080080f8   0x080080f8   0x000000c4   Code   RO         1037    .text.ips200_set_region  zf_device_ips200.o
    0x080081bc   0x080081bc   0x000002de   Code   RO         1053    .text.ips200_show_char  zf_device_ips200.o
    0x0800849a   0x0800849a   0x00000002   PAD
    0x0800849c   0x0800849c   0x0000015e   Code   RO         1061    .text.ips200_show_float  zf_device_ips200.o
    0x080085fa   0x080085fa   0x00000002   PAD
    0x080085fc   0x080085fc   0x00000214   Code   RO         1065    .text.ips200_show_gray_image  zf_device_ips200.o
    0x08008810   0x08008810   0x00000100   Code   RO         1057    .text.ips200_show_int  zf_device_ips200.o
    0x08008910   0x08008910   0x000000dc   Code   RO         1055    .text.ips200_show_string  zf_device_ips200.o
    0x080089ec   0x080089ec   0x000000fe   Code   RO         1059    .text.ips200_show_uint  zf_device_ips200.o
    0x08008aea   0x08008aea   0x00000002   PAD
    0x08008aec   0x08008aec   0x000000d6   Code   RO         1039    .text.ips200_write_16bit_data  zf_device_ips200.o
    0x08008bc2   0x08008bc2   0x00000002   PAD
    0x08008bc4   0x08008bc4   0x000000ae   Code   RO         1077    .text.ips200_write_8bit_data  zf_device_ips200.o
    0x08008c72   0x08008c72   0x00000002   PAD
    0x08008c74   0x08008c74   0x000000ea   Code   RO         1075    .text.ips200_write_command  zf_device_ips200.o
    0x08008d5e   0x08008d5e   0x00000002   PAD
    0x08008d60   0x08008d60   0x00000060   Code   RO         2718    .text.is_first_in_page  auto_menu.o
    0x08008dc0   0x08008dc0   0x00000060   Code   RO         2710    .text.is_menu_clear  auto_menu.o
    0x08008e20   0x08008e20   0x0000003c   Code   RO         2460    .text.key_into      key.o
    0x08008e5c   0x08008e5c   0x000001f8   Code   RO            4    .text.main          main.o
    0x08009054   0x08009054   0x00000022   Code   RO         2726    .text.menu_init     auto_menu.o
    0x08009076   0x08009076   0x00000002   PAD
    0x08009078   0x08009078   0x00000088   Code   RO         2690    .text.menu_load     auto_menu.o
    0x08009100   0x08009100   0x0000008a   Code   RO         2688    .text.menu_save     auto_menu.o
    0x0800918a   0x0800918a   0x00000002   PAD
    0x0800918c   0x0800918c   0x00000016   Code   RO         1154    .text.mt9v03x_dma_handler  zf_device_mt9v03x.o
    0x080091a2   0x080091a2   0x00000002   PAD
    0x080091a4   0x080091a4   0x00000122   Code   RO         1164    .text.mt9v03x_get_config  zf_device_mt9v03x.o
    0x080092c6   0x080092c6   0x00000002   PAD
    0x080092c8   0x080092c8   0x000000a0   Code   RO         1148    .text.mt9v03x_get_version  zf_device_mt9v03x.o
    0x08009368   0x08009368   0x000001a4   Code   RO         1160    .text.mt9v03x_init  zf_device_mt9v03x.o
    0x0800950c   0x0800950c   0x0000003c   Code   RO         2779    .text.mt9v03x_read_word_sccb  zf_device_config.lib(zf_device_config.o)
    0x08009548   0x08009548   0x000000f8   Code   RO         1162    .text.mt9v03x_set_config  zf_device_mt9v03x.o
    0x08009640   0x08009640   0x000009ae   Code   RO         2775    .text.mt9v03x_set_config_sccb  zf_device_config.lib(zf_device_config.o)
    0x08009fee   0x08009fee   0x00000002   PAD
    0x08009ff0   0x08009ff0   0x00000040   Code   RO         1156    .text.mt9v03x_uart_handler  zf_device_mt9v03x.o
    0x0800a030   0x0800a030   0x00000036   Code   RO         1152    .text.mt9v03x_vsync_handler  zf_device_mt9v03x.o
    0x0800a066   0x0800a066   0x00000002   PAD
    0x0800a068   0x0800a068   0x00000032   Code   RO         2777    .text.mt9v03x_write_word_sccb  zf_device_config.lib(zf_device_config.o)
    0x0800a09a   0x0800a09a   0x00000002   PAD
    0x0800a09c   0x0800a09c   0x000001be   Code   RO         2508    .text.pit2_handler  encoder.o
    0x0800a25a   0x0800a25a   0x00000002   PAD
    0x0800a25c   0x0800a25c   0x00000002   Code   RO            8    .text.pit7_handler  main.o
    0x0800a25e   0x0800a25e   0x00000002   PAD
    0x0800a260   0x0800a260   0x00000132   Code   RO          432    .text.pit_init      zf_driver_pit.o
    0x0800a392   0x0800a392   0x00000002   PAD
    0x0800a394   0x0800a394   0x00000256   Code   RO          445    .text.pwm_init      zf_driver_pwm.o
    0x0800a5ea   0x0800a5ea   0x00000002   PAD
    0x0800a5ec   0x0800a5ec   0x0000012e   Code   RO          443    .text.pwm_set_duty  zf_driver_pwm.o
    0x0800a71a   0x0800a71a   0x00000002   PAD
    0x0800a71c   0x0800a71c   0x0000004e   Code   RO         2730    .text.rand_color    auto_menu.o
    0x0800a76a   0x0800a76a   0x00000002   PAD
    0x0800a76c   0x0800a76c   0x0000008a   Code   RO         1384    .text.set_camera_type  zf_device_type.o
    0x0800a7f6   0x0800a7f6   0x00000002   PAD
    0x0800a7f8   0x0800a7f8   0x00000024   Code   RO         2720    .text.show_menu     auto_menu.o
    0x0800a81c   0x0800a81c   0x000000d2   Code   RO         2724    .text.show_process  auto_menu.o
    0x0800a8ee   0x0800a8ee   0x00000002   PAD
    0x0800a8f0   0x0800a8f0   0x0000008e   Code   RO          528    .text.soft_iic_init  zf_driver_soft_iic.o
    0x0800a97e   0x0800a97e   0x00000002   PAD
    0x0800a980   0x0800a980   0x00000098   Code   RO          514    .text.soft_iic_read_8bit_registers  zf_driver_soft_iic.o
    0x0800aa18   0x0800aa18   0x00000164   Code   RO          504    .text.soft_iic_read_data  zf_driver_soft_iic.o
    0x0800ab7c   0x0800ab7c   0x00000078   Code   RO          526    .text.soft_iic_sccb_read_register  zf_driver_soft_iic.o
    0x0800abf4   0x0800abf4   0x00000056   Code   RO          524    .text.soft_iic_sccb_write_register  zf_driver_soft_iic.o
    0x0800ac4a   0x0800ac4a   0x00000002   PAD
    0x0800ac4c   0x0800ac4c   0x0000011a   Code   RO          532    .text.soft_iic_send_ack  zf_driver_soft_iic.o
    0x0800ad66   0x0800ad66   0x00000002   PAD
    0x0800ad68   0x0800ad68   0x00000128   Code   RO          484    .text.soft_iic_send_data  zf_driver_soft_iic.o
    0x0800ae90   0x0800ae90   0x000000da   Code   RO          482    .text.soft_iic_start  zf_driver_soft_iic.o
    0x0800af6a   0x0800af6a   0x00000002   PAD
    0x0800af6c   0x0800af6c   0x000000da   Code   RO          486    .text.soft_iic_stop  zf_driver_soft_iic.o
    0x0800b046   0x0800b046   0x00000002   PAD
    0x0800b048   0x0800b048   0x000000f8   Code   RO          530    .text.soft_iic_wait_ack  zf_driver_soft_iic.o
    0x0800b140   0x0800b140   0x00000056   Code   RO          494    .text.soft_iic_write_8bit_register  zf_driver_soft_iic.o
    0x0800b196   0x0800b196   0x00000002   PAD
    0x0800b198   0x0800b198   0x0000002c   Code   RO         2694    .text.son_link      auto_menu.o
    0x0800b1c4   0x0800b1c4   0x00000366   Code   RO          628    .text.spi_init      zf_driver_spi.o
    0x0800b52a   0x0800b52a   0x00000002   PAD
    0x0800b52c   0x0800b52c   0x00000108   Code   RO          618    .text.spi_read_8bit_registers  zf_driver_spi.o
    0x0800b634   0x0800b634   0x000000b8   Code   RO          596    .text.spi_write_16bit  zf_driver_spi.o
    0x0800b6ec   0x0800b6ec   0x00000086   Code   RO          592    .text.spi_write_8bit  zf_driver_spi.o
    0x0800b772   0x0800b772   0x00000002   PAD
    0x0800b774   0x0800b774   0x000000bc   Code   RO          600    .text.spi_write_8bit_register  zf_driver_spi.o
    0x0800b830   0x0800b830   0x000000e8   Code   RO          602    .text.spi_write_8bit_registers  zf_driver_spi.o
    0x0800b918   0x0800b918   0x0000009a   Code   RO          273    .text.system_delay_ms  zf_driver_delay.o
    0x0800b9b2   0x0800b9b2   0x00000002   PAD
    0x0800b9b4   0x0800b9b4   0x000000b2   Code   RO          649    .text.timer_clear   zf_driver_timer.o
    0x0800ba66   0x0800ba66   0x00000002   PAD
    0x0800ba68   0x0800ba68   0x000000b6   Code   RO          641    .text.timer_clock_enable  zf_driver_timer.o
    0x0800bb1e   0x0800bb1e   0x00000002   PAD
    0x0800bb20   0x0800bb20   0x0000012a   Code   RO          653    .text.timer_etr_init  zf_driver_timer.o
    0x0800bc4a   0x0800bc4a   0x00000002   PAD
    0x0800bc4c   0x0800bc4c   0x00000068   Code   RO          639    .text.timer_funciton_check  zf_driver_timer.o
    0x0800bcb4   0x0800bcb4   0x000000b6   Code   RO          647    .text.timer_get     zf_driver_timer.o
    0x0800bd6a   0x0800bd6a   0x00000002   PAD
    0x0800bd6c   0x0800bd6c   0x000000e0   Code   RO         1366    .text.tsl1401_collect_pit_handler  zf_device_tsl1401.o
    0x0800be4c   0x0800be4c   0x00000002   Code   RO         1382    .text.type_default_callback  zf_device_type.o
    0x0800be4e   0x0800be4e   0x00000002   PAD
    0x0800be50   0x0800be50   0x0000028c   Code   RO          679    .text.uart_init     zf_driver_uart.o
    0x0800c0dc   0x0800c0dc   0x00000066   Code   RO          673    .text.uart_query_byte  zf_driver_uart.o
    0x0800c142   0x0800c142   0x00000002   PAD
    0x0800c144   0x0800c144   0x000000a0   Code   RO          677    .text.uart_rx_interrupt  zf_driver_uart.o
    0x0800c1e4   0x0800c1e4   0x0000006c   Code   RO          667    .text.uart_write_buffer  zf_driver_uart.o
    0x0800c250   0x0800c250   0x00000040   Code   RO          665    .text.uart_write_byte  zf_driver_uart.o
    0x0800c290   0x0800c290   0x00000040   Code   RO          669    .text.uart_write_string  zf_driver_uart.o
    0x0800c2d0   0x0800c2d0   0x00000032   Code   RO         2698    .text.unit_default  auto_menu.o
    0x0800c302   0x0800c302   0x00000002   PAD
    0x0800c304   0x0800c304   0x00000024   Code   RO         2700    .text.unit_index_init  auto_menu.o
    0x0800c328   0x0800c328   0x00000350   Code   RO         2702    .text.unit_param_set  auto_menu.o
    0x0800c678   0x0800c678   0x00000028   Code   RO         2855    i.__0sprintf        mc_w.l(printfa.o)
    0x0800c6a0   0x0800c6a0   0x00000050   Code   RO         2880    i.__free$2region    mc_w.l(malloc2.o)
    0x0800c6f0   0x0800c6f0   0x0000006c   Code   RO         2881    i.__malloc$2region  mc_w.l(malloc2.o)
    0x0800c75c   0x0800c75c   0x0000000e   Code   RO         3049    i.__scatterload_copy  mc_w.l(handlers.o)
    0x0800c76a   0x0800c76a   0x00000002   Code   RO         3050    i.__scatterload_null  mc_w.l(handlers.o)
    0x0800c76c   0x0800c76c   0x0000000e   Code   RO         3051    i.__scatterload_zeroinit  mc_w.l(handlers.o)
    0x0800c77a   0x0800c77a   0x00000002   PAD
    0x0800c77c   0x0800c77c   0x00000184   Code   RO         2860    i._fp_digits        mc_w.l(printfa.o)
    0x0800c900   0x0800c900   0x000006dc   Code   RO         2861    i._printf_core      mc_w.l(printfa.o)
    0x0800cfdc   0x0800cfdc   0x00000024   Code   RO         2862    i._printf_post_padding  mc_w.l(printfa.o)
    0x0800d000   0x0800d000   0x0000002e   Code   RO         2863    i._printf_pre_padding  mc_w.l(printfa.o)
    0x0800d02e   0x0800d02e   0x0000000a   Code   RO         2865    i._sputc            mc_w.l(printfa.o)
    0x0800d038   0x0800d038   0x000000ac   Data   RO          142    .rodata..L__const.debug_protective_handler.pin_list  zf_common_debug.o
    0x0800d0e4   0x0800d0e4   0x00000228   Data   RO          179    .rodata.ascii_font_6x8  zf_common_font.o
    0x0800d30c   0x0800d30c   0x000005f0   Data   RO          178    .rodata.ascii_font_8x16  zf_common_font.o
    0x0800d8fc   0x0800d8fc   0x00002000   Data   RO         2791    .rodata.imu660ra_config_file  zf_device_config.lib(zf_device_config.o)
    0x0800f8fc   0x0800f8fc   0x00000010   Data   RO           11    .rodata.str1.1      main.o
    0x0800f90c   0x0800f90c   0x00000066   Data   RO          140    .rodata.str1.1      zf_common_debug.o
    0x0800f972   0x0800f972   0x0000002b   Data   RO          170    .rodata.str1.1      zf_common_fifo.o
    0x0800f99d   0x0800f99d   0x0000002f   Data   RO          220    .rodata.str1.1      zf_common_function.o
    0x0800f9cc   0x0800f9cc   0x0000002c   Data   RO          277    .rodata.str1.1      zf_driver_delay.o
    0x0800f9f8   0x0800f9f8   0x0000002e   Data   RO          310    .rodata.str1.1      zf_driver_encoder.o
    0x0800fa26   0x0800fa26   0x0000002c   Data   RO          345    .rodata.str1.1      zf_driver_flash.o
    0x0800fa52   0x0800fa52   0x0000002a   Data   RO          434    .rodata.str1.1      zf_driver_pit.o
    0x0800fa7c   0x0800fa7c   0x0000002a   Data   RO          447    .rodata.str1.1      zf_driver_pwm.o
    0x0800faa6   0x0800faa6   0x0000002f   Data   RO          534    .rodata.str1.1      zf_driver_soft_iic.o
    0x0800fad5   0x0800fad5   0x0000002a   Data   RO          631    .rodata.str1.1      zf_driver_spi.o
    0x0800faff   0x0800faff   0x0000002c   Data   RO          657    .rodata.str1.1      zf_driver_timer.o
    0x0800fb2b   0x0800fb2b   0x0000002b   Data   RO          682    .rodata.str1.1      zf_driver_uart.o
    0x0800fb56   0x0800fb56   0x00000008   Data   RO          856    .rodata.str1.1      zf_device_gps_tau1201.o
    0x0800fb5e   0x0800fb5e   0x0000005f   Data   RO          929    .rodata.str1.1      zf_device_imu660ra.o
    0x0800fbbd   0x0800fbbd   0x0000002d   Data   RO         1089    .rodata.str1.1      zf_device_ips200.o
    0x0800fbea   0x0800fbea   0x00000062   Data   RO         1170    .rodata.str1.1      zf_device_mt9v03x.o
    0x0800fc4c   0x0800fc4c   0x00000005   Data   RO         2663    .rodata.str1.1      image.o
    0x0800fc51   0x0800fc51   0x000000c2   Data   RO         2750    .rodata.str1.1      auto_menu.o
    0x0800fd13   0x0800fd13   0x00000001   PAD
    0x0800fd14   0x0800fd14   0x00000020   Data   RO         3048    Region$$Table       anon$$obj.o


    Execution Region RW_m_data (Exec base: 0x20000000, Load base: 0x0800fd34, Size: 0x000128e4, Max: 0x0001dc00, ABSOLUTE, COMPRESSED[0x000000d4])

    Exec Addr    Load Addr    Size         Type   Attr      Idx    E Section Name        Object

    0x20000000   COMPRESSED   0x00000004   Data   RW         2828    .data               mc_w.l(rand.o)
    0x20000004   COMPRESSED   0x00000004   Data   RW         3021    .data               mc_w.l(mvars.o)
    0x20000008   COMPRESSED   0x00000004   Data   RW         3022    .data               mc_w.l(mvars.o)
    0x2000000c   COMPRESSED   0x00000001   Data   RW         2748    .data.DAD_NUM       auto_menu.o
    0x2000000d   COMPRESSED   0x00000001   Data   RW         2643    .data.GD_L_L        image.o
    0x2000000e   COMPRESSED   0x00000001   Data   RW         2644    .data.GD_R_L        image.o
    0x2000000f   COMPRESSED   0x00000001   PAD
    0x20000010   COMPRESSED   0x00000002   Data   RW         2765    .data.IPS200_BGCOLOR  auto_menu.o
    0x20000012   COMPRESSED   0x00000002   PAD
    0x20000014   COMPRESSED   0x00000034   Data   RW         2541    .data.Inner_L       pid.o
    0x20000048   COMPRESSED   0x00000034   Data   RW         2540    .data.Inner_R       pid.o
    0x2000007c   COMPRESSED   0x00000034   Data   RW         2542    .data.Outer         pid.o
    0x200000b0   COMPRESSED   0x00000004   Data   RW         2647    .data.QZ            image.o
    0x200000b4   COMPRESSED   0x00000004   Data   RW         2749    .data.Speed         auto_menu.o
    0x200000b8   COMPRESSED   0x00000004   Data   RW         2539    .data.W_Kd          pid.o
    0x200000bc   COMPRESSED   0x00000004   Data   RW         2538    .data.W_Kp          pid.o
    0x200000c0   COMPRESSED   0x00000004   Data   RW         2537    .data.Z_Kd          pid.o
    0x200000c4   COMPRESSED   0x00000004   Data   RW         2536    .data.Z_Kp          pid.o
    0x200000c8   COMPRESSED   0x00000008   Data   RW          263    .data.adc_index     zf_driver_adc.o
    0x200000d0   COMPRESSED   0x00000001   Data   RW         2762    .data.begin_menu_flag  auto_menu.o
    0x200000d1   COMPRESSED   0x00000003   PAD
    0x200000d4   COMPRESSED   0x00000004   Data   RW         1391    .data.camera_dma_handler  zf_device_type.o
    0x200000d8   COMPRESSED   0x00000004   Data   RW         1389    .data.camera_uart_handler  zf_device_type.o
    0x200000dc   COMPRESSED   0x00000004   Data   RW         1390    .data.camera_vsync_handler  zf_device_type.o
    0x200000e0   COMPRESSED   0x00000002   Data   RW          792    .data.dl1a_distance_mm  zf_device_dl1a.o
    0x200000e2   COMPRESSED   0x00000002   Data   RW          815    .data.dm1xa_distance_mm  zf_device_dm1xa.o
    0x200000e4   COMPRESSED   0x00000008   Data   RW          293    .data.dma_index     zf_driver_dma.o
    0x200000ec   COMPRESSED   0x00000008   Data   RW          309    .data.encoder_dir_pin  zf_driver_encoder.o
    0x200000f4   COMPRESSED   0x00000020   Data   RW          366    .data.gpio_group    zf_driver_gpio.o
    0x20000114   COMPRESSED   0x00000008   Data   RW          928    .data.imu660ra_transition_factor  zf_device_imu660ra.o
    0x2000011c   COMPRESSED   0x00000002   Data   RW         1085    .data.ips200_bgcolor  zf_device_ips200.o
    0x2000011e   COMPRESSED   0x00000001   Data   RW         1087    .data.ips200_display_font  zf_device_ips200.o
    0x2000011f   COMPRESSED   0x00000001   PAD
    0x20000120   COMPRESSED   0x00000002   Data   RW         1088    .data.ips200_pencolor  zf_device_ips200.o
    0x20000122   COMPRESSED   0x00000002   Data   RW         1083    .data.ips200_x_max  zf_device_ips200.o
    0x20000124   COMPRESSED   0x00000002   Data   RW         1084    .data.ips200_y_max  zf_device_ips200.o
    0x20000126   COMPRESSED   0x00000001   Data   RW         1091    .data.ips_bl_pin    zf_device_ips200.o
    0x20000127   COMPRESSED   0x00000001   Data   RW         1082    .data.ips_cs_pin    zf_device_ips200.o
    0x20000128   COMPRESSED   0x00000001   Data   RW         1090    .data.ips_rst_pin   zf_device_ips200.o
    0x20000129   COMPRESSED   0x00000001   PAD
    0x2000012a   COMPRESSED   0x00000024   Data   RW         1171    .data.mt9v03x_get_confing_buffer  zf_device_mt9v03x.o
    0x2000014e   COMPRESSED   0x00000028   Data   RW         1168    .data.mt9v03x_set_confing_buffer  zf_device_mt9v03x.o
    0x20000176   COMPRESSED   0x00000001   Data   RW         1167    .data.mt9v03x_type  zf_device_mt9v03x.o
    0x20000177   COMPRESSED   0x00000001   PAD
    0x20000178   COMPRESSED   0x00000008   Data   RW          630    .data.spi_index     zf_driver_spi.o
    0x20000180   COMPRESSED   0x00000004   Data   RW          103    .data.system_clock  zf_common_clock.o
    0x20000184   COMPRESSED   0x00000020   Data   RW          681    .data.uart_index    zf_driver_uart.o
    0x200001a4   COMPRESSED   0x00000008   Data   RW          684    .data.uart_irq      zf_driver_uart.o
    0x200001ac   COMPRESSED   0x00000004   Data   RW         1393    .data.wireless_module_uart_handler  zf_device_type.o
    0x200001b0   COMPRESSED   0x00000001   Data   RW          138    .data.zf_debug_assert_enable  zf_common_debug.o
    0x200001b1   COMPRESSED   0x00000003   PAD
    0x200001b4        -       0x00000001   Zero   RW         2652    .bss.A_PointR       image.o
    0x200001b5        -       0x00000078   Zero   RW         2632    .bss.BX_L_List      image.o
    0x2000022d        -       0x00000078   Zero   RW         2633    .bss.BX_R_List      image.o
    0x200002a5        -       0x00000001   Zero   RW         2650    .bss.B_PointR       image.o
    0x200002a6        -       0x00000001   Zero   RW         2654    .bss.C_PointR       image.o
    0x200002a7        -       0x00000001   Zero   RW         2767    .bss.Car_Flag       auto_menu.o
    0x200002a8        -       0x00000004   Zero   RW         2649    .bss.Circle_Flag    image.o
    0x200002ac        -       0x00000004   Zero   RW         2510    .bss.Counter        encoder.o
    0x200002b0        -       0x00000004   Zero   RW         2648    .bss.Cross_Flag     image.o
    0x200002b4        -       0x00000001   Zero   RW         2634    .bss.DX_L_Count     image.o
    0x200002b5        -       0x00000001   Zero   RW         2640    .bss.DX_L_End       image.o
    0x200002b6        -       0x00000001   Zero   RW         2637    .bss.DX_L_Start     image.o
    0x200002b7        -       0x00000001   Zero   RW         2636    .bss.DX_M_Count     image.o
    0x200002b8        -       0x00000001   Zero   RW         2642    .bss.DX_M_End       image.o
    0x200002b9        -       0x00000001   Zero   RW         2639    .bss.DX_M_Start     image.o
    0x200002ba        -       0x00000001   Zero   RW         2635    .bss.DX_R_Count     image.o
    0x200002bb        -       0x00000001   Zero   RW         2641    .bss.DX_R_End       image.o
    0x200002bc        -       0x00000001   Zero   RW         2638    .bss.DX_R_Start     image.o
    0x200002bd        -       0x00000001   Zero   RW         2656    .bss.D_PointR       image.o
    0x200002be   COMPRESSED   0x00000002   PAD
    0x200002c0        -       0x00000004   Zero   RW         2512    .bss.E_NumL         encoder.o
    0x200002c4        -       0x00000004   Zero   RW         2511    .bss.E_NumR         encoder.o
    0x200002c8        -       0x00000004   Zero   RW         2551    .bss.Final_Speed    pid.o
    0x200002cc        -       0x00000001   Zero   RW         2645    .bss.GD_L_H         image.o
    0x200002cd        -       0x00000001   Zero   RW         2646    .bss.GD_R_H         image.o
    0x200002ce        -       0x00000001   Zero   RW         2630    .bss.JD_L           image.o
    0x200002cf        -       0x00000001   Zero   RW         2631    .bss.JD_R           image.o
    0x200002d0        -       0x00000078   Zero   RW         2660    .bss.M_M_List       image.o
    0x20000348        -       0x00000001   Zero   RW         2666    .bss.M_W_Finally    image.o
    0x20000349   COMPRESSED   0x00000003   PAD
    0x2000034c        -       0x00000004   Zero   RW         2567    .bss.OTSU           yudeal.o
    0x20000350        -       0x00000004   Zero   RW         2751    .bss.P_dad_head     auto_menu.o
    0x20000354        -       0x00000001   Zero   RW         2629    .bss.QZ_L           image.o
    0x20000355   COMPRESSED   0x00000003   PAD
    0x20000358        -       0x00000004   Zero   RW         2665    .bss.S_Flag         image.o
    0x2000035c        -       0x00000004   Zero   RW         2664    .bss.S_stage        image.o
    0x20000360        -       0x00000002   Zero   RW          264    .bss.adc_resolution  zf_driver_adc.o
    0x20000362        -       0x00000001   Zero   RW         2742    .bss.button1        auto_menu.o
    0x20000363        -       0x00000001   Zero   RW         2743    .bss.button2        auto_menu.o
    0x20000364        -       0x00000001   Zero   RW         2744    .bss.button3        auto_menu.o
    0x20000365        -       0x00000001   Zero   RW         2745    .bss.button4        auto_menu.o
    0x20000366        -       0x00000001   Zero   RW         2479    .bss.button_entry.long_press_button  key.o
    0x20000367        -       0x00000001   Zero   RW         2478    .bss.button_entry.long_press_cnt  key.o
    0x20000368        -       0x00000008   Zero   RW          753    .bss.camera_receiver_buffer  zf_device_camera.o
    0x20000370        -       0x00000018   Zero   RW          752    .bss.camera_receiver_fifo  zf_device_camera.o
    0x20000388        -       0x00000001   Zero   RW         1388    .bss.camera_type    zf_device_type.o
    0x20000389        -       0x00000001   Zero   RW         2763    .bss.change_value.last_index  auto_menu.o
    0x2000038a        -       0x00000002   Zero   RW         2680    .bss.count_buzzer   buzzer.o
    0x2000038c        -       0x00000004   Zero   RW         2764    .bss.current_operation_menu  auto_menu.o
    0x20000390        -       0x00000001   Zero   RW          139    .bss.debug_assert_handler.assert_nest_index  zf_common_debug.o
    0x20000391   COMPRESSED   0x00000003   PAD
    0x20000394        -       0x00000014   Zero   RW          141    .bss.debug_output_info  zf_common_debug.o
    0x200003a8        -       0x00000001   Zero   RW          791    .bss.dl1a_finsh_flag  zf_device_dl1a.o
    0x200003a9   COMPRESSED   0x00000003   PAD
    0x200003ac        -       0x00000010   Zero   RW          793    .bss.dl1a_iic_struct  zf_device_dl1a.o
    0x200003bc        -       0x00000004   Zero   RW          813    .bss.dm1xa_plus_count  zf_device_dm1xa.o
    0x200003c0        -       0x00000001   Zero   RW          814    .bss.dm1xa_ranging_state  zf_device_dm1xa.o
    0x200003c1        -       0x00000001   Zero   RW          812    .bss.dm1xa_type     zf_device_dm1xa.o
    0x200003c2        -       0x00000001   Zero   RW         2746    .bss.first_in_page_flag  auto_menu.o
    0x200003c3   COMPRESSED   0x00000001   PAD
    0x200003c4        -       0x00000400   Zero   RW          346    .bss.flash_union_buffer  zf_driver_flash.o
    0x200007c4        -       0x00000080   Zero   RW          853    .bss.gps_gga_buffer  zf_device_gps_tau1201.o
    0x20000844        -       0x00000001   Zero   RW          848    .bss.gps_gga_state  zf_device_gps_tau1201.o
    0x20000845        -       0x00000080   Zero   RW          851    .bss.gps_rmc_buffer  zf_device_gps_tau1201.o
    0x200008c5        -       0x00000001   Zero   RW          849    .bss.gps_rmc_state  zf_device_gps_tau1201.o
    0x200008c6        -       0x00000001   Zero   RW          847    .bss.gps_tau1201_flag  zf_device_gps_tau1201.o
    0x200008c7   COMPRESSED   0x00000001   PAD
    0x200008c8        -       0x00000018   Zero   RW          855    .bss.gps_tau1201_receiver_fifo  zf_device_gps_tau1201.o
    0x200008e0        -       0x00000001   Zero   RW          854    .bss.gps_tau1201_state  zf_device_gps_tau1201.o
    0x200008e1        -       0x00005820   Zero   RW         1174    .bss.image          zf_device_mt9v03x.o
    0x20006101        -       0x00005820   Zero   RW         1173    .bss.image_copy     zf_device_mt9v03x.o
    0x2000b921   COMPRESSED   0x00000001   PAD
    0x2000b922        -       0x00000002   Zero   RW          922    .bss.imu660ra_gyro_x  zf_device_imu660ra.o
    0x2000b924        -       0x00000002   Zero   RW          923    .bss.imu660ra_gyro_y  zf_device_imu660ra.o
    0x2000b926        -       0x00000002   Zero   RW          924    .bss.imu660ra_gyro_z  zf_device_imu660ra.o
    0x2000b928        -       0x00000004   Zero   RW          249    .bss.interrupt_nest_count  zf_common_interrupt.o
    0x2000b92c        -       0x00000001   Zero   RW         1086    .bss.ips200_display_dir  zf_device_ips200.o
    0x2000b92d        -       0x00000001   Zero   RW         1081    .bss.ips200_display_type  zf_device_ips200.o
    0x2000b92e        -       0x00000001   Zero   RW         2747    .bss.is_clear_flag  auto_menu.o
    0x2000b92f        -       0x00000001   Zero   RW         2462    .bss.key1_state     key.o
    0x2000b930        -       0x00000001   Zero   RW         2463    .bss.key1_state_last  key.o
    0x2000b931        -       0x00000001   Zero   RW         2466    .bss.key2_state     key.o
    0x2000b932        -       0x00000001   Zero   RW         2467    .bss.key2_state_last  key.o
    0x2000b933        -       0x00000001   Zero   RW         2470    .bss.key3_state     key.o
    0x2000b934        -       0x00000001   Zero   RW         2471    .bss.key3_state_last  key.o
    0x2000b935        -       0x00000001   Zero   RW         2474    .bss.key4_state     key.o
    0x2000b936        -       0x00000001   Zero   RW         2475    .bss.key4_state_last  key.o
    0x2000b937        -       0x00000001   Zero   RW         1166    .bss.mt9v03x_finish_flag  zf_device_mt9v03x.o
    0x2000b938        -       0x00000004   Zero   RW         2789    .bss.mt9v03x_h_blank  zf_device_config.lib(zf_device_config.o)
    0x2000b93c        -       0x00000010   Zero   RW         2787    .bss.mt9v03x_iic_inf_struct  zf_device_config.lib(zf_device_config.o)
    0x2000b94c        -       0x00005820   Zero   RW         1172    .bss.mt9v03x_image  zf_device_mt9v03x.o
    0x2001116c        -       0x00000014   Zero   RW         2788    .bss.mt9v03x_init_config  zf_device_config.lib(zf_device_config.o)
    0x20011180        -       0x00000004   Zero   RW         2790    .bss.mt9v03x_v_blank  zf_device_config.lib(zf_device_config.o)
    0x20011184        -       0x00000002   Zero   RW         1169    .bss.mt9v03x_version  zf_device_mt9v03x.o
    0x20011186        -       0x000000c8   Zero   RW         2759    .bss.my_index       auto_menu.o
    0x2001124e   COMPRESSED   0x00000002   PAD
    0x20011250        -       0x00000fa0   Zero   RW         2754    .bss.my_menu_unit   auto_menu.o
    0x200121f0        -       0x000004b0   Zero   RW         2756    .bss.my_param_set   auto_menu.o
    0x200126a0        -       0x00000004   Zero   RW         2760    .bss.p_index_xy_dad  auto_menu.o
    0x200126a4        -       0x00000004   Zero   RW         2761    .bss.p_index_xy_son  auto_menu.o
    0x200126a8        -       0x00000004   Zero   RW         2757    .bss.p_unit         auto_menu.o
    0x200126ac        -       0x00000004   Zero   RW         2758    .bss.p_unit_last    auto_menu.o
    0x200126b0        -       0x00000001   Zero   RW         2659    .bss.stage_L        image.o
    0x200126b1        -       0x00000001   Zero   RW         2658    .bss.stage_R        image.o
    0x200126b2   COMPRESSED   0x00000002   PAD
    0x200126b4        -       0x00000004   Zero   RW         2755    .bss.static_cnt     auto_menu.o
    0x200126b8        -       0x00000008   Zero   RW          655    .bss.timer_function_state  zf_driver_timer.o
    0x200126c0        -       0x00000008   Zero   RW          656    .bss.timer_mode_state  zf_driver_timer.o
    0x200126c8        -       0x00000200   Zero   RW         1373    .bss.tsl1401_data   zf_device_tsl1401.o
    0x200128c8        -       0x00000001   Zero   RW         1374    .bss.tsl1401_finish_flag  zf_device_tsl1401.o
    0x200128c9        -       0x00000001   Zero   RW         1372    .bss.tsl1401_init_state  zf_device_tsl1401.o
    0x200128ca        -       0x00000008   Zero   RW          683    .bss.uart_interrupt_state  zf_driver_uart.o
    0x200128d2   COMPRESSED   0x00000002   PAD
    0x200128d4        -       0x00000004   Zero   RW         2753    .bss.unit_param_set.dad  auto_menu.o
    0x200128d8        -       0x00000004   Zero   RW         2752    .bss.unit_param_set.p_middle  auto_menu.o
    0x200128dc        -       0x00000004   Zero   RW         2766    .bss.view_state     auto_menu.o
    0x200128e0        -       0x00000001   Zero   RW          137    .bss.zf_debug_init_flag  zf_common_debug.o


    Execution Region ARM_LIB_HEAP (Exec base: 0x200128e4, Load base: 0x0800fe08, Size: 0x00000400, Max: 0x00000400, ABSOLUTE)

    Exec Addr    Load Addr    Size         Type   Attr      Idx    E Section Name        Object

    0x200128e4        -       0x00000400   Zero   RW            1    ARM_LIB_HEAP.bss    anon$$obj.o


    Execution Region ARM_LIB_STACK (Exec base: 0x2001e000, Load base: 0x0800fe08, Size: 0x00002000, Max: 0x00002000, ABSOLUTE)

    Exec Addr    Load Addr    Size         Type   Attr      Idx    E Section Name        Object

    0x2001e000        -       0x00002000   Zero   RW            2    ARM_LIB_STACK.bss   anon$$obj.o


==============================================================================

Image component sizes


      Code (inc. data)   RO Data    RW Data    ZI Data      Debug   Object Name

      5868          0        194          8       5448       9982   auto_menu.o
        92          0          0          0          2       1867   buzzer.o
       478          0          0          0         12       1662   encoder.o
      7350          0          5          6        397      12401   image.o
      1728          0          0          0          0       6490   isr.o
       866          0          0          0         10       3319   key.o
       612          0         16          0          0       2055   main.o
       268          0          0          0          0       3254   motor.o
       336          0          0        172          4       2545   pid.o
        36          8        400          0          0        832   startup_mm32f3277g.o
        16          0          0          0          0        405   system_mm32f3277g.o
       944          0          0          0          4       3321   yudeal.o
       796          0          0          4          0       2892   zf_common_clock.o
      1614          0        274          1         22       8144   zf_common_debug.o
      1602          0         43          0          0       5412   zf_common_fifo.o
         0          0       2072          0          0        721   zf_common_font.o
      1064          0         47          0          0       8015   zf_common_function.o
       392          0          0          0          4       4629   zf_common_interrupt.o
       230          0          0          0         32       5176   zf_device_camera.o
       166          0          0          2         17       7674   zf_device_dl1a.o
       314          4          0          2          6       3515   zf_device_dm1xa.o
       314          0          8          0        284       8133   zf_device_gps_tau1201.o
       800          0         95          8          6       4582   zf_device_imu660ra.o
      5088          4         45         12          2      12084   zf_device_ips200.o
      1258          0         98         77      67683       7052   zf_device_mt9v03x.o
       224          0          0          0        514       3500   zf_device_tsl1401.o
       140          0          0         16          1       1508   zf_device_type.o
       150          0          0          8          2       4678   zf_driver_adc.o
       154          0         44          0          0       1185   zf_driver_delay.o
       490         22          0          8          0       4102   zf_driver_dma.o
      1072         32         46          8          0       5928   zf_driver_encoder.o
       672         28          0          0          0       5098   zf_driver_exti.o
       918          0         44          0       1024       3657   zf_driver_flash.o
      1016          0          0         32          0       4795   zf_driver_gpio.o
       306          8         42          0          0       5073   zf_driver_pit.o
       900         16         42          0          0       5347   zf_driver_pwm.o
      2204          0         47          0          0       8777   zf_driver_soft_iic.o
      1872          4         42          8          0       8651   zf_driver_spi.o
       944         32         44          0         16       7402   zf_driver_timer.o
      1150          8         43         40          8       7454   zf_driver_uart.o

    ----------------------------------------------------------------------
     44704        166       3724        424      84740     203317   Object Totals
         0          0         32          0       9216          0   (incl. Generated)
       260          0          1         12         26          0   (incl. Padding)

    ----------------------------------------------------------------------

      Code (inc. data)   RO Data    RW Data    ZI Data      Debug   Library Member Name

        86          0          0          0          0          0   __dczerorl2.o
         0          0          0          0          0          0   entry.o
         0          0          0          0          0          0   entry10a.o
         0          0          0          0          0          0   entry11a.o
         8          4          0          0          0          0   entry4.o
         4          0          0          0          0          0   entry5.o
         0          0          0          0          0          0   entry7b.o
         0          0          0          0          0          0   entry8b.o
         8          4          0          0          0          0   entry9a.o
        30          0          0          0          0          0   handlers.o
        48         10          0          0          0         68   init.o
         0          0          0          0          0          0   iusefp.o
        30          0          0          0          0         68   llshl.o
        36          0          0          0          0         68   llsshr.o
        32          0          0          0          0         68   llushr.o
       188         20          0          0          0        160   malloc2.o
        36          0          0          0          0         68   memcpya.o
        36          0          0          0          0        108   memseta.o
         0          0          0          8          0          0   mvars.o
      2276         86          0          0          0        520   printfa.o
        36         10          0          4          0        136   rand.o
        18          0          0          0          0         68   strcpy.o
        14          0          0          0          0         68   strlen.o
        30          0          0          0          0         80   strncmp.o
        44          0          0          0          0         80   uidiv.o
        98          0          0          0          0         92   uldiv.o
        48          0          0          0          0         68   cdrcmple.o
        56          0          0          0          0         88   d2f.o
       334          0          0          0          0        148   dadd.o
        56          0          0          0          0         80   dcmpeq.o
       222          0          0          0          0        100   ddiv.o
       186          0          0          0          0        176   depilogue.o
        62          0          0          0          0         80   dfixi.o
        48          0          0          0          0         68   dfixul.o
       228          0          0          0          0         96   dmul.o
        38          0          0          0          0         68   f2d.o
       176          0          0          0          0        140   fadd.o
        28          0          0          0          0         68   fcmpge.o
        28          0          0          0          0         68   fcmple.o
       124          0          0          0          0         88   fdiv.o
       110          0          0          0          0        168   fepilogue.o
        50          0          0          0          0         68   ffixi.o
        18          0          0          0          0         68   fflti.o
        10          0          0          0          0         68   ffltui.o
       100          0          0          0          0         76   fmul.o
      2588          0       8192          0         44       3849   zf_device_config.o

    ----------------------------------------------------------------------
      7576        134       8192         12         44       7285   Library Totals
         8          0          0          0          0          0   (incl. Padding)

    ----------------------------------------------------------------------

      Code (inc. data)   RO Data    RW Data    ZI Data      Debug   Library Name

      3058        134          0         12          0       1652   mc_w.l
      1922          0          0          0          0       1784   mf_w.l
      2588          0       8192          0         44       3849   zf_device_config.lib

    ----------------------------------------------------------------------
      7576        134       8192         12         44       7285   Library Totals

    ----------------------------------------------------------------------

==============================================================================


      Code (inc. data)   RO Data    RW Data    ZI Data      Debug   

     52280        300      11916        436      84784     208150   Grand Totals
     52280        300      11916        212      84784     208150   ELF Image Totals (compressed)
     52280        300      11916        212          0          0   ROM Totals

==============================================================================

    Total RO  Size (Code + RO Data)                64196 (  62.69kB)
    Total RW  Size (RW Data + ZI Data)             85220 (  83.22kB)
    Total ROM Size (Code + RO Data + RW Data)      64408 (  62.90kB)

==============================================================================

